00:00.296  blend            | Read blend: "E:\game-dev-team\assets\npc_elder\_work\elder_work.blend"

FBX export starting... 'E:/game-dev-team/assets/npc_elder/SK_Elder_Head.fbx'
export finished in 0.0111 sec.
EXPORTED E:/game-dev-team/assets/npc_elder/SK_Elder_Head.fbx (70.4 KB)

FBX export starting... 'E:/game-dev-team/assets/npc_elder/SK_Elder_Torso.fbx'
export finished in 0.0105 sec.
EXPORTED E:/game-dev-team/assets/npc_elder/SK_Elder_Torso.fbx (83.7 KB)

FBX export starting... 'E:/game-dev-team/assets/npc_elder/SK_Elder_Legs.fbx'
export finished in 0.0078 sec.
EXPORTED E:/game-dev-team/assets/npc_elder/SK_Elder_Legs.fbx (68.0 KB)
FBX version: 7300
  armature RootAnim applied: C_Neck local z=1.461 (expect ~1.461)

REFERENCE bones=21
FBX version: 7400
  armature RootAnim applied: C_Neck local z=1.461 (expect ~1.461)
VERIFY SK_Elder_Head        bones=21 names_match=True rest_maxdelta=0.00002 tris=284 verts=168 vgroups=2 unweighted=0 vcol=[('Col', 'CORNER', 'BYTE_COLOR')] uv=['UVMap'] z=[1.520..1.864] -> PASS
FBX version: 7400
  armature RootAnim applied: C_Neck local z=1.461 (expect ~1.461)
VERIFY SK_Elder_Torso       bones=21 names_match=True rest_maxdelta=0.00002 tris=594 verts=364 vgroups=16 unweighted=0 vcol=[('Col', 'CORNER', 'BYTE_COLOR')] uv=['UVMap'] z=[0.900..1.549] -> PASS
FBX version: 7400
  armature RootAnim applied: C_Neck local z=1.461 (expect ~1.461)
VERIFY SK_Elder_Legs        bones=21 names_match=True rest_maxdelta=0.00002 tris=260 verts=159 vgroups=12 unweighted=0 vcol=[('Col', 'CORNER', 'BYTE_COLOR')] uv=['UVMap'] z=[0.000..0.907] -> PASS

ROUNDTRIP ALL PASS
Blender 5.1.2 (hash ec6e62d40fa9 built 2026-05-19 01:37:34)

Blender quit
