00:01.109  blend            | Read blend: "E:\game-dev-team\assets\npc_elder\_work\elder_work.blend"
00:01.219  blend            | Read blend: "E:\game-dev-team\assets\npc_elder\_work\elder_work.blend"
00:01.281  blend            | Read blend: "E:\game-dev-team\assets\npc_elder\_work\elder_work.blend"

FBX export starting... 'E:/game-dev-team/assets/npc_elder/_diag_export/SK_Elder_Legs_v1_linear.fbx'
export finished in 0.0355 sec.
EXPORTED E:/game-dev-team/assets/npc_elder/_diag_export/SK_Elder_Legs_v1_linear.fbx colors_type=LINEAR (68.0 KB)

FBX export starting... 'E:/game-dev-team/assets/npc_elder/_diag_export/SK_Elder_Legs_v2_srgb.fbx'
export finished in 0.0349 sec.
EXPORTED E:/game-dev-team/assets/npc_elder/_diag_export/SK_Elder_Legs_v2_srgb.fbx colors_type=SRGB (68.0 KB)

FBX export starting... 'E:/game-dev-team/assets/npc_elder/_diag_export/SK_Elder_Legs_v3_none.fbx'
export finished in 0.0306 sec.
EXPORTED E:/game-dev-team/assets/npc_elder/_diag_export/SK_Elder_Legs_v3_none.fbx colors_type=NONE (67.4 KB)

=== RE-IMPORT PROXY (authority = UE) ===
FBX version: 7400
  v1_linear  colors_type=LINEAR  black=780/780(100%) top=[((0.01, 0.0, 0.0), 654), ((0.0, 0.0, 0.0), 126)]
FBX version: 7400
  v2_srgb    colors_type=SRGB    black=0/780(0%) top=[((0.06, 0.06, 0.05), 546), ((0.1, 0.05, 0.02), 108), ((0.03, 0.02, 0.01), 72)]
FBX version: 7400
  v3_none    NO COLOR ATTR (control)
PROBE DONE
Blender 5.1.2 (hash ec6e62d40fa9 built 2026-05-19 01:37:34)

Blender quit
