00:00.485  blend            | Read blend: "E:\ForGameLead(Materials)\phase3-assets\_build\wolf.blend"
00:00.516  blend            | Read blend: "E:\game-dev-team\assets\anim_wolf\_work\_qc_wolf_death.blend"
SRC OBJ SK_Wolf MESH parent WolfRig loc (0.0, 0.0, 0.0) rot (0.0, -0.0, 0.0) scl (1.0, 1.0, 1.0)
SRC   tris 616 verts 324 x -0.245..0.245 y -0.920..0.860 z 0.000..1.008 uv ['UVMap'] cols ['Col'] mats ['M_Wolf'] groups 22 mods [('ARMATURE', 'WolfRig')]
SRC OBJ WolfRig ARMATURE parent None loc (0.0, 0.0, 0.0) rot (0.0, -0.0, 0.0) scl (1.0, 1.0, 1.0)
SRC   BONE root          parent=-             head=(0.000,0.000,0.058) tail=(0.000,-0.200,0.058) connect=False
SRC   BONE hips          parent=root          head=(0.000,-0.420,0.678) tail=(0.000,-0.100,0.756) connect=False
SRC   BONE spine         parent=hips          head=(0.000,-0.100,0.756) tail=(0.000,0.150,0.766) connect=True
SRC   BONE chest         parent=spine         head=(0.000,0.150,0.766) tail=(0.000,0.380,0.756) connect=True
SRC   BONE neck          parent=chest         head=(0.000,0.380,0.756) tail=(0.000,0.550,0.836) connect=True
SRC   BONE head          parent=neck          head=(0.000,0.550,0.836) tail=(0.000,0.780,0.718) connect=True
SRC   BONE shoulder_L    parent=chest         head=(0.094,0.300,0.658) tail=(0.135,0.300,0.576) connect=False
SRC   BONE frontupper_L  parent=shoulder_L    head=(0.135,0.300,0.576) tail=(0.135,0.330,0.376) connect=True
SRC   BONE frontlower_L  parent=frontupper_L  head=(0.135,0.330,0.376) tail=(0.135,0.170,0.246) connect=True
SRC   BONE frontpaw_L    parent=frontlower_L  head=(0.135,0.170,0.246) tail=(0.135,0.020,0.058) connect=True
SRC   BONE shoulder_R    parent=chest         head=(-0.094,0.300,0.658) tail=(-0.135,0.300,0.576) connect=False
SRC   BONE frontupper_R  parent=shoulder_R    head=(-0.135,0.300,0.576) tail=(-0.135,0.330,0.376) connect=True
SRC   BONE frontlower_R  parent=frontupper_R  head=(-0.135,0.330,0.376) tail=(-0.135,0.170,0.246) connect=True
SRC   BONE frontpaw_R    parent=frontlower_R  head=(-0.135,0.170,0.246) tail=(-0.135,0.020,0.058) connect=True
SRC   BONE tail_01       parent=hips          head=(0.000,-0.500,0.658) tail=(0.000,-0.700,0.576) connect=False
SRC   BONE tail_02       parent=tail_01       head=(0.000,-0.700,0.576) tail=(0.000,-0.900,0.398) connect=True
SRC   BONE thigh_L       parent=hips          head=(0.101,-0.360,0.658) tail=(0.145,-0.400,0.456) connect=False
SRC   BONE shin_L        parent=thigh_L       head=(0.145,-0.400,0.456) tail=(0.145,-0.300,0.246) connect=True
SRC   BONE rearpaw_L     parent=shin_L        head=(0.145,-0.300,0.246) tail=(0.145,-0.220,0.058) connect=True
SRC   BONE thigh_R       parent=hips          head=(-0.101,-0.360,0.658) tail=(-0.145,-0.400,0.456) connect=False
SRC   BONE shin_R        parent=thigh_R       head=(-0.145,-0.400,0.456) tail=(-0.145,-0.300,0.246) connect=True
SRC   BONE rearpaw_R     parent=shin_R        head=(-0.145,-0.300,0.246) tail=(-0.145,-0.220,0.058) connect=True
SRC   action None
SRC ACTIONS [('Anim_Wolf_Bite', (1.0, 20.0)), ('Anim_Wolf_Idle', (1.0, 48.0)), ('Anim_Wolf_Run', (1.0, 16.0))] fps 24
DEATH OBJ SK_Wolf MESH parent WolfRig loc (0.0, 0.0, 0.0) rot (0.0, -0.0, 0.0) scl (1.0, 1.0, 1.0)
DEATH   tris 616 verts 324 x -0.245..0.245 y -0.920..0.860 z 0.000..1.008 uv ['UVMap'] cols ['Col'] mats ['M_Wolf'] groups 22 mods [('ARMATURE', 'WolfRig')]
DEATH OBJ WolfRig ARMATURE parent None loc (0.0, 0.0, 0.0) rot (0.0, -0.0, 0.0) scl (1.0, 1.0, 1.0)
DEATH   BONE root          parent=-             head=(0.000,0.000,0.058) tail=(0.000,-0.200,0.058) connect=False
DEATH   BONE hips          parent=root          head=(0.000,-0.420,0.678) tail=(0.000,-0.100,0.756) connect=False
DEATH   BONE spine         parent=hips          head=(0.000,-0.100,0.756) tail=(0.000,0.150,0.766) connect=True
DEATH   BONE chest         parent=spine         head=(0.000,0.150,0.766) tail=(0.000,0.380,0.756) connect=True
DEATH   BONE neck          parent=chest         head=(0.000,0.380,0.756) tail=(0.000,0.550,0.836) connect=True
DEATH   BONE head          parent=neck          head=(0.000,0.550,0.836) tail=(0.000,0.780,0.718) connect=True
DEATH   BONE shoulder_L    parent=chest         head=(0.094,0.300,0.658) tail=(0.135,0.300,0.576) connect=False
DEATH   BONE frontupper_L  parent=shoulder_L    head=(0.135,0.300,0.576) tail=(0.135,0.330,0.376) connect=True
DEATH   BONE frontlower_L  parent=frontupper_L  head=(0.135,0.330,0.376) tail=(0.135,0.170,0.246) connect=True
DEATH   BONE frontpaw_L    parent=frontlower_L  head=(0.135,0.170,0.246) tail=(0.135,0.020,0.058) connect=True
DEATH   BONE shoulder_R    parent=chest         head=(-0.094,0.300,0.658) tail=(-0.135,0.300,0.576) connect=False
DEATH   BONE frontupper_R  parent=shoulder_R    head=(-0.135,0.300,0.576) tail=(-0.135,0.330,0.376) connect=True
DEATH   BONE frontlower_R  parent=frontupper_R  head=(-0.135,0.330,0.376) tail=(-0.135,0.170,0.246) connect=True
DEATH   BONE frontpaw_R    parent=frontlower_R  head=(-0.135,0.170,0.246) tail=(-0.135,0.020,0.058) connect=True
DEATH   BONE tail_01       parent=hips          head=(0.000,-0.500,0.658) tail=(0.000,-0.700,0.576) connect=False
DEATH   BONE tail_02       parent=tail_01       head=(0.000,-0.700,0.576) tail=(0.000,-0.900,0.398) connect=True
DEATH   BONE thigh_L       parent=hips          head=(0.101,-0.360,0.658) tail=(0.145,-0.400,0.456) connect=False
DEATH   BONE shin_L        parent=thigh_L       head=(0.145,-0.400,0.456) tail=(0.145,-0.300,0.246) connect=True
DEATH   BONE rearpaw_L     parent=shin_L        head=(0.145,-0.300,0.246) tail=(0.145,-0.220,0.058) connect=True
DEATH   BONE thigh_R       parent=hips          head=(-0.101,-0.360,0.658) tail=(-0.145,-0.400,0.456) connect=False
DEATH   BONE shin_R        parent=thigh_R       head=(-0.145,-0.400,0.456) tail=(-0.145,-0.300,0.246) connect=True
DEATH   BONE rearpaw_R     parent=shin_R        head=(-0.145,-0.300,0.246) tail=(-0.145,-0.220,0.058) connect=True
DEATH   action Anim_Wolf_Death
DEATH ACTIONS [('Anim_Wolf_Bite', (1.0, 20.0)), ('Anim_Wolf_Death', (1.0, 32.0)), ('Anim_Wolf_Idle', (1.0, 48.0)), ('Anim_Wolf_Run', (1.0, 16.0))] fps 30
20:17:38 | INFO: Data are loaded, start creating Blender stuff
20:17:38 | INFO: Blender create Mesh node tripo_mesh_b5d90fd0-4c29-4d66-80f4-a08659440a5f
20:17:38 | INFO: glTF import finished in 0.01s
00:02.125  render           | Saved: 'E:\game-dev-team\assets\wolf_tripo\_work\_look\raw_px.png'
00:02.391  render           | Saved: 'E:\game-dev-team\assets\wolf_tripo\_work\_look\raw_mx.png'
00:02.672  render           | Saved: 'E:\game-dev-team\assets\wolf_tripo\_work\_look\raw_py.png'
00:02.938  render           | Saved: 'E:\game-dev-team\assets\wolf_tripo\_work\_look\raw_my.png'
00:03.328  render           | Saved: 'E:\game-dev-team\assets\wolf_tripo\_work\_look\raw_top.png'
00:03.688  render           | Saved: 'E:\game-dev-team\assets\wolf_tripo\_work\_look\raw_q.png'
GLB OBJ tripo_node_b5d90fd0-4c29-4d66-80f4-a08659440a5f MESH parent None loc (0.0, 0.0, 0.0) rot (0.0, -0.0, 0.0) scl (2.141, 2.141, 2.141)
GLB   tris 976 verts 1015 x -1.068..1.068 y -0.270..0.270 z -0.600..0.600 uv ['UVMap'] cols [] mats ['tripo_material_b5d90fd0-4c29-4d66-80f4-a08659440a5f'] groups 0 mods []
GLB ACTIONS [] fps 24
IMG Color_b5d90fd0-4c29-4d66-80f4-a08659440a5f (2048, 2048)
RENDER E:/game-dev-team/assets/wolf_tripo/_work/_look/raw_px.png
RENDER E:/game-dev-team/assets/wolf_tripo/_work/_look/raw_mx.png
RENDER E:/game-dev-team/assets/wolf_tripo/_work/_look/raw_py.png
RENDER E:/game-dev-team/assets/wolf_tripo/_work/_look/raw_my.png
RENDER E:/game-dev-team/assets/wolf_tripo/_work/_look/raw_top.png
RENDER E:/game-dev-team/assets/wolf_tripo/_work/_look/raw_q.png
Blender 5.1.2 (hash ec6e62d40fa9 built 2026-05-19 01:37:34)

Blender quit
