00:00.360  blend            | Read blend: "E:\game-dev-team\assets\hero_tripo\_work\hero_work.blend"
BONE C_Root             head=(-0.000,-0.001,0.839) tail=(-0.000,-0.001,1.094)
BONE C_Spine01          head=(-0.000,-0.001,1.094) tail=(-0.000,-0.001,1.340)
BONE L_UpperArm         head=(-0.000,-0.001,1.340) tail=(0.286,-0.001,1.342)
BONE L_Shoulder         head=(0.286,-0.001,1.342) tail=(0.631,-0.001,1.336)
BONE L_Arm              head=(0.631,-0.001,1.336) tail=(0.898,-0.001,1.336)
BONE L_Hand             head=(0.898,-0.001,1.336) tail=(1.160,-0.001,1.289)
BONE R_UpperArm         head=(-0.000,-0.001,1.340) tail=(-0.286,-0.001,1.342)
BONE R_Arm              head=(-0.286,-0.001,1.342) tail=(-0.631,-0.001,1.336)
BONE Pelvis_009_R_002   head=(-0.631,-0.001,1.336) tail=(-0.898,-0.001,1.336)
BONE R_Hand             head=(-0.898,-0.001,1.336) tail=(-1.160,-0.001,1.289)
BONE C_Spine02          head=(-0.000,-0.001,1.340) tail=(-0.000,-0.001,1.461)
BONE C_Neck             head=(-0.000,-0.001,1.461) tail=(-0.000,-0.001,1.532)
BONE C_Head             head=(-0.000,-0.001,1.532) tail=(-0.000,-0.001,1.603)
BONE L_Pelvis           head=(-0.000,-0.001,0.839) tail=(0.105,-0.001,0.837)
BONE L_Thigh            head=(0.105,-0.001,0.837) tail=(0.126,-0.001,0.458)
BONE L_Claf             head=(0.126,-0.001,0.458) tail=(0.149,-0.001,0.037)
BONE L_Foot             head=(0.149,-0.001,0.037) tail=(0.149,-0.423,0.033)
BONE R_Pelvis           head=(-0.000,-0.001,0.839) tail=(-0.105,-0.001,0.837)
BONE R_Thigh            head=(-0.105,-0.001,0.837) tail=(-0.126,-0.001,0.458)
BONE R_Claf             head=(-0.126,-0.001,0.458) tail=(-0.149,-0.001,0.037)
BONE R_Foot             head=(-0.149,-0.001,0.037) tail=(-0.149,-0.423,0.033)
T0 height 1.823 x=[-0.993..0.993] y=[-0.192..0.196]
T0 z=0.800 half-width x=0.194 y=[None..None]
T0 z=0.860 half-width x=0.187 y=[-0.126..0.149]
T0 z=0.900 half-width x=0.218 y=[-0.170..0.163]
T0 z=0.905 half-width x=0.218 y=[-0.169..0.195]
T0 z=0.910 half-width x=0.218 y=[-0.169..0.195]
T0 z=0.950 half-width x=0.210 y=[-0.164..0.187]
T0 z=1.000 half-width x=0.209 y=[-0.178..0.175]
T0 z=1.100 half-width x=0.218 y=[-0.164..0.158]
T0 z=1.200 half-width x=0.245 y=[-0.166..0.173]
T0 z=1.300 half-width x=0.872 y=[-0.146..0.180]
T0 z=1.400 half-width x=0.675 y=[-0.095..0.150]
T0 z=1.460 half-width x=0.141 y=[-0.059..0.112]
T0 z=1.500 half-width x=0.069 y=[-0.069..0.072]
T0 z=1.532 half-width x=0.072 y=[-0.124..0.062]
T0 z=1.540 half-width x=0.072 y=[-0.127..0.058]
T0 z=1.549 half-width x=0.071 y=[-0.127..0.055]
T0 z=1.580 half-width x=0.073 y=[-0.129..0.058]
T0 z=1.650 half-width x=0.098 y=[-0.128..0.100]
T0 z=1.750 half-width x=0.097 y=[-0.118..0.093]
T0 ring z=0.905 r(theta, 15deg steps from +X)=['0.182', '0.182', '0.192', '0.186', '0.189', '0.170', '0.165', '0.171', '0.191', '0.187', '0.192', '0.183', '0.182', '0.184', '0.169', '0.168', '0.155', '0.141', '0.138', '0.142', '0.156', '0.167', '0.168', '0.184']
T0 ring z=1.540 r(theta, 15deg steps from +X)=['0.072', '0.064', '0.062', '0.063', '0.063', '0.058', '0.058', '0.062', '0.064', '0.059', '0.058', '0.062', '0.070', '0.070', '0.066', '0.066', '0.081', '0.130', '0.127', '0.129', '0.094', '0.071', '0.064', '0.066']
T0 leg z=0.30 x=[0.047..0.202] y=[-0.051..0.115]
T0 leg z=0.50 x=[0.044..0.212] y=[-0.101..0.088]
T0 leg z=0.70 x=[0.024..0.202] y=[-0.119..0.107]
T0 leg z=0.80 x=[0.012..0.194] y=[-0.122..0.118]
T0 arm x=0.35 z=[1.249..1.446]
T0 arm x=0.50 z=[1.260..1.420]
T0 arm x=0.70 z=[1.275..1.398]
T0 arm x=0.85 z=[1.295..1.372]
19:20:42 | INFO: Data are loaded, start creating Blender stuff
19:20:42 | INFO: Blender create Mesh node tripo_mesh_b7c73705-313c-4ed5-b279-114a6ee3fbd6
19:20:42 | INFO: glTF import finished in 0.01s
NEW shift 0.0017612501978874207 -0.036225048661231996 0.8999999761581421
NEW height 1.800 x=[-0.856..0.859] y=[-0.235..0.163]
NEW crotch <Vector (0.0000, -0.0010, 0.7987)>
NECK/HEAD profile
 z=1.30 x=[-0.207..0.214] y=[-0.123..0.157]
 z=1.31 x=[-0.219..0.224] y=[-0.122..0.158]
 z=1.32 x=[-0.227..0.234] y=[-0.121..0.159]
 z=1.33 x=[-0.264..0.281] y=[-0.120..0.159]
 z=1.34 x=[-0.338..0.361] y=[-0.119..0.158]
 z=1.35 x=[-0.484..0.471] y=[-0.116..0.157]
 z=1.36 x=[-0.531..0.524] y=[-0.114..0.156]
 z=1.37 x=[-0.578..0.573] y=[-0.112..0.155]
 z=1.38 x=[-0.601..0.603] y=[-0.109..0.153]
 z=1.39 x=[-0.648..0.650] y=[-0.107..0.152]
 z=1.40 x=[-0.647..0.650] y=[-0.104..0.151]
 z=1.41 x=[-0.829..0.770] y=[-0.098..0.150]
 z=1.42 x=[-0.832..0.771] y=[-0.093..0.149]
 z=1.43 x=[-0.815..0.743] y=[-0.087..0.145]
 z=1.44 x=[-0.778..0.651] y=[-0.081..0.139]
 z=1.45 x=[-0.647..0.651] y=[-0.074..0.133]
 z=1.46 x=[-0.646..0.647] y=[-0.071..0.127]
 z=1.47 x=[-0.602..0.586] y=[-0.069..0.121]
 z=1.48 x=[-0.348..0.338] y=[-0.066..0.113]
 z=1.49 x=[-0.154..0.237] y=[-0.064..0.104]
 z=1.50 x=[-0.109..0.110] y=[-0.073..0.096]
 z=1.51 x=[-0.105..0.106] y=[-0.130..0.089]
 z=1.52 x=[-0.089..0.091] y=[-0.136..0.089]
 z=1.53 x=[-0.063..0.063] y=[-0.135..0.087]
 z=1.54 x=[-0.065..0.065] y=[-0.135..0.075]
 z=1.55 x=[-0.066..0.066] y=[-0.134..0.057]
 z=1.56 x=[-0.067..0.067] y=[-0.133..0.060]
 z=1.57 x=[-0.068..0.068] y=[-0.135..0.064]
 z=1.58 x=[-0.072..0.072] y=[-0.136..0.067]
 z=1.59 x=[-0.074..0.076] y=[-0.149..0.070]
 z=1.60 x=[-0.077..0.098] y=[-0.151..0.073]
 z=1.61 x=[-0.101..0.106] y=[-0.147..0.076]
 z=1.62 x=[-0.102..0.105] y=[-0.143..0.079]
 z=1.63 x=[-0.101..0.104] y=[-0.138..0.093]
 z=1.64 x=[-0.100..0.104] y=[-0.136..0.094]
 z=1.65 x=[-0.088..0.101] y=[-0.134..0.095]
 z=1.66 x=[-0.098..0.102] y=[-0.132..0.095]
 z=1.67 x=[-0.098..0.102] y=[-0.130..0.096]
 z=1.68 x=[-0.097..0.102] y=[-0.128..0.097]
 z=1.69 x=[-0.097..0.103] y=[-0.126..0.098]
 z=1.70 x=[-0.097..0.103] y=[-0.123..0.097]
 z=1.71 x=[-0.097..0.103] y=[-0.234..0.095]
 z=1.72 x=[-0.096..0.101] y=[-0.137..0.093]
 z=1.73 x=[-0.092..0.098] y=[-0.132..0.091]
 z=1.74 x=[-0.089..0.096] y=[-0.127..0.089]
 z=1.75 x=[-0.086..0.093] y=[-0.123..0.086]
 z=1.76 x=[-0.082..0.091] y=[-0.117..0.084]
 z=1.77 x=[-0.068..0.065] y=[-0.110..0.049]
 z=1.78 x=[-0.018..0.021] y=[-0.102..0.010]
 z=1.79 x=[None..None] y=[-0.095..-0.037]
 z=1.80 x=[None..None] y=[None..None]
 z=1.81 x=[None..None] y=[None..None]
TORSO profile
 z=0.70 half-width x=0.208 y(x=0)=[None..None] y(x=.12)=[-0.097..0.083]
 z=0.72 half-width x=0.207 y(x=0)=[None..None] y(x=.12)=[-0.099..0.084]
 z=0.74 half-width x=0.204 y(x=0)=[None..None] y(x=.12)=[-0.101..0.085]
 z=0.76 half-width x=0.201 y(x=0)=[None..None] y(x=.12)=[-0.102..0.087]
 z=0.78 half-width x=0.199 y(x=0)=[None..None] y(x=.12)=[-0.103..0.088]
 z=0.80 half-width x=0.196 y(x=0)=[-0.032..0.008] y(x=.12)=[-0.104..0.088]
 z=0.82 half-width x=0.193 y(x=0)=[-0.090..0.100] y(x=.12)=[-0.104..0.090]
 z=0.84 half-width x=0.191 y(x=0)=[-0.109..0.115] y(x=.12)=[-0.102..0.094]
 z=0.86 half-width x=0.188 y(x=0)=[-0.120..0.127] y(x=.12)=[-0.100..0.100]
 z=0.88 half-width x=0.185 y(x=0)=[-0.123..0.127] y(x=.12)=[-0.099..0.102]
 z=0.90 half-width x=0.182 y(x=0)=[-0.124..0.127] y(x=.12)=[-0.098..0.103]
 z=0.92 half-width x=0.177 y(x=0)=[-0.125..0.128] y(x=.12)=[-0.097..0.101]
 z=0.94 half-width x=0.172 y(x=0)=[-0.126..0.126] y(x=.12)=[-0.093..0.093]
 z=0.96 half-width x=0.185 y(x=0)=[-0.126..0.124] y(x=.12)=[-0.126..0.088]
 z=0.98 half-width x=0.190 y(x=0)=[-0.129..0.150] y(x=.12)=[-0.125..0.118]
 z=1.00 half-width x=0.189 y(x=0)=[-0.129..0.147] y(x=.12)=[-0.124..0.116]
 z=1.02 half-width x=0.195 y(x=0)=[-0.140..0.149] y(x=.12)=[-0.135..0.121]
 z=1.04 half-width x=0.201 y(x=0)=[-0.145..0.163] y(x=.12)=[-0.136..0.133]
 z=1.06 half-width x=0.197 y(x=0)=[-0.143..0.159] y(x=.12)=[-0.134..0.129]
 z=1.08 half-width x=0.194 y(x=0)=[-0.141..0.155] y(x=.12)=[-0.131..0.125]
 z=1.10 half-width x=0.190 y(x=0)=[-0.138..0.152] y(x=.12)=[-0.129..0.120]
 z=1.12 half-width x=0.186 y(x=0)=[-0.137..0.148] y(x=.12)=[-0.127..0.115]
 z=1.14 half-width x=0.185 y(x=0)=[-0.135..0.146] y(x=.12)=[-0.125..0.113]
 z=1.16 half-width x=0.187 y(x=0)=[-0.134..0.147] y(x=.12)=[-0.124..0.115]
 z=1.18 half-width x=0.189 y(x=0)=[-0.133..0.148] y(x=.12)=[-0.122..0.117]
 z=1.20 half-width x=0.191 y(x=0)=[-0.132..0.150] y(x=.12)=[-0.121..0.118]
 z=1.22 half-width x=0.193 y(x=0)=[-0.131..0.151] y(x=.12)=[-0.120..0.119]
 z=1.24 half-width x=0.197 y(x=0)=[-0.129..0.152] y(x=.12)=[-0.119..0.121]
 z=1.26 half-width x=0.202 y(x=0)=[-0.127..0.154] y(x=.12)=[-0.118..0.125]
 z=1.28 half-width x=0.206 y(x=0)=[-0.125..0.155] y(x=.12)=[-0.116..0.128]
ARM profile
 x=0.15 th=0.000 zc=1.431 ydepth=[-0.080..0.120]
 x=0.16 th=0.000 zc=1.429 ydepth=[-0.080..0.120]
 x=0.17 th=0.374 zc=1.290 ydepth=[-0.080..0.100]
 x=0.18 th=0.377 zc=1.297 ydepth=[-0.075..0.084]
 x=0.19 th=0.389 zc=1.295 ydepth=[-0.058..0.060]
 x=0.20 th=0.246 zc=1.365 ydepth=[-0.075..0.100]
 x=0.21 th=0.200 zc=1.385 ydepth=[-0.076..0.097]
 x=0.22 th=0.192 zc=1.395 ydepth=[-0.077..0.096]
 x=0.23 th=0.181 zc=1.399 ydepth=[-0.079..0.095]
 x=0.24 th=0.172 zc=1.402 ydepth=[-0.083..0.094]
 x=0.25 th=0.168 zc=1.402 ydepth=[-0.083..0.092]
 x=0.26 th=0.162 zc=1.402 ydepth=[-0.083..0.090]
 x=0.27 th=0.158 zc=1.404 ydepth=[-0.082..0.089]
 x=0.28 th=0.154 zc=1.407 ydepth=[-0.081..0.088]
 x=0.29 th=0.151 zc=1.408 ydepth=[-0.080..0.087]
 x=0.30 th=0.149 zc=1.408 ydepth=[-0.080..0.086]
 x=0.31 th=0.148 zc=1.408 ydepth=[-0.080..0.083]
 x=0.32 th=0.146 zc=1.408 ydepth=[-0.081..0.081]
 x=0.33 th=0.145 zc=1.408 ydepth=[-0.082..0.078]
 x=0.34 th=0.143 zc=1.408 ydepth=[-0.083..0.076]
 x=0.35 th=0.140 zc=1.408 ydepth=[-0.084..0.073]
 x=0.36 th=0.137 zc=1.408 ydepth=[-0.084..0.071]
 x=0.37 th=0.134 zc=1.409 ydepth=[-0.085..0.069]
 x=0.38 th=0.132 zc=1.410 ydepth=[-0.085..0.066]
 x=0.39 th=0.130 zc=1.409 ydepth=[-0.086..0.064]
 x=0.40 th=0.128 zc=1.409 ydepth=[-0.087..0.061]
 x=0.41 th=0.126 zc=1.408 ydepth=[-0.082..0.058]
 x=0.42 th=0.129 zc=1.410 ydepth=[-0.079..0.058]
 x=0.43 th=0.131 zc=1.414 ydepth=[-0.074..0.058]
 x=0.44 th=0.129 zc=1.416 ydepth=[-0.070..0.057]
 x=0.45 th=0.129 zc=1.416 ydepth=[-0.074..0.055]
 x=0.46 th=0.131 zc=1.414 ydepth=[-0.078..0.054]
 x=0.47 th=0.133 zc=1.413 ydepth=[-0.083..0.053]
 x=0.48 th=0.131 zc=1.413 ydepth=[-0.087..0.052]
 x=0.49 th=0.128 zc=1.413 ydepth=[-0.086..0.051]
 x=0.50 th=0.126 zc=1.414 ydepth=[-0.086..0.050]
 x=0.51 th=0.123 zc=1.415 ydepth=[-0.085..0.049]
 x=0.52 th=0.121 zc=1.418 ydepth=[-0.083..0.049]
 x=0.53 th=0.119 zc=1.418 ydepth=[-0.083..0.048]
 x=0.54 th=0.117 zc=1.419 ydepth=[-0.082..0.047]
 x=0.55 th=0.115 zc=1.419 ydepth=[-0.081..0.046]
 x=0.56 th=0.113 zc=1.420 ydepth=[-0.080..0.045]
 x=0.57 th=0.111 zc=1.420 ydepth=[-0.079..0.044]
 x=0.58 th=0.109 zc=1.421 ydepth=[-0.079..0.043]
 x=0.59 th=0.107 zc=1.421 ydepth=[-0.077..0.041]
 x=0.60 th=0.098 zc=1.421 ydepth=[-0.071..0.037]
 x=0.61 th=0.090 zc=1.419 ydepth=[-0.072..0.030]
 x=0.62 th=0.090 zc=1.419 ydepth=[-0.072..0.029]
 x=0.63 th=0.090 zc=1.419 ydepth=[-0.073..0.029]
 x=0.64 th=0.090 zc=1.419 ydepth=[-0.075..0.028]
 x=0.65 th=0.070 zc=1.425 ydepth=[-0.061..0.028]
 x=0.66 th=0.038 zc=1.422 ydepth=[-0.073..0.001]
 x=0.67 th=0.041 zc=1.421 ydepth=[-0.087..0.001]
 x=0.68 th=0.045 zc=1.417 ydepth=[-0.099..0.001]
 x=0.69 th=0.044 zc=1.424 ydepth=[-0.115..0.001]
 x=0.70 th=0.043 zc=1.425 ydepth=[-0.105..0.002]
 x=0.71 th=0.042 zc=1.426 ydepth=[-0.092..0.003]
 x=0.72 th=0.040 zc=1.427 ydepth=[-0.084..0.003]
 x=0.73 th=0.039 zc=1.428 ydepth=[-0.087..0.004]
 x=0.74 th=0.038 zc=1.428 ydepth=[-0.089..0.003]
 x=0.75 th=0.037 zc=1.427 ydepth=[-0.090..0.002]
 x=0.76 th=0.036 zc=1.426 ydepth=[-0.092..0.001]
 x=0.77 th=0.035 zc=1.424 ydepth=[-0.093..0.000]
 x=0.78 th=0.033 zc=1.422 ydepth=[-0.095..-0.001]
 x=0.79 th=0.031 zc=1.422 ydepth=[-0.096..-0.003]
 x=0.80 th=0.029 zc=1.420 ydepth=[-0.097..-0.005]
 x=0.81 th=0.027 zc=1.418 ydepth=[-0.098..-0.010]
 x=0.82 th=0.027 zc=1.415 ydepth=[-0.098..-0.012]
 x=0.83 th=0.027 zc=1.412 ydepth=[-0.098..-0.012]
 x=0.84 th=0.026 zc=1.408 ydepth=[-0.099..-0.024]
 x=0.85 th=0.020 zc=1.409 ydepth=[-0.100..-0.047]
 x=0.86 None ydepth=[None..None]
 x=0.87 None ydepth=[None..None]
 x=0.88 None ydepth=[None..None]
 x=0.89 None ydepth=[None..None]
LEG profile (x>0)
 z=0.00 x=[None..None] y=[None..None]
 z=0.03 x=[0.151..0.261] y=[-0.168..0.114]
 z=0.06 x=[0.154..0.255] y=[-0.157..0.108]
 z=0.09 x=[0.155..0.244] y=[-0.060..0.106]
 z=0.12 x=[0.164..0.229] y=[-0.024..0.121]
 z=0.15 x=[0.146..0.237] y=[-0.022..0.132]
 z=0.18 x=[0.134..0.234] y=[-0.023..0.133]
 z=0.21 x=[0.139..0.238] y=[-0.031..0.126]
 z=0.24 x=[0.128..0.220] y=[-0.019..0.127]
 z=0.27 x=[0.119..0.229] y=[-0.025..0.122]
 z=0.30 x=[0.122..0.234] y=[-0.026..0.116]
 z=0.33 x=[0.114..0.226] y=[-0.026..0.113]
 z=0.36 x=[0.109..0.225] y=[-0.034..0.111]
 z=0.39 x=[0.101..0.226] y=[-0.042..0.105]
 z=0.42 x=[0.092..0.226] y=[-0.050..0.098]
 z=0.45 x=[0.088..0.223] y=[-0.060..0.090]
 z=0.48 x=[0.077..0.219] y=[-0.071..0.092]
 z=0.51 x=[0.069..0.218] y=[-0.081..0.089]
 z=0.54 x=[0.069..0.226] y=[-0.090..0.080]
 z=0.57 x=[0.065..0.222] y=[-0.095..0.085]
 z=0.60 x=[0.054..0.218] y=[-0.086..0.084]
 z=0.63 x=[0.047..0.214] y=[-0.087..0.080]
 z=0.66 x=[0.042..0.212] y=[-0.092..0.081]
 z=0.69 x=[0.037..0.209] y=[-0.096..0.082]
 z=0.72 x=[0.030..0.207] y=[-0.099..0.084]
 z=0.75 x=[0.022..0.203] y=[-0.099..0.088]
 z=0.78 x=[0.015..0.199] y=[-0.100..0.092]
 z=0.81 x=[0.195..0.195] y=[-0.000..0.007]
 z=0.84 x=[0.191..0.191] y=[-0.000..0.006]
 z=0.87 x=[0.187..0.187] y=[0.000..0.006]
 z=0.90 x=[0.182..0.182] y=[0.000..0.006]
 z=0.93 x=[0.175..0.175] y=[0.000..0.006]
Blender 5.1.2 (hash ec6e62d40fa9 built 2026-05-19 01:37:34)

Blender quit
