12:48:10 | INFO: Data are loaded, start creating Blender stuff
12:48:10 | INFO: Blender create Mesh node tripo_mesh_b8ed13ed-aa39-47e5-b68b-70bb298f40ee
12:48:10 | INFO: glTF import finished in 0.01s
NECK/HEAD profile (x half-width, y front/back at x=0)
 z=1.40 x=[-0.578..0.578] y=[-0.143..0.132]
 z=1.41 x=[-0.669..0.669] y=[-0.138..0.132]
 z=1.42 x=[-0.672..0.672] y=[-0.133..0.130]
 z=1.43 x=[-0.672..0.672] y=[-0.127..0.126]
 z=1.44 x=[-0.668..0.668] y=[-0.122..0.121]
 z=1.45 x=[-0.818..0.818] y=[-0.117..0.116]
 z=1.46 x=[-0.790..0.790] y=[-0.112..0.112]
 z=1.47 x=[-0.737..0.737] y=[-0.107..0.107]
 z=1.48 x=[-0.638..0.638] y=[-0.100..0.103]
 z=1.49 x=[-0.527..0.527] y=[-0.082..0.098]
 z=1.50 x=[-0.480..0.480] y=[-0.084..0.093]
 z=1.51 x=[-0.246..0.246] y=[-0.090..0.087]
 z=1.52 x=[-0.124..0.124] y=[-0.097..0.077]
 z=1.53 x=[-0.093..0.093] y=[-0.103..0.072]
 z=1.54 x=[-0.058..0.058] y=[-0.125..0.061]
 z=1.55 x=[-0.056..0.056] y=[-0.153..0.039]
 z=1.56 x=[-0.054..0.054] y=[-0.152..0.036]
 z=1.57 x=[-0.054..0.054] y=[-0.151..0.035]
 z=1.58 x=[-0.054..0.054] y=[-0.150..0.033]
 z=1.59 x=[-0.059..0.059] y=[-0.152..0.035]
 z=1.60 x=[-0.066..0.066] y=[-0.151..0.053]
 z=1.61 x=[-0.072..0.072] y=[-0.155..0.064]
 z=1.62 x=[-0.076..0.076] y=[-0.170..0.075]
 z=1.63 x=[-0.080..0.080] y=[-0.166..0.077]
 z=1.64 x=[-0.085..0.085] y=[-0.161..0.079]
 z=1.65 x=[-0.091..0.091] y=[-0.157..0.080]
 z=1.66 x=[-0.096..0.095] y=[-0.152..0.082]
 z=1.67 x=[-0.096..0.096] y=[-0.152..0.083]
 z=1.68 x=[-0.097..0.096] y=[-0.151..0.085]
 z=1.69 x=[-0.097..0.096] y=[-0.153..0.086]
 z=1.70 x=[-0.097..0.095] y=[-0.151..0.084]
 z=1.71 x=[-0.098..0.096] y=[-0.149..0.082]
 z=1.72 x=[-0.097..0.096] y=[-0.148..0.080]
 z=1.73 x=[-0.094..0.095] y=[-0.145..0.078]
 z=1.74 x=[-0.094..0.094] y=[-0.148..0.076]
 z=1.75 x=[-0.087..0.088] y=[-0.161..0.069]
 z=1.76 x=[-0.075..0.078] y=[-0.169..0.062]
 z=1.77 x=[-0.061..0.068] y=[-0.164..0.055]
 z=1.78 x=[-0.051..0.060] y=[-0.159..0.036]
 z=1.79 x=[-0.025..0.011] y=[-0.136..0.006]
ARM profile
 x=0.15 th=0.386 zc=1.309 ydepth=[-0.113..0.093]
 x=0.16 th=0.336 zc=1.337 ydepth=[-0.108..0.094]
 x=0.17 th=0.385 zc=1.308 ydepth=[-0.096..0.070]
 x=0.18 th=0.334 zc=1.352 ydepth=[-0.094..0.085]
 x=0.19 th=0.275 zc=1.382 ydepth=[-0.089..0.092]
 x=0.20 th=0.225 zc=1.408 ydepth=[-0.084..0.100]
 x=0.21 th=0.195 zc=1.422 ydepth=[-0.075..0.104]
 x=0.22 th=0.185 zc=1.424 ydepth=[-0.074..0.102]
 x=0.23 th=0.176 zc=1.427 ydepth=[-0.071..0.101]
 x=0.24 th=0.171 zc=1.427 ydepth=[-0.071..0.099]
 x=0.25 th=0.165 zc=1.427 ydepth=[-0.070..0.097]
 x=0.26 th=0.161 zc=1.428 ydepth=[-0.069..0.095]
 x=0.27 th=0.157 zc=1.429 ydepth=[-0.068..0.093]
 x=0.28 th=0.153 zc=1.430 ydepth=[-0.067..0.091]
 x=0.29 th=0.149 zc=1.431 ydepth=[-0.067..0.089]
 x=0.30 th=0.146 zc=1.431 ydepth=[-0.067..0.087]
 x=0.31 th=0.144 zc=1.432 ydepth=[-0.066..0.087]
 x=0.32 th=0.141 zc=1.432 ydepth=[-0.066..0.087]
 x=0.33 th=0.139 zc=1.432 ydepth=[-0.065..0.086]
 x=0.34 th=0.138 zc=1.432 ydepth=[-0.065..0.085]
 x=0.35 th=0.136 zc=1.432 ydepth=[-0.064..0.082]
 x=0.36 th=0.134 zc=1.432 ydepth=[-0.064..0.079]
 x=0.37 th=0.132 zc=1.432 ydepth=[-0.063..0.076]
 x=0.38 th=0.129 zc=1.431 ydepth=[-0.063..0.073]
 x=0.39 th=0.126 zc=1.431 ydepth=[-0.062..0.070]
 x=0.40 th=0.125 zc=1.432 ydepth=[-0.061..0.070]
 x=0.41 th=0.127 zc=1.434 ydepth=[-0.059..0.072]
 x=0.42 th=0.130 zc=1.436 ydepth=[-0.059..0.074]
 x=0.43 th=0.133 zc=1.437 ydepth=[-0.062..0.075]
 x=0.44 th=0.132 zc=1.438 ydepth=[-0.065..0.071]
 x=0.45 th=0.131 zc=1.438 ydepth=[-0.067..0.068]
 x=0.46 th=0.130 zc=1.439 ydepth=[-0.067..0.064]
 x=0.47 th=0.127 zc=1.436 ydepth=[-0.066..0.064]
 x=0.48 th=0.124 zc=1.436 ydepth=[-0.067..0.063]
 x=0.49 th=0.122 zc=1.436 ydepth=[-0.067..0.061]
 x=0.50 th=0.119 zc=1.436 ydepth=[-0.067..0.060]
 x=0.51 th=0.116 zc=1.436 ydepth=[-0.067..0.058]
 x=0.52 th=0.113 zc=1.436 ydepth=[-0.069..0.056]
 x=0.53 th=0.109 zc=1.437 ydepth=[-0.070..0.053]
 x=0.54 th=0.104 zc=1.437 ydepth=[-0.071..0.051]
 x=0.55 th=0.102 zc=1.440 ydepth=[-0.073..0.049]
 x=0.56 th=0.100 zc=1.440 ydepth=[-0.074..0.047]
 x=0.57 th=0.099 zc=1.442 ydepth=[-0.076..0.044]
 x=0.58 th=0.094 zc=1.443 ydepth=[-0.077..0.041]
 x=0.59 th=0.088 zc=1.444 ydepth=[-0.082..0.039]
 x=0.60 th=0.087 zc=1.442 ydepth=[-0.084..0.037]
 x=0.61 th=0.089 zc=1.443 ydepth=[-0.085..0.036]
 x=0.62 th=0.087 zc=1.445 ydepth=[-0.087..0.035]
 x=0.63 th=0.085 zc=1.445 ydepth=[-0.089..0.033]
 x=0.64 th=0.084 zc=1.445 ydepth=[-0.092..0.031]
 x=0.65 th=0.083 zc=1.445 ydepth=[-0.093..0.030]
 x=0.66 th=0.082 zc=1.445 ydepth=[-0.074..0.029]
 x=0.67 th=0.065 zc=1.449 ydepth=[-0.070..0.026]
 x=0.68 th=0.042 zc=1.449 ydepth=[-0.079..-0.003]
 x=0.69 th=0.045 zc=1.447 ydepth=[-0.089..-0.002]
 x=0.70 th=0.049 zc=1.445 ydepth=[-0.100..-0.002]
 x=0.71 th=0.052 zc=1.443 ydepth=[-0.108..-0.002]
 x=0.72 th=0.048 zc=1.441 ydepth=[-0.111..-0.002]
 x=0.73 th=0.043 zc=1.452 ydepth=[-0.088..0.001]
 x=0.74 th=0.041 zc=1.455 ydepth=[-0.085..0.003]
 x=0.75 th=0.039 zc=1.452 ydepth=[-0.081..0.002]
 x=0.76 th=0.039 zc=1.453 ydepth=[-0.082..0.003]
 x=0.77 th=0.036 zc=1.453 ydepth=[-0.083..0.003]
 x=0.78 th=0.032 zc=1.452 ydepth=[-0.084..0.003]
 x=0.79 th=0.028 zc=1.452 ydepth=[-0.085..0.003]
 x=0.80 th=0.025 zc=1.452 ydepth=[-0.086..0.002]
 x=0.81 th=0.026 zc=1.450 ydepth=[-0.087..0.001]
 x=0.82 th=0.027 zc=1.449 ydepth=[-0.087..-0.001]
 x=0.83 th=0.026 zc=1.447 ydepth=[-0.087..-0.002]
 x=0.84 th=0.024 zc=1.444 ydepth=[-0.086..-0.004]
 x=0.85 th=0.023 zc=1.442 ydepth=[-0.085..-0.013]
 x=0.86 th=0.022 zc=1.435 ydepth=[-0.084..-0.039]
 x=0.87 th=0.014 zc=1.435 ydepth=[-0.065..-0.038]
 x=0.88 None ydepth=[None..None]
 x=0.89 None ydepth=[None..None]
LEG profile (left leg, x>0)
 z=0.00 x=[0.179..0.289] y=[-0.107..0.113]
 z=0.03 x=[0.182..0.292] y=[-0.106..0.118]
 z=0.06 x=[0.186..0.285] y=[-0.098..0.109]
 z=0.09 x=[0.222..0.232] y=[-0.003..0.125]
 z=0.12 x=[None..None] y=[0.057..0.149]
 z=0.15 x=[None..None] y=[0.039..0.153]
 z=0.18 x=[None..None] y=[0.035..0.153]
 z=0.21 x=[None..None] y=[0.038..0.158]
 z=0.24 x=[None..None] y=[0.034..0.158]
 z=0.27 x=[None..None] y=[0.026..0.158]
 z=0.30 x=[None..None] y=[0.020..0.156]
 z=0.33 x=[0.191..0.197] y=[-0.001..0.147]
 z=0.36 x=[0.168..0.204] y=[-0.005..0.146]
 z=0.39 x=[0.144..0.209] y=[-0.009..0.144]
 z=0.42 x=[0.100..0.210] y=[-0.015..0.138]
 z=0.45 x=[0.100..0.210] y=[-0.026..0.131]
 z=0.48 x=[0.094..0.213] y=[-0.038..0.124]
 z=0.51 x=[0.085..0.223] y=[-0.055..0.115]
 z=0.54 x=[0.080..0.224] y=[-0.065..0.107]
 z=0.57 x=[0.074..0.220] y=[-0.073..0.103]
 z=0.60 x=[0.066..0.216] y=[-0.076..0.101]
 z=0.63 x=[0.055..0.212] y=[-0.078..0.101]
 z=0.66 x=[0.048..0.209] y=[-0.083..0.101]
 z=0.69 x=[0.042..0.206] y=[-0.089..0.101]
 z=0.72 x=[0.035..0.204] y=[-0.096..0.101]
 z=0.75 x=[0.030..0.200] y=[-0.099..0.101]
 z=0.78 x=[0.024..0.194] y=[-0.100..0.101]
 z=0.81 x=[0.022..0.189] y=[-0.103..0.102]
 z=0.84 x=[0.184..0.184] y=[-0.034..0.000]
 z=0.87 x=[0.179..0.179] y=[-0.037..-0.000]
 z=0.90 x=[0.173..0.173] y=[-0.039..-0.000]
 z=0.93 x=[0.170..0.189] y=[-0.054..0.035]
Blender 5.1.2 (hash ec6e62d40fa9 built 2026-05-19 01:37:34)

Blender quit
