00:00.266  blend            | Read blend: "E:\game-dev-team\assets\hero_tripo\_work\hero_work.blend"
BONE C_Root             head=(-0.000,-0.001,0.839) tail=(-0.000,-0.001,1.094)
BONE C_Spine01          head=(-0.000,-0.001,1.094) tail=(-0.000,-0.001,1.340)
BONE L_UpperArm         head=(-0.000,-0.001,1.340) tail=(0.286,-0.001,1.342)
BONE L_Shoulder         head=(0.286,-0.001,1.342) tail=(0.631,-0.001,1.336)
BONE L_Arm              head=(0.631,-0.001,1.336) tail=(0.898,-0.001,1.336)
BONE L_Hand             head=(0.898,-0.001,1.336) tail=(1.160,-0.001,1.289)
BONE R_UpperArm         head=(-0.000,-0.001,1.340) tail=(-0.286,-0.001,1.342)
BONE R_Arm              head=(-0.286,-0.001,1.342) tail=(-0.631,-0.001,1.336)
BONE Pelvis_009_R_002   head=(-0.631,-0.001,1.336) tail=(-0.898,-0.001,1.336)
BONE R_Hand             head=(-0.898,-0.001,1.336) tail=(-1.160,-0.001,1.289)
BONE C_Spine02          head=(-0.000,-0.001,1.340) tail=(-0.000,-0.001,1.461)
BONE C_Neck             head=(-0.000,-0.001,1.461) tail=(-0.000,-0.001,1.532)
BONE C_Head             head=(-0.000,-0.001,1.532) tail=(-0.000,-0.001,1.603)
BONE L_Pelvis           head=(-0.000,-0.001,0.839) tail=(0.105,-0.001,0.837)
BONE L_Thigh            head=(0.105,-0.001,0.837) tail=(0.126,-0.001,0.458)
BONE L_Claf             head=(0.126,-0.001,0.458) tail=(0.149,-0.001,0.037)
BONE L_Foot             head=(0.149,-0.001,0.037) tail=(0.149,-0.423,0.033)
BONE R_Pelvis           head=(-0.000,-0.001,0.839) tail=(-0.105,-0.001,0.837)
BONE R_Thigh            head=(-0.105,-0.001,0.837) tail=(-0.126,-0.001,0.458)
BONE R_Claf             head=(-0.126,-0.001,0.458) tail=(-0.149,-0.001,0.037)
BONE R_Foot             head=(-0.149,-0.001,0.037) tail=(-0.149,-0.423,0.033)
T0 height 1.823 x=[-0.993..0.993] y=[-0.192..0.196]
T0 z=0.800 half-width x=0.194 y=[None..None]
T0 z=0.860 half-width x=0.187 y=[-0.126..0.149]
T0 z=0.900 half-width x=0.218 y=[-0.170..0.163]
T0 z=0.905 half-width x=0.218 y=[-0.169..0.195]
T0 z=0.910 half-width x=0.218 y=[-0.169..0.195]
T0 z=0.950 half-width x=0.210 y=[-0.164..0.187]
T0 z=1.000 half-width x=0.209 y=[-0.178..0.175]
T0 z=1.100 half-width x=0.218 y=[-0.164..0.158]
T0 z=1.200 half-width x=0.245 y=[-0.166..0.173]
T0 z=1.300 half-width x=0.872 y=[-0.146..0.180]
T0 z=1.400 half-width x=0.675 y=[-0.095..0.150]
T0 z=1.460 half-width x=0.141 y=[-0.059..0.112]
T0 z=1.500 half-width x=0.069 y=[-0.069..0.072]
T0 z=1.532 half-width x=0.072 y=[-0.124..0.062]
T0 z=1.540 half-width x=0.072 y=[-0.127..0.058]
T0 z=1.549 half-width x=0.071 y=[-0.127..0.055]
T0 z=1.580 half-width x=0.073 y=[-0.129..0.058]
T0 z=1.650 half-width x=0.098 y=[-0.128..0.100]
T0 z=1.750 half-width x=0.097 y=[-0.118..0.093]
T0 ring z=0.905 r(theta, 15deg steps from +X)=['0.182', '0.182', '0.192', '0.186', '0.189', '0.170', '0.165', '0.171', '0.191', '0.187', '0.192', '0.183', '0.182', '0.184', '0.169', '0.168', '0.155', '0.141', '0.138', '0.142', '0.156', '0.167', '0.168', '0.184']
T0 ring z=1.540 r(theta, 15deg steps from +X)=['0.072', '0.064', '0.062', '0.063', '0.063', '0.058', '0.058', '0.062', '0.064', '0.059', '0.058', '0.062', '0.070', '0.070', '0.066', '0.066', '0.081', '0.130', '0.127', '0.129', '0.094', '0.071', '0.064', '0.066']
T0 leg z=0.30 x=[0.047..0.202] y=[-0.051..0.115]
T0 leg z=0.50 x=[0.044..0.212] y=[-0.101..0.088]
T0 leg z=0.70 x=[0.024..0.202] y=[-0.119..0.107]
T0 leg z=0.80 x=[0.012..0.194] y=[-0.122..0.118]
T0 arm x=0.35 z=[1.249..1.446]
T0 arm x=0.50 z=[1.260..1.420]
T0 arm x=0.70 z=[1.275..1.398]
T0 arm x=0.85 z=[1.295..1.372]
19:36:01 | INFO: Data are loaded, start creating Blender stuff
19:36:01 | INFO: Blender create Mesh node tripo_mesh_3733644d-3855-4cca-bd9e-8cbd53630c5a
19:36:01 | INFO: glTF import finished in 0.01s
NEW shift -0.0 0.0078062584400177 0.8999999761581421
NEW height 1.800 x=[-0.861..0.861] y=[-0.181..0.196]
NEW crotch <Vector (0.0000, -0.0010, 0.8420)>
NECK/HEAD profile
 z=1.30 x=[-0.191..0.194] y=[-0.103..0.189]
 z=1.31 x=[-0.191..0.196] y=[-0.101..0.190]
 z=1.32 x=[-0.195..0.200] y=[-0.099..0.192]
 z=1.33 x=[-0.199..0.204] y=[-0.097..0.193]
 z=1.34 x=[-0.203..0.208] y=[-0.095..0.194]
 z=1.35 x=[-0.206..0.212] y=[-0.094..0.195]
 z=1.36 x=[-0.210..0.216] y=[-0.092..0.195]
 z=1.37 x=[-0.221..0.273] y=[-0.090..0.195]
 z=1.38 x=[-0.324..0.512] y=[-0.086..0.194]
 z=1.39 x=[-0.744..0.743] y=[-0.081..0.193]
 z=1.40 x=[-0.744..0.740] y=[-0.077..0.192]
 z=1.41 x=[-0.744..0.735] y=[-0.072..0.192]
 z=1.42 x=[-0.717..0.733] y=[-0.067..0.191]
 z=1.43 x=[-0.718..0.730] y=[-0.062..0.190]
 z=1.44 x=[-0.583..0.648] y=[-0.057..0.189]
 z=1.45 x=[-0.466..0.647] y=[-0.052..0.187]
 z=1.46 x=[-0.187..0.565] y=[-0.034..0.180]
 z=1.47 x=[-0.182..0.197] y=[-0.035..0.173]
 z=1.48 x=[-0.159..0.164] y=[-0.036..0.166]
 z=1.49 x=[-0.123..0.124] y=[-0.038..0.158]
 z=1.50 x=[-0.110..0.121] y=[-0.039..0.151]
 z=1.51 x=[-0.096..0.108] y=[-0.041..0.144]
 z=1.52 x=[-0.082..0.090] y=[-0.100..0.132]
 z=1.53 x=[-0.050..0.058] y=[-0.104..0.122]
 z=1.54 x=[-0.050..0.058] y=[-0.109..0.115]
 z=1.55 x=[-0.052..0.059] y=[-0.109..0.112]
 z=1.56 x=[-0.062..0.067] y=[-0.107..0.110]
 z=1.57 x=[-0.067..0.071] y=[-0.110..0.107]
 z=1.58 x=[-0.070..0.075] y=[-0.114..0.146]
 z=1.59 x=[-0.074..0.079] y=[-0.117..0.142]
 z=1.60 x=[-0.075..0.082] y=[-0.115..0.137]
 z=1.61 x=[-0.077..0.084] y=[-0.131..0.133]
 z=1.62 x=[-0.079..0.086] y=[-0.134..0.129]
 z=1.63 x=[-0.081..0.088] y=[-0.129..0.131]
 z=1.64 x=[-0.082..0.090] y=[-0.119..0.133]
 z=1.65 x=[-0.083..0.090] y=[-0.112..0.136]
 z=1.66 x=[-0.084..0.091] y=[-0.104..0.138]
 z=1.67 x=[-0.083..0.090] y=[-0.106..0.135]
 z=1.68 x=[-0.095..0.102] y=[-0.106..0.134]
 z=1.69 x=[-0.093..0.101] y=[-0.106..0.133]
 z=1.70 x=[-0.093..0.100] y=[-0.105..0.132]
 z=1.71 x=[-0.092..0.099] y=[-0.111..0.131]
 z=1.72 x=[-0.091..0.098] y=[-0.118..0.129]
 z=1.73 x=[-0.090..0.096] y=[-0.114..0.126]
 z=1.74 x=[-0.089..0.094] y=[-0.110..0.118]
 z=1.75 x=[-0.087..0.092] y=[-0.106..0.111]
 z=1.76 x=[-0.086..0.090] y=[-0.100..0.103]
 z=1.77 x=[-0.074..0.078] y=[-0.093..0.094]
 z=1.78 x=[-0.059..0.065] y=[-0.086..0.074]
 z=1.79 x=[-0.045..0.052] y=[-0.065..0.054]
 z=1.80 x=[-0.012..0.017] y=[-0.039..0.030]
 z=1.81 x=[None..None] y=[None..None]
TORSO profile
 z=0.70 half-width x=0.221 y(x=0)=[None..None] y(x=.12)=[-0.080..0.100]
 z=0.72 half-width x=0.220 y(x=0)=[None..None] y(x=.12)=[-0.082..0.103]
 z=0.74 half-width x=0.218 y(x=0)=[None..None] y(x=.12)=[-0.084..0.106]
 z=0.76 half-width x=0.222 y(x=0)=[None..None] y(x=.12)=[-0.087..0.106]
 z=0.78 half-width x=0.217 y(x=0)=[None..None] y(x=.12)=[-0.089..0.107]
 z=0.80 half-width x=0.211 y(x=0)=[None..None] y(x=.12)=[-0.091..0.107]
 z=0.82 half-width x=0.196 y(x=0)=[None..None] y(x=.12)=[-0.091..0.108]
 z=0.84 half-width x=0.193 y(x=0)=[None..None] y(x=.12)=[-0.092..0.111]
 z=0.86 half-width x=0.190 y(x=0)=[-0.069..0.087] y(x=.12)=[-0.092..0.115]
 z=0.88 half-width x=0.187 y(x=0)=[-0.107..0.128] y(x=.12)=[-0.092..0.112]
 z=0.90 half-width x=0.184 y(x=0)=[-0.115..0.142] y(x=.12)=[-0.093..0.113]
 z=0.92 half-width x=0.181 y(x=0)=[-0.125..0.157] y(x=.12)=[-0.098..0.120]
 z=0.94 half-width x=0.181 y(x=0)=[-0.126..0.153] y(x=.12)=[-0.103..0.123]
 z=0.96 half-width x=0.176 y(x=0)=[-0.128..0.185] y(x=.12)=[-0.103..0.121]
 z=0.98 half-width x=0.198 y(x=0)=[-0.129..0.182] y(x=.12)=[-0.141..0.170]
 z=1.00 half-width x=0.195 y(x=0)=[-0.128..0.179] y(x=.12)=[-0.170..0.164]
 z=1.02 half-width x=0.192 y(x=0)=[-0.127..0.177] y(x=.12)=[-0.170..0.157]
 z=1.04 half-width x=0.189 y(x=0)=[-0.127..0.174] y(x=.12)=[-0.164..0.151]
 z=1.06 half-width x=0.187 y(x=0)=[-0.126..0.172] y(x=.12)=[-0.158..0.145]
 z=1.08 half-width x=0.185 y(x=0)=[-0.125..0.172] y(x=.12)=[-0.152..0.150]
 z=1.10 half-width x=0.184 y(x=0)=[-0.125..0.173] y(x=.12)=[-0.153..0.152]
 z=1.12 half-width x=0.186 y(x=0)=[-0.124..0.174] y(x=.12)=[-0.147..0.153]
 z=1.14 half-width x=0.188 y(x=0)=[-0.123..0.175] y(x=.12)=[-0.139..0.153]
 z=1.16 half-width x=0.189 y(x=0)=[-0.121..0.176] y(x=.12)=[-0.125..0.154]
 z=1.18 half-width x=0.191 y(x=0)=[-0.119..0.177] y(x=.12)=[-0.116..0.155]
 z=1.20 half-width x=0.191 y(x=0)=[-0.117..0.178] y(x=.12)=[-0.107..0.156]
 z=1.22 half-width x=0.193 y(x=0)=[-0.115..0.180] y(x=.12)=[-0.128..0.162]
 z=1.24 half-width x=0.195 y(x=0)=[-0.113..0.182] y(x=.12)=[-0.125..0.166]
 z=1.26 half-width x=0.196 y(x=0)=[-0.111..0.185] y(x=.12)=[-0.121..0.170]
 z=1.28 half-width x=0.198 y(x=0)=[-0.107..0.187] y(x=.12)=[-0.118..0.174]
ARM profile
 x=0.15 th=0.000 zc=1.354 ydepth=[-0.080..0.176]
 x=0.16 th=0.104 zc=1.296 ydepth=[-0.093..0.151]
 x=0.17 th=0.153 zc=1.237 ydepth=[-0.065..0.127]
 x=0.18 th=0.302 zc=1.350 ydepth=[-0.044..0.162]
 x=0.19 th=0.311 zc=1.325 ydepth=[-0.030..0.131]
 x=0.20 th=0.257 zc=1.365 ydepth=[-0.022..0.147]
 x=0.21 th=0.190 zc=1.396 ydepth=[-0.014..0.148]
 x=0.22 th=0.171 zc=1.404 ydepth=[-0.011..0.146]
 x=0.23 th=0.168 zc=1.406 ydepth=[-0.011..0.145]
 x=0.24 th=0.164 zc=1.407 ydepth=[-0.011..0.143]
 x=0.25 th=0.161 zc=1.408 ydepth=[-0.011..0.141]
 x=0.26 th=0.158 zc=1.409 ydepth=[-0.010..0.141]
 x=0.27 th=0.155 zc=1.410 ydepth=[-0.010..0.141]
 x=0.28 th=0.153 zc=1.410 ydepth=[-0.011..0.141]
 x=0.29 th=0.151 zc=1.409 ydepth=[-0.012..0.141]
 x=0.30 th=0.148 zc=1.410 ydepth=[-0.013..0.141]
 x=0.31 th=0.145 zc=1.410 ydepth=[-0.014..0.141]
 x=0.32 th=0.143 zc=1.411 ydepth=[-0.015..0.141]
 x=0.33 th=0.140 zc=1.411 ydepth=[-0.015..0.141]
 x=0.34 th=0.137 zc=1.411 ydepth=[-0.015..0.140]
 x=0.35 th=0.134 zc=1.412 ydepth=[-0.015..0.139]
 x=0.36 th=0.132 zc=1.411 ydepth=[-0.015..0.138]
 x=0.37 th=0.130 zc=1.411 ydepth=[-0.015..0.136]
 x=0.38 th=0.128 zc=1.411 ydepth=[-0.015..0.135]
 x=0.39 th=0.125 zc=1.412 ydepth=[-0.015..0.134]
 x=0.40 th=0.124 zc=1.411 ydepth=[-0.013..0.132]
 x=0.41 th=0.126 zc=1.414 ydepth=[-0.012..0.135]
 x=0.42 th=0.131 zc=1.416 ydepth=[-0.013..0.137]
 x=0.43 th=0.137 zc=1.417 ydepth=[-0.016..0.139]
 x=0.44 th=0.136 zc=1.415 ydepth=[-0.019..0.139]
 x=0.45 th=0.135 zc=1.416 ydepth=[-0.019..0.139]
 x=0.46 th=0.133 zc=1.416 ydepth=[-0.018..0.137]
 x=0.47 th=0.132 zc=1.416 ydepth=[-0.016..0.136]
 x=0.48 th=0.131 zc=1.417 ydepth=[-0.015..0.135]
 x=0.49 th=0.129 zc=1.417 ydepth=[-0.015..0.133]
 x=0.50 th=0.127 zc=1.417 ydepth=[-0.014..0.131]
 x=0.51 th=0.124 zc=1.417 ydepth=[-0.013..0.129]
 x=0.52 th=0.123 zc=1.419 ydepth=[-0.013..0.127]
 x=0.53 th=0.121 zc=1.420 ydepth=[-0.013..0.125]
 x=0.54 th=0.120 zc=1.422 ydepth=[-0.013..0.124]
 x=0.55 th=0.119 zc=1.423 ydepth=[-0.012..0.122]
 x=0.56 th=0.114 zc=1.423 ydepth=[-0.010..0.120]
 x=0.57 th=0.109 zc=1.423 ydepth=[-0.009..0.118]
 x=0.58 th=0.104 zc=1.423 ydepth=[-0.008..0.117]
 x=0.59 th=0.099 zc=1.423 ydepth=[-0.005..0.116]
 x=0.60 th=0.098 zc=1.423 ydepth=[-0.003..0.116]
 x=0.61 th=0.098 zc=1.423 ydepth=[-0.004..0.117]
 x=0.62 th=0.098 zc=1.423 ydepth=[-0.005..0.117]
 x=0.63 th=0.098 zc=1.423 ydepth=[-0.005..0.118]
 x=0.64 th=0.098 zc=1.423 ydepth=[-0.006..0.118]
 x=0.65 th=0.079 zc=1.415 ydepth=[0.002..0.101]
 x=0.66 th=0.041 zc=1.424 ydepth=[0.025..0.090]
 x=0.67 th=0.044 zc=1.422 ydepth=[0.018..0.094]
 x=0.68 th=0.049 zc=1.420 ydepth=[0.010..0.099]
 x=0.69 th=0.053 zc=1.419 ydepth=[0.000..0.104]
 x=0.70 th=0.057 zc=1.418 ydepth=[-0.009..0.105]
 x=0.71 th=0.060 zc=1.418 ydepth=[-0.015..0.106]
 x=0.72 th=0.061 zc=1.417 ydepth=[-0.004..0.106]
 x=0.73 th=0.064 zc=1.417 ydepth=[0.001..0.107]
 x=0.74 th=0.034 zc=1.430 ydepth=[0.005..0.106]
 x=0.75 th=0.032 zc=1.430 ydepth=[0.005..0.106]
 x=0.76 th=0.031 zc=1.430 ydepth=[0.004..0.106]
 x=0.77 th=0.029 zc=1.429 ydepth=[0.004..0.105]
 x=0.78 th=0.028 zc=1.429 ydepth=[0.004..0.104]
 x=0.79 th=0.026 zc=1.429 ydepth=[0.004..0.103]
 x=0.80 th=0.025 zc=1.430 ydepth=[0.004..0.102]
 x=0.81 th=0.024 zc=1.429 ydepth=[0.004..0.100]
 x=0.82 th=0.023 zc=1.427 ydepth=[0.004..0.098]
 x=0.83 th=0.022 zc=1.425 ydepth=[0.005..0.097]
 x=0.84 th=0.021 zc=1.422 ydepth=[0.005..0.095]
 x=0.85 th=0.019 zc=1.420 ydepth=[0.005..0.071]
 x=0.86 th=0.003 zc=1.425 ydepth=[0.006..0.012]
 x=0.87 None ydepth=[None..None]
 x=0.88 None ydepth=[None..None]
 x=0.89 None ydepth=[None..None]
LEG profile (x>0)
 z=0.00 x=[None..None] y=[0.047..0.096]
 z=0.03 x=[0.166..0.277] y=[-0.162..0.130]
 z=0.06 x=[0.169..0.265] y=[-0.153..0.121]
 z=0.09 x=[0.167..0.254] y=[-0.039..0.113]
 z=0.12 x=[0.193..0.220] y=[-0.008..0.127]
 z=0.15 x=[0.182..0.213] y=[-0.007..0.144]
 z=0.18 x=[0.172..0.205] y=[-0.005..0.148]
 z=0.21 x=[0.158..0.213] y=[-0.012..0.141]
 z=0.24 x=[0.177..0.193] y=[-0.004..0.138]
 z=0.27 x=[0.167..0.188] y=[-0.004..0.141]
 z=0.30 x=[0.144..0.191] y=[-0.008..0.147]
 z=0.33 x=[0.126..0.193] y=[-0.013..0.146]
 z=0.36 x=[0.116..0.194] y=[-0.019..0.141]
 z=0.39 x=[0.106..0.195] y=[-0.018..0.136]
 z=0.42 x=[0.096..0.195] y=[-0.015..0.131]
 z=0.45 x=[0.089..0.195] y=[-0.017..0.127]
 z=0.48 x=[0.081..0.214] y=[-0.033..0.128]
 z=0.51 x=[0.080..0.224] y=[-0.050..0.117]
 z=0.54 x=[0.073..0.219] y=[-0.058..0.107]
 z=0.57 x=[0.066..0.215] y=[-0.055..0.097]
 z=0.60 x=[0.059..0.212] y=[-0.060..0.095]
 z=0.63 x=[0.051..0.227] y=[-0.068..0.095]
 z=0.66 x=[0.045..0.224] y=[-0.073..0.097]
 z=0.69 x=[0.040..0.222] y=[-0.076..0.099]
 z=0.72 x=[0.035..0.220] y=[-0.080..0.102]
 z=0.75 x=[0.030..0.224] y=[-0.084..0.103]
 z=0.78 x=[0.026..0.217] y=[-0.089..0.106]
 z=0.81 x=[0.020..0.204] y=[-0.093..0.111]
 z=0.84 x=[0.011..0.193] y=[-0.096..0.116]
 z=0.87 x=[0.189..0.189] y=[-0.024..-0.000]
 z=0.90 x=[0.184..0.184] y=[-0.028..0.000]
 z=0.93 x=[0.184..0.184] y=[-0.034..0.000]
Blender 5.1.2 (hash ec6e62d40fa9 built 2026-05-19 01:37:34)

Blender quit
