19:38:22 | INFO: Data are loaded, start creating Blender stuff
19:38:22 | INFO: Blender create Mesh node tripo_mesh_3733644d-3855-4cca-bd9e-8cbd53630c5a
19:38:22 | INFO: glTF import finished in 0.01s
PROBE columns: angle from front; value = radius and rgb (00..99 each)
PROBE angles      0              30             60             90             120            150            180            
PROBE z=0.60   ----           ----           ----          0.212 272321  0.178 292624   ----           ----        
PROBE z=0.62   ----           ----           ----          0.209 121009  0.179 292523   ----           ----        
PROBE z=0.64   ----           ----          0.130 272422  0.226 302624  0.179 292624   ----           ----        
PROBE z=0.66   ----           ----          0.148 272422  0.224 302624  0.178 282623   ----           ----        
PROBE z=0.68   ----           ----          0.151 272422  0.223 302624  0.178 282623   ----           ----        
PROBE z=0.70   ----           ----          0.154 272422  0.221 302623  0.178 292624   ----           ----        
PROBE z=0.72   ----           ----          0.157 272422  0.220 292623  0.179 282623   ----           ----        
PROBE z=0.74   ----           ----          0.161 272422  0.218 121009  0.179 282623   ----           ----        
PROBE z=0.76   ----           ----          0.164 262421  0.222 292623  0.180 282623   ----           ----        
PROBE z=0.78   ----           ----          0.166 272321  0.217 302624  0.180 282623   ----           ----        
PROBE z=0.80   ----           ----          0.168 282422  0.211 292623  0.180 292624   ----           ----        
PROBE z=0.82   ----          0.081 232118  0.168 302623  0.195 242119  0.181 292523  0.096 221917   ----        
PROBE z=0.84   ----          0.101 262421  0.169 302623  0.193 272423  0.182 282623  0.114 232118   ----        
PROBE z=0.86  0.069 221917  0.112 282523  0.168 292523  0.190 282423  0.179 282623  0.132 262421  0.087 141210
PROBE z=0.88  0.107 262321  0.120 282522  0.166 282623  0.187 252220  0.176 282623  0.150 272422  0.128 211917
PROBE z=0.90  0.115 242119  0.124 252219  0.164 282522  0.184 242320  0.172 282522  0.161 262421  0.142 222018
PROBE z=0.92  0.125 151312  0.132 141211  0.166 151412  0.181 181615  0.174 211917  0.170 131312  0.157 131312
PROBE z=0.94  0.126 141412  0.137 121210  0.166 111109  0.181 141212  0.178 121210  0.168 121110  0.153 111110
PROBE z=0.96  0.128 131211  0.142 100909  0.166 090907  0.176 090908  0.174 100909  0.165 090909  0.185 272422
PROBE z=0.98  0.129 111010  0.176 262320  0.197 242219  0.198 292623  0.197 302623  0.199 302724  0.182 312724
PROBE z=1.00  0.128 111110  0.198 272321  0.223 242118  0.195 292623  0.193 302724  0.195 312825  0.179 312825
PROBE z=1.02  0.127 111110  0.204 302724  0.222 302624  0.192 292523  0.190 312724  0.192 312825  0.177 312825
PROBE z=1.04  0.127 111010  0.199 312724  0.218 302624  0.189 282623  0.187 302724  0.188 312825  0.174 312725
PROBE z=1.06  0.126 111010  0.194 312724  0.213 302724  0.187 282522  0.184 312724  0.185 312725  0.172 312725
PROBE
PROBE z=1.40  0.107 131312  0.130 262320  0.166 292624  0.704 774834  0.238 171513  0.179 312725  0.162 312825
PROBE z=1.41  0.102 141312  0.126 221916  0.160 292624  0.854 785135  0.240 171514  0.179 312724  0.162 312725
PROBE z=1.42  0.097 141312  0.123 111109  0.155 282623  0.856 785338  0.241 171514  0.178 312825  0.161 312725
PROBE z=1.43  0.092 121211  0.135 161412  0.150 282623  0.841 805338  0.242 171614  0.177 312725  0.160 322825
PROBE z=1.44  0.087 121009  0.143 262422  0.145 272422  0.808 815237  0.243 171514  0.176 312825  0.159 312825
PROBE z=1.45  0.082 121110  0.145 262320  0.140 262421  0.740 805539  0.231 161412  0.172 312825  0.157 312726
PROBE z=1.46  0.064 121110  0.080 121210  0.142 161513  0.649 201915  0.227 131109  0.164 312825  0.150 312825
PROBE z=1.47  0.065 121010  0.064 111010  0.139 121109  0.584 181614  0.225 302725  0.156 312825  0.143 312825
PROBE z=1.48  0.066 684229  0.065 663825  0.139 272421  0.251 181614  0.210 302824  0.148 312724  0.136 312724
PROBE z=1.49  0.068 704531  0.065 663925  0.129 262422  0.199 131210  0.194 302825  0.140 302724  0.128 302624
PROBE z=1.50  0.069 724633  0.066 694330  0.117 262422  0.160 302724  0.181 312724  0.132 302623  0.121 302724
PROBE z=1.51  0.071 724330  0.066 714330  0.103 211917  0.122 242320  0.154 292624  0.123 282623  0.114 282623
PROBE z=1.52  0.130 362822  0.067 714429  0.066 714331  0.110 262421  0.121 282523  0.105 272422  0.102 272422
PROBE z=1.53  0.134 453428  0.086 643825  0.065 714430  0.097 242220  0.103 272421  0.094 252320  0.092 242320
PROBE z=1.54  0.139 533830  0.108 362620  0.065 734632  0.065 704329  0.097 252321  0.088 242219  0.085 232119
PROBE z=1.55  0.139 563930  0.110 433125  0.069 734733  0.063 744733  0.091 212018  0.084 211917  0.082 211917
PROBE z=1.56  0.137 574030  0.113 513728  0.079 442617  0.062 754935  0.068 734632  0.081 211917  0.080 181715
PROBE z=1.57  0.140 694330  0.115 513727  0.086 402923  0.060 764936  0.067 754833  0.058 744631  0.077 212018
PROBE z=1.58  0.144 512314  0.117 543827  0.087 443225  0.064 765035  0.067 744733  0.111 292523  0.116 312724
PROBE z=1.59  0.147 694432  0.118 724734  0.088 433123  0.068 754733  0.119 282623  0.108 312825  0.112 322826
PROBE z=1.60  0.145 503424  0.120 785137  0.090 332114  0.072 734431  0.116 282623  0.104 312825  0.107 322826
PROBE z=1.61  0.161 795236  0.124 785238  0.094 262016  0.100 774935  0.112 292623  0.100 312825  0.103 312825
PROBE z=1.62  0.164 805338  0.128 795238  0.097 312421  0.101 774934  0.108 302724  0.096 312724  0.099 312724
PROBE z=1.63  0.159 795338  0.131 825541  0.099 221814  0.102 784934  0.105 302724  0.092 312725  0.101 312825
PROBE z=1.64  0.149 795239  0.129 805339  0.099 322723  0.102 764632  0.101 302724  0.094 312724  0.103 312825
PROBE z=1.65  0.142 775036  0.127 785338  0.099 312623  0.103 754631  0.101 302825  0.096 312724  0.106 312724
PROBE z=1.66  0.134 775136  0.125 785338  0.099 272219  0.103 694025  0.103 312826  0.098 312825  0.108 312724
PROBE z=1.67  0.136 785136  0.131 785237  0.098 231915  0.095 282320  0.103 312724  0.100 312826  0.105 332826
PROBE z=1.68  0.136 785238  0.133 161312  0.103 242019  0.102 312826  0.103 302824  0.096 322926  0.104 332927
PROBE z=1.69  0.136 785338  0.133 372721  0.112 322826  0.106 312724  0.100 312825  0.095 333027  0.103 332926
PROBE z=1.70  0.135 785439  0.128 784933  0.111 322926  0.105 312724  0.098 332926  0.095 333027  0.102 343027
PROBE z=1.71  0.141 734431  0.138 322927  0.109 322926  0.101 332927  0.096 343028  0.094 343028  0.101 353028
PROBE
HEADBOX z 1.62..1.72: x -0.107..0.111 y -0.135..0.140 (centre y 0.003)
HEADBOX z 1.72..1.80: x -0.090..0.097 y -0.107..0.129 (centre y 0.011)
Blender 5.1.2 (hash ec6e62d40fa9 built 2026-05-19 01:37:34)

Blender quit
