FBX version: 7400
======================================================================
FILE: SM_Tree_01  objects: ['SM_Tree_01']
  obj=SM_Tree_01 verts=60 tris=112 polys=112
  matrix scale=(1.0, 1.0, 1.0) loc=(0.0, 0.0, 0.0)
  bbox_world X[-0.571..0.571] Y[-0.600..0.600] Z[-0.000..1.960]  size=(1.141, 1.200, 1.960)
  color_attrs: [('Col', 'CORNER', 'BYTE_COLOR')]
  uv_layers: ['UVMap']
  materials: ['M_Tree']
  vcol unique=2 top:
     (0.003, 0.022, 0.002) x240
     (0.007, 0.003, 0.001) x96
  poly-size histogram: {3: 112}
FBX version: 7400
======================================================================
FILE: SM_Tree_02  objects: ['SM_Tree_02']
  obj=SM_Tree_02 verts=59 tris=106 polys=106
  matrix scale=(1.0, 1.0, 1.0) loc=(0.0, 0.0, 0.0)
  bbox_world X[-0.604..0.604] Y[-0.620..0.620] Z[-0.000..1.850]  size=(1.209, 1.240, 1.850)
  color_attrs: [('Col', 'CORNER', 'BYTE_COLOR')]
  uv_layers: ['UVMap']
  materials: ['M_Tree.001']
  vcol unique=2 top:
     (0.005, 0.027, 0.002) x234
     (0.007, 0.003, 0.001) x84
  poly-size histogram: {3: 106}
FBX version: 7400
======================================================================
FILE: SM_Tree_03  objects: ['SM_Tree_03']
  obj=SM_Tree_03 verts=140 tris=264 polys=264
  matrix scale=(1.0, 1.0, 1.0) loc=(0.0, 0.0, 0.0)
  bbox_world X[-0.654..0.561] Y[-0.486..0.547] Z[-0.000..1.872]  size=(1.215, 1.033, 1.872)
  color_attrs: [('Col', 'CORNER', 'BYTE_COLOR')]
  uv_layers: ['UVMap']
  materials: ['M_Tree.002']
  vcol unique=2 top:
     (0.002, 0.013, 0.002) x720
     (0.007, 0.003, 0.001) x72
  poly-size histogram: {3: 264}
DONE
Blender 5.1.2 (hash ec6e62d40fa9 built 2026-05-19 01:37:34)

Blender quit
