========================================================================
BIRCH  E:/game-dev-team/assets/birch/SM_Tree_Birch_01.fbx
  ОЖИДАЕМ в FBX (linear = s2l(задуманный sRGB)):
     кора берёзы      #E7E4D8 -> linear (0.7991, 0.7758, 0.6867)
     листва светлая   #5C7A3E -> linear (0.1070, 0.1946, 0.0482)
     листва тёмная    #3F5A31 -> linear (0.0497, 0.1022, 0.0307)
FBX version: 7400
  ФАКТ в файле SM_Tree_Birch_01:
     linear (0.8000, 0.7765, 0.6863)  углов=183
     linear (0.1059, 0.1961, 0.0471)  углов=180
     linear (0.0510, 0.1020, 0.0314)  углов=120
     linear (0.0431, 0.0549, 0.0314)  углов=39
     linear (0.0118, 0.0157, 0.0078)  углов=36
========================================================================
TREE_01  E:/ForGameLead(Materials)/phase3-assets/SM_Tree_01.fbx
  ОЖИДАЕМ в FBX (linear = s2l(задуманный sRGB)):
     ствол            #543622 -> linear (0.0887, 0.0369, 0.0160)
     крона            #38702B -> linear (0.0395, 0.1620, 0.0242)
FBX version: 7400
  ФАКТ в файле SM_Tree_01:
     linear (0.0392, 0.1608, 0.0235)  углов=240
     linear (0.0824, 0.0353, 0.0118)  углов=96
DONE
Blender 5.1.2 (hash ec6e62d40fa9 built 2026-05-19 01:37:34)

Blender quit
