FBX version: 7400
==========================================================================
SM_Tree_01: tris=112 verts=60  цветов=2
  цвет linear(0.0392, 0.1608, 0.0235) -> КРОНА
     граней=80  вершин=42  Z от 0.940 до 1.960
     КОЛЬЦА вершин по Z (9 шт): 0.940, 1.016, 1.182, 1.222, 1.450, 1.678, 1.718, 1.884, 1.960
  цвет linear(0.0824, 0.0353, 0.0118) -> СТВОЛ
     граней=32  вершин=18  Z от 0.000 до 1.100
     КОЛЬЦА вершин по Z (2 шт): 0.000, 1.100
FBX version: 7400
==========================================================================
SM_Tree_02: tris=106 verts=59  цветов=2
  цвет linear(0.0627, 0.1804, 0.0314) -> КРОНА
     граней=78  вершин=43  Z от 0.625 до 1.850
     КОЛЬЦА вершин по Z (4 шт): 0.625, 1.250, 1.275, 1.850
  цвет linear(0.0824, 0.0353, 0.0118) -> СТВОЛ
     граней=28  вершин=16  Z от 0.000 до 0.700
     КОЛЬЦА вершин по Z (2 шт): 0.000, 0.700
FBX version: 7400
==========================================================================
SM_Tree_03: tris=264 verts=140  цветов=2
  цвет linear(0.0275, 0.1176, 0.0196) -> КРОНА
     граней=240  вершин=126  Z от 0.828 до 1.872
     КОЛЬЦА вершин по Z (124 шт): 0.828, 0.869, 0.919, 0.922, 0.960, 0.985, 1.000, 1.009, 1.019, 1.021, 1.024, 1.025
  цвет linear(0.0824, 0.0353, 0.0118) -> СТВОЛ
     граней=24  вершин=14  Z от 0.000 до 0.900
     КОЛЬЦА вершин по Z (2 шт): 0.000, 0.900
DONE
Blender 5.1.2 (hash ec6e62d40fa9 built 2026-05-19 01:37:34)

Blender quit
