21:39:32 | INFO: Data are loaded, start creating Blender stuff
21:39:32 | INFO: Blender create Mesh node tripo_mesh_3b7e64ff-9fce-49f2-b913-5bf75d396896
21:39:32 | INFO: glTF import finished in 0.01s
SHELL before scale: 1.708 x 3.708, ground..roof 1.400 -> scale x0.948 y1.114 z1.036
PART Shell     faces= 862 min=(-0.81 -2.06 0.24) max=(0.81 2.07 1.45)
PART Wheel_0   faces=  78 min=(0.59 1.12 0.01) max=(0.77 1.74 0.57)
PART Wheel_1   faces=  78 min=(0.57 -1.29 0.00) max=(0.75 -0.67 0.57)
PART Wheel_2   faces=  78 min=(-0.71 1.14 0.00) max=(-0.53 1.76 0.57)
PART Wheel_3   faces=  78 min=(-0.77 -1.27 0.00) max=(-0.59 -0.66 0.56)
PART Wiper_0   faces=  36 min=(0.09 0.89 0.92) max=(0.49 1.01 1.02)
PART Wiper_1   faces=  30 min=(-0.33 0.92 0.90) max=(0.08 1.02 1.01)
PART Under_0   faces=  16 min=(0.21 -1.81 0.23) max=(0.40 -0.76 0.29)
PART Under_1   faces=  16 min=(-0.39 -1.80 0.23) max=(-0.20 -0.75 0.29)
PART Misc_0    faces=  12 min=(0.39 1.94 0.60) max=(0.65 1.98 0.75)
PART Misc_1    faces=  12 min=(-0.60 1.94 0.60) max=(-0.34 1.99 0.75)
PART Misc_2    faces=  12 min=(0.65 0.67 0.95) max=(0.80 0.76 1.03)
PART Misc_3    faces=  12 min=(0.72 0.04 0.80) max=(0.75 0.26 0.88)
PART Misc_4    faces=  12 min=(0.73 -0.84 0.80) max=(0.75 -0.61 0.88)
PART Misc_5    faces=  12 min=(-0.78 0.66 0.95) max=(-0.62 0.75 1.03)
PART Misc_6    faces=  12 min=(-0.75 0.04 0.80) max=(-0.72 0.27 0.88)
PART Misc_7    faces=  10 min=(-0.76 -0.84 0.80) max=(-0.72 -0.60 0.87)
TOTAL size 1.620 x 4.130 x 1.450, zmin 0.000
Info: Saved as "car_src.blend"
SAVED E:/game-dev-team/assets/abandoned_car_tripo/_work/car_src.blend
Blender 5.1.2 (hash ec6e62d40fa9 built 2026-05-19 01:37:34)

Blender quit
