00:00.390  blend            | Read blend: "E:\game-dev-team\assets\bandit_tripo\_work\bandit_work.blend"

FBX export starting... 'E:/game-dev-team/assets/bandit_tripo/SK_Bandit_Head.fbx'
export finished in 0.0117 sec.
EXPORTED E:/game-dev-team/assets/bandit_tripo/SK_Bandit_Head.fbx 76.8 KB

FBX export starting... 'E:/game-dev-team/assets/bandit_tripo/SK_Bandit_Torso.fbx'
export finished in 0.0107 sec.
EXPORTED E:/game-dev-team/assets/bandit_tripo/SK_Bandit_Torso.fbx 119.2 KB

FBX export starting... 'E:/game-dev-team/assets/bandit_tripo/SK_Bandit_Legs.fbx'
export finished in 0.0116 sec.
EXPORTED E:/game-dev-team/assets/bandit_tripo/SK_Bandit_Legs.fbx 101.5 KB
FBX version: 7300
  armature RootAnim applied: C_Neck local z=1.461 (expect ~1.461)
FBX version: 7400
  armature RootAnim applied: C_Neck local z=1.461 (expect ~1.461)
FBX version: 7400
  armature RootAnim applied: C_Neck local z=1.461 (expect ~1.461)
FBX version: 7400
  armature RootAnim applied: C_Neck local z=1.461 (expect ~1.461)
FBX version: 7400
  armature RootAnim applied: C_Neck local z=1.461 (expect ~1.461)
FBX version: 7400
  armature RootAnim applied: C_Neck local z=1.461 (expect ~1.461)
FBX version: 7400
  armature RootAnim applied: C_Neck local z=1.461 (expect ~1.461)
VERIFY Head  objects(mesh,armature)=(1, 1) bones=21 names_equal_T0_and_handoff=True rest_delta_vs_T0=0.00000 vs_handoff=0.00002 tris=240 (T0 275) verts=138 unweighted=0 max_influences=3 uv=['UVMap'] mats=['M_BanditTripo'] tex=['T_BanditTripo_D.png'] -> PASS
  skin bones used: ['C_Head', 'C_Neck', 'C_Spine02']
  SIZE T1 x[-0.112..0.107] y[-0.190..0.150] z[1.532..1.801] | T0 x[-0.108..0.107] y[-0.151..0.108] z[1.532..1.823]
  CUT T1 Head open edge at z=1.532: 26 verts, radius 0.061..0.125, distance to the T0 surface max 0.0000 mean 0.0000 m
  CUT T0 Head open edge at z=1.532: 14 verts, radius 0.062..0.131, distance to the T0 surface max 0.0000 mean 0.0000 m
VERIFY Torso objects(mesh,armature)=(1, 1) bones=21 names_equal_T0_and_handoff=True rest_delta_vs_T0=0.00000 vs_handoff=0.00002 tris=741 (T0 524) verts=399 unweighted=0 max_influences=4 uv=['UVMap'] mats=['M_BanditTripo'] tex=['T_BanditTripo_D.png'] -> PASS
  skin bones used: ['C_Head', 'C_Neck', 'C_Root', 'C_Spine01', 'C_Spine02', 'L_Arm', 'L_Hand', 'L_Pelvis', 'L_Shoulder', 'L_Thigh', 'Pelvis_009_R_002', 'R_Arm', 'R_Hand', 'R_Pelvis', 'R_Thigh']
  SIZE T1 x[-1.002..1.004] y[-0.218..0.197] z[0.900..1.549] | T0 x[-0.993..0.993] y[-0.182..0.196] z[0.900..1.549]
  CUT T1 Torso open edge at z=0.900: 31 verts, radius 0.082..0.182, distance to the T0 surface max 0.0000 mean 0.0000 m
  CUT T1 Torso open edge at z=1.549: 26 verts, radius 0.055..0.130, distance to the T0 surface max 0.0000 mean 0.0000 m
  CUT T0 Torso open edge at z=0.900: 42 verts, radius 0.099..0.222, distance to the T0 surface max 0.0000 mean 0.0000 m
  CUT T0 Torso open edge at z=1.549: 18 verts, radius 0.059..0.132, distance to the T0 surface max 0.0000 mean 0.0000 m
VERIFY Legs  objects(mesh,armature)=(1, 1) bones=21 names_equal_T0_and_handoff=True rest_delta_vs_T0=0.00000 vs_handoff=0.00002 tris=540 (T0 365) verts=292 unweighted=0 max_influences=4 uv=['UVMap'] mats=['M_BanditTripo'] tex=['T_BanditTripo_D.png'] -> PASS
  skin bones used: ['C_Root', 'C_Spine01', 'L_Claf', 'L_Foot', 'L_Pelvis', 'L_Thigh', 'R_Claf', 'R_Foot', 'R_Pelvis', 'R_Thigh']
  SIZE T1 x[-0.253..0.243] y[-0.214..0.163] z[-0.002..0.910] | T0 x[-0.236..0.235] y[-0.192..0.196] z[-0.005..0.910]
  CUT T1 Legs open edge at z=0.910: 42 verts, radius 0.147..0.192, distance to the T0 surface max 0.0000 mean 0.0000 m
  CUT T0 Legs open edge at z=0.910: 43 verts, radius 0.139..0.226, distance to the T0 surface max 0.0000 mean 0.0000 m
BONES ['C_Head', 'C_Neck', 'C_Root', 'C_Spine01', 'C_Spine02', 'L_Arm', 'L_Claf', 'L_Foot', 'L_Hand', 'L_Pelvis', 'L_Shoulder', 'L_Thigh', 'L_UpperArm', 'Pelvis_009_R_002', 'R_Arm', 'R_Claf', 'R_Foot', 'R_Hand', 'R_Pelvis', 'R_Thigh', 'R_UpperArm']
TOTAL tris T1 1521 | T0 1164
WHOLE T1 height 1.803 (z -0.002..1.801) span x -1.002..1.004 depth y -0.218..0.197
WHOLE T0 height 1.828 (z -0.005..1.823) span x -0.993..0.993 depth y -0.192..0.196
HAND T1 left: tip |x|=1.004, length past the wrist joint 0.106, thickness z 0.079, width y 0.123
HAND T1 right: tip |x|=1.002, length past the wrist joint 0.104, thickness z 0.048, width y 0.127
HAND T0 left: tip |x|=0.993, length past the wrist joint 0.095, thickness z 0.054, width y 0.101
HAND T0 right: tip |x|=0.993, length past the wrist joint 0.095, thickness z 0.054, width y 0.101
SLOTS T1 head lowest z 1.532, legs highest z 0.910, torso z 0.900..1.549
LEGS T1 above z 0.87: max |x| 0.182, max radius 0.192
LEGS T0 above z 0.87: max |x| 0.222, max radius 0.228
TEXTURE E:/game-dev-team/assets/bandit_tripo/T_BanditTripo_D.png 1024x1024 channels=4 810.9 KB
ROUNDTRIP ALL PASS
Blender 5.1.2 (hash ec6e62d40fa9 built 2026-05-19 01:37:34)

Blender quit
