20:09:30 | INFO: Data are loaded, start creating Blender stuff
20:09:30 | INFO: Blender create Mesh node tripo_mesh_f954dc4b-bd52-4113-aa56-49a1b15e22db
20:09:30 | INFO: glTF import finished in 0.01s
PROBE columns: angle from front; value = radius and rgb (00..99 each)
PROBE angles      0              30             60             90             120            150            180            
PROBE z=0.60   ----           ----          0.192 443631  0.224 530705  0.123 353128   ----           ----        
PROBE z=0.62   ----           ----          0.195 413529  0.225 530805  0.165 393531   ----           ----        
PROBE z=0.64   ----           ----          0.195 413631  0.224 540706  0.150 383531   ----           ----        
PROBE z=0.66   ----           ----          0.192 413632  0.223 540806  0.093 353128   ----           ----        
PROBE z=0.68   ----           ----          0.193 413733  0.221 530906  0.124 383430   ----           ----        
PROBE z=0.70   ----           ----          0.195 413733  0.220 510907  0.145 403532   ----           ----        
PROBE z=0.72   ----           ----          0.196 413733  0.219 490906  0.147 403633   ----           ----        
PROBE z=0.74   ----           ----          0.198 413733  0.217 431209  0.149 413733   ----           ----        
PROBE z=0.76   ----           ----          0.199 413733  0.216 431310  0.149 413633   ----           ----        
PROBE z=0.78   ----           ----          0.201 423633  0.214 453128  0.148 413633   ----           ----        
PROBE z=0.80   ----           ----          0.201 423633  0.213 473430  0.150 423733   ----           ----        
PROBE z=0.82   ----          0.104 373329  0.198 423633  0.210 453633  0.152 423834   ----           ----        
PROBE z=0.84   ----          0.120 393531  0.195 403633  0.208 423632  0.154 423734   ----           ----        
PROBE z=0.86   ----          0.129 403632  0.193 413733  0.206 433531  0.157 423834  0.062 353127   ----        
PROBE z=0.88  0.081 272419  0.129 403633  0.190 413733  0.204 442824  0.162 423834  0.097 383430  0.013 211714
PROBE z=0.90  0.116 393430  0.131 413733  0.187 403633  0.201 432219  0.163 423834  0.113 403632  0.079 383531
PROBE z=0.92  0.129 403632  0.133 413733  0.185 403633  0.199 431413  0.163 423834  0.124 413733  0.098 413733
PROBE z=0.94  0.130 403632  0.135 413733  0.182 403633  0.197 491514  0.163 423833  0.130 413733  0.114 413733
PROBE z=0.96  0.131 393531  0.136 413733  0.179 403632  0.192 501412  0.164 413733  0.131 423834  0.117 413733
PROBE z=0.98  0.131 393531  0.136 393531  0.176 393531  0.187 501513  0.162 403632  0.133 403633  0.121 403631
PROBE z=1.00  0.132 383531  0.141 332823  0.173 302623  0.182 441007  0.160 373329  0.134 363228  0.125 353127
PROBE z=1.02  0.133 342924  0.177 201614  0.188 221814  0.195 191511  0.177 262117  0.156 221814  0.149 221814
PROBE z=1.04  0.139 121620  0.177 191612  0.186 181512  0.196 171411  0.180 201612  0.160 151108  0.153 221814
PROBE z=1.06  0.144 595752  0.177 171512  0.186 151209  0.194 141209  0.181 201713  0.160 141209  0.153 201613
PROBE
PROBE z=1.40  0.142 101417  0.172 232016  0.200 211815  0.498 211715  0.226 201714  0.164 201714  0.147 191714
PROBE z=1.41  0.138 121214  0.169 211815  0.197 221816  0.557 201714  0.231 211714  0.165 201714  0.147 201614
PROBE z=1.42  0.135 615449  0.166 181614  0.194 242117  0.665 221814  0.236 211714  0.165 201714  0.146 201715
PROBE z=1.43  0.131 191818  0.163 161412  0.190 231916  0.723 775240  0.241 211715  0.165 201714  0.146 201714
PROBE z=1.44  0.127 121317  0.159 141310  0.186 221915  0.739 775240  0.245 181513  0.165 201715  0.145 191714
PROBE z=1.45  0.121 615650  0.155 141210  0.182 231916  0.877 755036  0.247 181613  0.164 201714  0.145 201715
PROBE z=1.46  0.114 595448  0.151 131109  0.179 231915  0.880 775138  0.242 181412  0.160 201714  0.142 201714
PROBE z=1.47  0.108 101216  0.150 100906  0.175 181612  0.860 764936  0.238 221916  0.157 201714  0.139 201714
PROBE z=1.48  0.101 504643  0.156 090705  0.170 141108  0.826 765138  0.234 191613  0.153 201714  0.136 211714
PROBE z=1.49  0.094 524741  0.155 191410  0.178 080603  0.674 241713  0.230 191715  0.150 201714  0.133 211715
PROBE z=1.50  0.073 444138  0.154 161310  0.178 050401  0.674 181412  0.225 191714  0.146 201714  0.130 211715
PROBE z=1.51  0.063 564233  0.064 413733  0.177 100703  0.606 191713  0.221 191714  0.142 201714  0.127 211716
PROBE z=1.52  0.066 684533  0.066 593726  0.171 191511  0.552 191714  0.205 201714  0.139 201714  0.124 201714
PROBE z=1.53  0.068 714835  0.067 633927  0.161 211714  0.302 201714  0.185 201714  0.129 191714  0.118 201714
PROBE z=1.54  0.070 724836  0.068 644128  0.151 171512  0.240 201714  0.167 201715  0.119 191714  0.109 201714
PROBE z=1.55  0.073 724836  0.069 684331  0.141 181513  0.182 181613  0.149 191714  0.108 191613  0.101 201714
PROBE z=1.56  0.075 724836  0.070 694533  0.131 171513  0.123 161310  0.129 191613  0.098 191613  0.093 191613
PROBE z=1.57  0.077 694633  0.071 694633  0.109 121009  0.117 181512  0.107 100906  0.091 181513  0.086 141209
PROBE z=1.58  0.138 574028  0.072 674330  0.066 694533  0.109 171411  0.103 171411  0.088 191613  0.083 201613
PROBE z=1.59  0.146 503628  0.073 674431  0.065 704733  0.101 161412  0.097 191613  0.085 201714  0.081 201614
PROBE z=1.60  0.148 503626  0.099 634129  0.066 734937  0.060 714835  0.091 181613  0.082 201614  0.078 201714
PROBE z=1.61  0.147 644733  0.108 513726  0.066 735038  0.060 735038  0.059 714734  0.075 231914  0.076 211713
PROBE z=1.62  0.145 634433  0.114 554028  0.067 735038  0.060 745038  0.058 735037  0.054 724735  0.053 714734
PROBE z=1.63  0.144 744535  0.115 543827  0.075 745038  0.060 755239  0.056 755138  0.052 745038  0.052 735037
PROBE z=1.64  0.143 432516  0.119 553928  0.080 745038  0.060 755240  0.054 755239  0.050 755139  0.051 755038
PROBE z=1.65  0.146 664332  0.122 594130  0.085 735037  0.063 755240  0.056 745138  0.051 613929  0.051 463021
PROBE z=1.66  0.151 553825  0.124 734937  0.086 724935  0.067 755139  0.060 372314  0.054 332317  0.053 312114
PROBE z=1.67  0.170 734735  0.126 724936  0.088 745038  0.070 734937  0.063 332216  0.056 332417  0.055 302116
PROBE z=1.68  0.170 714734  0.127 745038  0.091 735037  0.073 664431  0.065 322215  0.058 312217  0.057 292116
PROBE z=1.69  0.164 704533  0.126 745139  0.090 724936  0.075 654229  0.068 302115  0.061 302116  0.060 302116
PROBE z=1.70  0.158 684531  0.125 745138  0.090 704936  0.078 362112  0.070 302115  0.063 272014  0.062 282116
PROBE z=1.71  0.152 684431  0.124 735037  0.090 311912  0.080 281912  0.073 292114  0.065 282116  0.064 292116
PROBE
HEADBOX z 1.62..1.72: x -0.110..0.110 y -0.144..0.080 (centre y -0.032)
HEADBOX z 1.72..1.80: x -0.114..0.110 y -0.209..0.131 (centre y -0.039)
Blender 5.1.2 (hash ec6e62d40fa9 built 2026-05-19 01:37:34)

Blender quit
