00:00.359  blend            | Read blend: "E:\game-dev-team\assets\bus_stop\_work\busstop_work.blend"
E:\game-dev-team\assets\bus_stop\_work\12_preview.py:9: DeprecationWarning: 'Material.use_nodes' is expected to be removed in Blender 6.0
  mat = bpy.data.materials.new('prev'); mat.use_nodes = True
E:\game-dev-team\assets\bus_stop\_work\12_preview.py:34: DeprecationWarning: 'World.use_nodes' is expected to be removed in Blender 6.0
  w = bpy.data.worlds.new('W'); sc.world = w; w.use_nodes = True
E:\game-dev-team\assets\bus_stop\_work\12_preview.py:38: DeprecationWarning: 'Material.use_nodes' is expected to be removed in Blender 6.0
  gm = bpy.data.materials.new('ground'); gm.use_nodes = True
E:\game-dev-team\assets\bus_stop\_work\12_preview.py:44: DeprecationWarning: 'Material.use_nodes' is expected to be removed in Blender 6.0
  hm = bpy.data.materials.new('hero'); hm.use_nodes = True
00:02.984  render           | Saved: 'E:\game-dev-team\assets\bus_stop\renders\busstop_game_camera.png'
00:03.578  render           | Saved: 'E:\game-dev-team\assets\bus_stop\renders\busstop_open_side.png'
00:04.578  render           | Saved: 'E:\game-dev-team\assets\bus_stop\renders\qc_game_camera_true_scale.png'
00:05.734  render           | Saved: 'E:\game-dev-team\assets\bus_stop\renders\qc_game_edge_low.png'
00:07.031  render           | Saved: 'E:\game-dev-team\assets\bus_stop\renders\qc_back.png'
00:07.718  render           | Saved: 'E:\game-dev-team\assets\bus_stop\renders\qc_side.png'
00:08.421  render           | Saved: 'E:\game-dev-team\assets\bus_stop\renders\qc_top.png'
00:08.984  render           | Saved: 'E:\game-dev-team\assets\bus_stop\renders\qc_sign_close.png'
00:09.531  render           | Saved: 'E:\game-dev-team\assets\bus_stop\renders\qc_urn_close.png'
00:10.062  render           | Saved: 'E:\game-dev-team\assets\bus_stop\renders\qc_inside_close.png'
RENDER E:/game-dev-team/assets/bus_stop/renders/busstop_game_camera.png
RENDER E:/game-dev-team/assets/bus_stop/renders/busstop_open_side.png
RENDER E:/game-dev-team/assets/bus_stop/renders/qc_game_camera_true_scale.png
RENDER E:/game-dev-team/assets/bus_stop/renders/qc_game_edge_low.png
RENDER E:/game-dev-team/assets/bus_stop/renders/qc_back.png
RENDER E:/game-dev-team/assets/bus_stop/renders/qc_side.png
RENDER E:/game-dev-team/assets/bus_stop/renders/qc_top.png
RENDER E:/game-dev-team/assets/bus_stop/renders/qc_sign_close.png
RENDER E:/game-dev-team/assets/bus_stop/renders/qc_urn_close.png
RENDER E:/game-dev-team/assets/bus_stop/renders/qc_inside_close.png
Blender 5.1.2 (hash ec6e62d40fa9 built 2026-05-19 01:37:34)

Blender quit
00:00.328  blend            | Read blend: "E:\game-dev-team\assets\bus_stop\_work\busstop_work.blend"
E:\game-dev-team\assets\bus_stop\_work\12_preview.py:9: DeprecationWarning: 'Material.use_nodes' is expected to be removed in Blender 6.0
  mat = bpy.data.materials.new('prev'); mat.use_nodes = True
E:\game-dev-team\assets\bus_stop\_work\12_preview.py:34: DeprecationWarning: 'World.use_nodes' is expected to be removed in Blender 6.0
  w = bpy.data.worlds.new('W'); sc.world = w; w.use_nodes = True
E:\game-dev-team\assets\bus_stop\_work\12_preview.py:38: DeprecationWarning: 'Material.use_nodes' is expected to be removed in Blender 6.0
  gm = bpy.data.materials.new('ground'); gm.use_nodes = True
E:\game-dev-team\assets\bus_stop\_work\12_preview.py:44: DeprecationWarning: 'Material.use_nodes' is expected to be removed in Blender 6.0
  hm = bpy.data.materials.new('hero'); hm.use_nodes = True
00:02.563  render           | Saved: 'E:\game-dev-team\assets\bus_stop\renders\qc_mask_on_busstop_game_camera.png'
00:02.969  render           | Saved: 'E:\game-dev-team\assets\bus_stop\renders\qc_mask_on_busstop_open_side.png'
RENDER E:/game-dev-team/assets/bus_stop/renders/qc_mask_on_busstop_game_camera.png
RENDER E:/game-dev-team/assets/bus_stop/renders/qc_mask_on_busstop_open_side.png
Blender 5.1.2 (hash ec6e62d40fa9 built 2026-05-19 01:37:34)

Blender quit
00:00.328  blend            | Read blend: "E:\game-dev-team\assets\bus_stop\_work\busstop_work.blend"
E:\game-dev-team\assets\bus_stop\_work\12_preview.py:9: DeprecationWarning: 'Material.use_nodes' is expected to be removed in Blender 6.0
  mat = bpy.data.materials.new('prev'); mat.use_nodes = True
E:\game-dev-team\assets\bus_stop\_work\12_preview.py:23: DeprecationWarning: 'Material.use_nodes' is expected to be removed in Blender 6.0
  cm = bpy.data.materials.new('ucx'); cm.use_nodes = True
E:\game-dev-team\assets\bus_stop\_work\12_preview.py:34: DeprecationWarning: 'World.use_nodes' is expected to be removed in Blender 6.0
  w = bpy.data.worlds.new('W'); sc.world = w; w.use_nodes = True
E:\game-dev-team\assets\bus_stop\_work\12_preview.py:38: DeprecationWarning: 'Material.use_nodes' is expected to be removed in Blender 6.0
  gm = bpy.data.materials.new('ground'); gm.use_nodes = True
E:\game-dev-team\assets\bus_stop\_work\12_preview.py:44: DeprecationWarning: 'Material.use_nodes' is expected to be removed in Blender 6.0
  hm = bpy.data.materials.new('hero'); hm.use_nodes = True
00:05.844  render           | Saved: 'E:\game-dev-team\assets\bus_stop\renders\qc_blocks_busstop_game_camera.png'
00:06.609  render           | Saved: 'E:\game-dev-team\assets\bus_stop\renders\qc_blocks_busstop_open_side.png'
RENDER E:/game-dev-team/assets/bus_stop/renders/qc_blocks_busstop_game_camera.png
RENDER E:/game-dev-team/assets/bus_stop/renders/qc_blocks_busstop_open_side.png
Blender 5.1.2 (hash ec6e62d40fa9 built 2026-05-19 01:37:34)

Blender quit
00:00.281  blend            | Read blend: "E:\game-dev-team\assets\bus_stop\_work\busstop_work.blend"
E:\game-dev-team\assets\bus_stop\_work\12_preview.py:9: DeprecationWarning: 'Material.use_nodes' is expected to be removed in Blender 6.0
  mat = bpy.data.materials.new('prev'); mat.use_nodes = True
E:\game-dev-team\assets\bus_stop\_work\12_preview.py:34: DeprecationWarning: 'World.use_nodes' is expected to be removed in Blender 6.0
  w = bpy.data.worlds.new('W'); sc.world = w; w.use_nodes = True
E:\game-dev-team\assets\bus_stop\_work\12_preview.py:38: DeprecationWarning: 'Material.use_nodes' is expected to be removed in Blender 6.0
  gm = bpy.data.materials.new('ground'); gm.use_nodes = True
E:\game-dev-team\assets\bus_stop\_work\12_preview.py:44: DeprecationWarning: 'Material.use_nodes' is expected to be removed in Blender 6.0
  hm = bpy.data.materials.new('hero'); hm.use_nodes = True
00:02.516  render           | Saved: 'E:\game-dev-team\assets\bus_stop\renders\qc_untinted_busstop_game_camera.png'
00:02.938  render           | Saved: 'E:\game-dev-team\assets\bus_stop\renders\qc_untinted_busstop_open_side.png'
RENDER E:/game-dev-team/assets/bus_stop/renders/qc_untinted_busstop_game_camera.png
RENDER E:/game-dev-team/assets/bus_stop/renders/qc_untinted_busstop_open_side.png
Blender 5.1.2 (hash ec6e62d40fa9 built 2026-05-19 01:37:34)

Blender quit
