00:00.484  blend            | Read blend: "E:\game-dev-team\assets\armor_wearables\_work\master.blend"
=== FILE E:\game-dev-team\assets\armor_wearables\_work\master.blend
--- objects ---
  BaseHead                     type=MESH      parent=RootAnim     loc=(0.0, 0.0, 0.0) rot=(0.0, -0.0, 0.0) scale=(1.0, 1.0, 1.0)
  L1_Head                      type=MESH      parent=RootAnim     loc=(0.0, 0.0, 0.0) rot=(0.0, -0.0, 0.0) scale=(1.0, 1.0, 1.0)
  L1_Legs                      type=MESH      parent=RootAnim     loc=(0.0, 0.0, 0.0) rot=(0.0, -0.0, 0.0) scale=(1.0, 1.0, 1.0)
  L1_Torso                     type=MESH      parent=RootAnim     loc=(0.0, 0.0, 0.0) rot=(0.0, -0.0, 0.0) scale=(1.0, 1.0, 1.0)
  RootAnim                     type=ARMATURE  parent=-            loc=(0.0, 0.0, 0.0) rot=(0.0, -0.0, 0.0) scale=(1.0, 1.0, 1.0)
--- armature object RootAnim (data RootAnim) bones=21 ---
  C_Root               parent=-                    head=(-0.0002,-0.0008, 0.8390) tail=(-0.0002,-0.0008, 1.0945) len=0.2554
  C_Spine01            parent=C_Root               head=(-0.0002,-0.0008, 1.0945) tail=(-0.0002,-0.0008, 1.3405) len=0.2460
  L_UpperArm           parent=C_Spine01            head=(-0.0002,-0.0008, 1.3405) tail=( 0.2860,-0.0008, 1.3424) len=0.2862
  L_Shoulder           parent=L_UpperArm           head=( 0.2860,-0.0008, 1.3424) tail=( 0.6309,-0.0008, 1.3359) len=0.3449
  L_Arm                parent=L_Shoulder           head=( 0.6309,-0.0008, 1.3359) tail=( 0.8977,-0.0008, 1.3364) len=0.2668
  L_Hand               parent=L_Arm                head=( 0.8977,-0.0008, 1.3364) tail=( 1.1601,-0.0008, 1.2887) len=0.2668
  R_UpperArm           parent=C_Spine01            head=(-0.0002,-0.0008, 1.3405) tail=(-0.2864,-0.0008, 1.3424) len=0.2862
  R_Arm                parent=R_UpperArm           head=(-0.2864,-0.0008, 1.3424) tail=(-0.6313,-0.0008, 1.3359) len=0.3449
  Pelvis_009_R_002     parent=R_Arm                head=(-0.6313,-0.0008, 1.3359) tail=(-0.8980,-0.0008, 1.3364) len=0.2668
  R_Hand               parent=Pelvis_009_R_002     head=(-0.8980,-0.0008, 1.3364) tail=(-1.1605,-0.0008, 1.2887) len=0.2668
  C_Spine02            parent=C_Spine01            head=(-0.0002,-0.0008, 1.3405) tail=(-0.0002,-0.0008, 1.4611) len=0.1206
  C_Neck               parent=C_Spine02            head=(-0.0002,-0.0008, 1.4611) tail=(-0.0002,-0.0008, 1.5318) len=0.0707
  C_Head               parent=C_Neck               head=(-0.0002,-0.0008, 1.5318) tail=(-0.0002,-0.0008, 1.6026) len=0.0707
  L_Pelvis             parent=-                    head=(-0.0002,-0.0008, 0.8390) tail=( 0.1049,-0.0008, 0.8372) len=0.1051
  L_Thigh              parent=L_Pelvis             head=( 0.1049,-0.0008, 0.8372) tail=( 0.1255,-0.0008, 0.4583) len=0.3795
  L_Claf               parent=L_Thigh              head=( 0.1255,-0.0008, 0.4583) tail=( 0.1490,-0.0008, 0.0367) len=0.4222
  L_Foot               parent=L_Claf               head=( 0.1490,-0.0008, 0.0367) tail=( 0.1490,-0.4230, 0.0334) len=0.4222
  R_Pelvis             parent=-                    head=(-0.0002,-0.0008, 0.8390) tail=(-0.1052,-0.0008, 0.8372) len=0.1051
  R_Thigh              parent=R_Pelvis             head=(-0.1052,-0.0008, 0.8372) tail=(-0.1259,-0.0008, 0.4583) len=0.3795
  R_Claf               parent=R_Thigh              head=(-0.1259,-0.0008, 0.4583) tail=(-0.1493,-0.0008, 0.0367) len=0.4222
  R_Foot               parent=R_Claf               head=(-0.1493,-0.0008, 0.0367) tail=(-0.1493,-0.4230, 0.0334) len=0.4222
--- actions ---
--- meshes ---
  BaseHead                 verts=114    polys=130    vgroups=2 mods=[('ARMATURE', 'RootAnim')]
     colattrs=[('Attribute', 'CORNER', 'BYTE_COLOR')] uv=['DiffuseUV']
  L1_Head                  verts=669    polys=227    vgroups=2 mods=[('ARMATURE', 'RootAnim')]
     colattrs=[('Attribute', 'CORNER', 'BYTE_COLOR')] uv=['DiffuseUV']
  L1_Legs                  verts=592    polys=224    vgroups=12 mods=[('ARMATURE', 'RootAnim')]
     colattrs=[('Attribute', 'CORNER', 'BYTE_COLOR')] uv=['DiffuseUV']
  L1_Torso                 verts=974    polys=386    vgroups=16 mods=[('ARMATURE', 'RootAnim')]
     colattrs=[('Attribute', 'CORNER', 'BYTE_COLOR')] uv=['DiffuseUV']
=== INSPECT_DONE
Blender 5.1.2 (hash ec6e62d40fa9 built 2026-05-19 01:37:34)

Blender quit
