Using bundled DotNet SDK version: 8.0.300
Running UnrealBuildTool: dotnet "..\..\Engine\Binaries\DotNET\UnrealBuildTool\UnrealBuildTool.dll" ContrarySurvivorEditor Win64 Development -Project=E:/ContrarySurvior/ContrarySurvivor/ContrarySurvivor.uproject -WaitMutex -Rebuild
Log file: C:\Users\pgr40\AppData\Local\UnrealBuildTool\Log.txt
Cleaning ContrarySurvivorEditor binaries...
Available x64 toolchains (1):
 * C:\Program Files\Microsoft Visual Studio\2022\Professional\VC\Tools\MSVC\14.44.35207
    (Family=14.44.35207, FamilyRank=1, Version=14.44.35222, Is64Bit=True, ReleaseChannel=Latest, Architecture=x64)
Visual Studio 2022 compiler version 14.44.35222 is not a preferred version. Please use the latest preferred version 14.38.33130
Using 'git status' to determine working set for adaptive non-unity build (E:\ContrarySurvior\ContrarySurvivor).
Creating makefile for ContrarySurvivorEditor (no existing makefile)
Building ContrarySurvivorEditor...
Using Visual Studio 2022 14.44.35222 toolchain (C:\Program Files\Microsoft Visual Studio\2022\Professional\VC\Tools\MSVC\14.44.35207) and Windows 10.0.26100.0 SDK (C:\Program Files (x86)\Windows Kits\10).
Warning: Visual Studio 2022 compiler is not a preferred version
Determining max actions to execute in parallel (10 physical cores, 16 logical cores)
  Executing up to 10 processes, one per physical core
Using Unreal Build Accelerator local executor to run 36 action(s)
  Storage capacity 40Gb
---- Starting trace: 260801_105319 ----
UbaSessionServer - Disable remote execution (remote sessions will finish current processes)
------ Building 36 action(s) started ------
[1/36] Resource Default.rc2
[2/36] Resource Default.rc2
[3/36] Resource Default.rc2
[4/36] Resource Default.rc2
UbaSessionServer - Allocation failed in MapViewOfFile (The paging file is too small for this operation to complete.).. process will sleep and try again
UbaSessionServer - Allocation failed in MapViewOfFile (The paging file is too small for this operation to complete.).. process will sleep and try again
UbaSessionServer - Allocation failed in MapViewOfFile (The paging file is too small for this operation to complete.).. process will sleep and try again
[5/36] Compile [x64] SharedPCH.UnrealEd.Project.ValApi.Cpp20.cpp
[6/36] Compile [x64] Module.ContrarySurvivor.11.cpp
[7/36] Compile [x64] Module.ContrarySurvivor.1.cpp
[8/36] Compile [x64] Module.ContrarySurvivor.2.cpp
[9/36] Compile [x64] Module.ContrarySurvivor.7.cpp
UbaSessionServer - Waited 520ms for memory pressure to go down (Available: 9.2gb Total: 37.0gb)
[10/36] Compile [x64] Module.ContrarySurvivor.4.cpp
[11/36] Compile [x64] Module.ContrarySurvivor.3.cpp
[12/36] Compile [x64] ContrarySurvivorEditorModule.cpp
[13/36] Compile [x64] AddGripSocketCommandlet.cpp
UbaSessionServer - Waited 2.4s for memory pressure to go down (Available: 6.5gb Total: 37.0gb)
[14/36] Compile [x64] GenerateWbpCommandlet.gen.cpp
[15/36] Compile [x64] AddGripSocketCommandlet.gen.cpp
[16/36] Compile [x64] PatchAnimBpCommandlet.gen.cpp
[17/36] Compile [x64] Module.GameAnalytics.cpp
[18/36] Compile [x64] PerModuleInline.gen.cpp
[19/36] Link [x64] UnrealEditor-GameAnalytics.lib
   Создается библиотека E:\ContrarySurvior\ContrarySurvivor\Plugins\GameAnalytics\Intermediate\Build\Win64\x64\UnrealEditor\Development\GameAnalytics\UnrealEditor-GameAnalytics.lib и объект E:\ContrarySurvior\ContrarySurvivor\Plugins\GameAnalytics\Intermediate\Build\Win64\x64\UnrealEditor\Development\GameAnalytics\UnrealEditor-GameAnalytics.exp
UbaSessionServer - Waited 3.3s for memory pressure to go down (Available: 7.8gb Total: 37.0gb)
[20/36] Compile [x64] GenerateWbpCommandlet.cpp
[21/36] Compile [x64] ContrarySurvivorEditor.init.gen.cpp
[22/36] Compile [x64] PatchAnimBpCommandlet.cpp
[23/36] Link [x64] UnrealEditor-ContrarySurvivorEditor.lib
   Создается библиотека E:\ContrarySurvior\ContrarySurvivor\Intermediate\Build\Win64\x64\UnrealEditor\Development\ContrarySurvivorEditor\UnrealEditor-ContrarySurvivorEditor.lib и объект E:\ContrarySurvior\ContrarySurvivor\Intermediate\Build\Win64\x64\UnrealEditor\Development\ContrarySurvivorEditor\UnrealEditor-ContrarySurvivorEditor.exp
[24/36] Compile [x64] Module.ContrarySurvivor.8.cpp
[25/36] Link [x64] UnrealEditor-GameAnalytics.dll
   Создание объекта E:\ContrarySurvior\ContrarySurvivor\Plugins\GameAnalytics\Binaries\Win64\UnrealEditor-GameAnalytics.exp
[26/36] Compile [x64] Module.ContrarySurvivor.5.cpp
[27/36] Compile [x64] Module.ContrarySurvivor.10.cpp
[28/36] Compile [x64] Module.ContrarySurvivor.6.cpp
[29/36] Compile [x64] Module.ContrarySurvivor.9.cpp
[30/36] Link [x64] UnrealEditor-ContrarySurvivor.lib
   Создается библиотека E:\ContrarySurvior\ContrarySurvivor\Intermediate\Build\Win64\x64\UnrealEditor\Development\ContrarySurvivor\UnrealEditor-ContrarySurvivor.lib и объект E:\ContrarySurvior\ContrarySurvivor\Intermediate\Build\Win64\x64\UnrealEditor\Development\ContrarySurvivor\UnrealEditor-ContrarySurvivor.exp
[31/36] Link [x64] UnrealEditor-ContrarySurvivor.dll
   Создание объекта E:\ContrarySurvior\ContrarySurvivor\Binaries\Win64\UnrealEditor-ContrarySurvivor.exp
[32/36] Link [x64] UnrealEditor-ContrarySurvivorEditor.dll
   Создание объекта E:\ContrarySurvior\ContrarySurvivor\Binaries\Win64\UnrealEditor-ContrarySurvivorEditor.exp
[33/36] Compile [x64] Module.GameAnalyticsEditor.cpp
E:\ContrarySurvior\ContrarySurvivor\Plugins\GameAnalytics\Source\GameAnalyticsEditor\Private\GameAnalyticsTargetSettingsCustomization.cpp(118): warning C4996: 'FEditorStyle::Get': FEditorStyle::Get() is deprecated, use FAppStyle::Get() instead. Please update your code to the new API before upgrading to the next release, otherwise your project will no longer compile.
E:\ContrarySurvior\ContrarySurvivor\Plugins\GameAnalytics\Source\GameAnalyticsEditor\Private\GameAnalyticsTargetSettingsCustomization.cpp(119): warning C4996: 'FEditorStyle::Get': FEditorStyle::Get() is deprecated, use FAppStyle::Get() instead. Please update your code to the new API before upgrading to the next release, otherwise your project will no longer compile.
[34/36] Link [x64] UnrealEditor-GameAnalyticsEditor.lib
   Создается библиотека E:\ContrarySurvior\ContrarySurvivor\Plugins\GameAnalytics\Intermediate\Build\Win64\x64\UnrealEditor\Development\GameAnalyticsEditor\UnrealEditor-GameAnalyticsEditor.lib и объект E:\ContrarySurvior\ContrarySurvivor\Plugins\GameAnalytics\Intermediate\Build\Win64\x64\UnrealEditor\Development\GameAnalyticsEditor\UnrealEditor-GameAnalyticsEditor.exp
[35/36] Link [x64] UnrealEditor-GameAnalyticsEditor.dll
   Создание объекта E:\ContrarySurvior\ContrarySurvivor\Plugins\GameAnalytics\Binaries\Win64\UnrealEditor-GameAnalyticsEditor.exp
[36/36] WriteMetadata ContrarySurvivorEditor.target (UBA disabled)
Trace file written to C:/Users/pgr40/AppData/Local/UnrealBuildTool/Log.uba with size 12.3kb
Total time in Unreal Build Accelerator local executor: 42.82 seconds
Total execution time: 148.72 seconds
EXIT=0
