Using bundled DotNet SDK version: 8.0.300
Running UnrealBuildTool: dotnet "..\..\Engine\Binaries\DotNET\UnrealBuildTool\UnrealBuildTool.dll" ContrarySurvivorEditor Win64 Development -Project=E:/ContrarySurvior/ContrarySurvivor/ContrarySurvivor.uproject -WaitMutex -NoHotReload -Rebuild
Log file: C:\Users\pgr40\AppData\Local\UnrealBuildTool\Log.txt
Cleaning ContrarySurvivorEditor binaries...
Available x64 toolchains (1):
 * C:\Program Files\Microsoft Visual Studio\2022\Professional\VC\Tools\MSVC\14.44.35207
    (Family=14.44.35207, FamilyRank=1, Version=14.44.35222, Is64Bit=True, ReleaseChannel=Latest, Architecture=x64)
Visual Studio 2022 compiler version 14.44.35222 is not a preferred version. Please use the latest preferred version 14.38.33130
Using 'git status' to determine working set for adaptive non-unity build (E:\ContrarySurvior\ContrarySurvivor).
Creating makefile for ContrarySurvivorEditor (no existing makefile)
Parsing headers for ContrarySurvivorEditor
  Running Internal UnrealHeaderTool E:\ContrarySurvior\ContrarySurvivor\ContrarySurvivor.uproject E:\ContrarySurvior\ContrarySurvivor\Intermediate\Build\Win64\ContrarySurvivorEditor\Development\ContrarySurvivorEditor.uhtmanifest -WarningsAsErrors -installed
Total of 0 written
Reflection code generated for ContrarySurvivorEditor in 1.4132683 seconds
Building ContrarySurvivorEditor...
Using Visual Studio 2022 14.44.35222 toolchain (C:\Program Files\Microsoft Visual Studio\2022\Professional\VC\Tools\MSVC\14.44.35207) and Windows 10.0.26100.0 SDK (C:\Program Files (x86)\Windows Kits\10).
Warning: Visual Studio 2022 compiler is not a preferred version
Determining max actions to execute in parallel (10 physical cores, 16 logical cores)
  Executing up to 10 processes, one per physical core
Using Unreal Build Accelerator local executor to run 20 action(s)
  Storage capacity 40Gb
---- Starting trace: 260718_105747 ----
UbaSessionServer - Disable remote execution (remote sessions will finish current processes)
------ Building 20 action(s) started ------
[1/20] Resource Default.rc2
[2/20] Resource Default.rc2
[3/20] Resource Default.rc2
UbaSessionServer - Allocation failed in MapViewOfFile (The paging file is too small for this operation to complete.).. process will sleep and try again
UbaSessionServer - Allocation failed in MapViewOfFile (The paging file is too small for this operation to complete.).. process will sleep and try again
UbaSessionServer - Allocation failed in MapViewOfFile (The paging file is too small for this operation to complete.).. process will sleep and try again
UbaSessionServer - Allocation failed in VirtualAlloc (The paging file is too small for this operation to complete.).. process will sleep and try again
UbaSessionServer - Allocation failed in VirtualAlloc (The paging file is too small for this operation to complete.).. process will sleep and try again
UbaSessionServer - Allocation failed in VirtualAlloc (The paging file is too small for this operation to complete.).. process will sleep and try again
UbaSessionServer - Allocation failed in VirtualAlloc (The paging file is too small for this operation to complete.).. process will sleep and try again
UbaSessionServer - Allocation failed in VirtualAlloc (The paging file is too small for this operation to complete.).. process will sleep and try again
UbaSessionServer - Allocation failed in VirtualAlloc (The paging file is too small for this operation to complete.).. process will sleep and try again
UbaSessionServer - Allocation failed in MapViewOfFile (The paging file is too small for this operation to complete.).. process will sleep and try again
UbaSessionServer - Allocation failed in MapViewOfFile (The paging file is too small for this operation to complete.).. process will sleep and try again
UbaSessionServer - Allocation failed in MapViewOfFile (The paging file is too small for this operation to complete.).. process will sleep and try again
UbaSessionServer - Allocation failed in VirtualAlloc (The paging file is too small for this operation to complete.).. process will sleep and try again
UbaSessionServer - Allocation failed in VirtualAlloc (The paging file is too small for this operation to complete.).. process will sleep and try again
UbaSessionServer - Allocation failed in VirtualAlloc (The paging file is too small for this operation to complete.).. process will sleep and try again
UbaSessionServer - Allocation failed in VirtualAlloc (The paging file is too small for this operation to complete.).. process will sleep and try again
UbaSessionServer - Allocation failed in VirtualAlloc (The paging file is too small for this operation to complete.).. process will sleep and try again
UbaSessionServer - Allocation failed in VirtualAlloc (The paging file is too small for this operation to complete.).. process will sleep and try again
Fatal error. Internal CLR error. (0x80131506)
