Using bundled DotNet SDK version: 8.0.300
Running UnrealBuildTool: dotnet "..\..\Engine\Binaries\DotNET\UnrealBuildTool\UnrealBuildTool.dll" ContrarySurvivorEditor Win64 Development -Project=E:/ContrarySurvior/ContrarySurvivor/ContrarySurvivor.uproject -WaitMutex -NoHotReload -Rebuild
Log file: C:\Users\pgr40\AppData\Local\UnrealBuildTool\Log.txt
Cleaning ContrarySurvivorEditor binaries...
Available x64 toolchains (1):
 * C:\Program Files\Microsoft Visual Studio\2022\Professional\VC\Tools\MSVC\14.44.35207
    (Family=14.44.35207, FamilyRank=1, Version=14.44.35222, Is64Bit=True, ReleaseChannel=Latest, Architecture=x64)
Visual Studio 2022 compiler version 14.44.35222 is not a preferred version. Please use the latest preferred version 14.38.33130
Using 'git status' to determine working set for adaptive non-unity build (E:\ContrarySurvior\ContrarySurvivor).
Creating makefile for ContrarySurvivorEditor (no existing makefile)
Building ContrarySurvivorEditor...
Using Visual Studio 2022 14.44.35222 toolchain (C:\Program Files\Microsoft Visual Studio\2022\Professional\VC\Tools\MSVC\14.44.35207) and Windows 10.0.26100.0 SDK (C:\Program Files (x86)\Windows Kits\10).
Warning: Visual Studio 2022 compiler is not a preferred version
Determining max actions to execute in parallel (10 physical cores, 16 logical cores)
  Executing up to 10 processes, one per physical core
Using Unreal Build Accelerator local executor to run 11 action(s)
  Storage capacity 40Gb
---- Starting trace: 260711_193748 ----
UbaSessionServer - Disable remote execution (remote sessions will finish current processes)
------ Building 11 action(s) started ------
[1/11] Resource Default.rc2
[2/11] Compile [x64] SharedPCH.UnrealEd.Project.ValApi.Cpp20.cpp
[3/11] Compile [x64] Module.ContrarySurvivor.1.cpp
[4/11] Compile [x64] Module.ContrarySurvivor.4.cpp
[5/11] Compile [x64] Module.ContrarySurvivor.3.cpp
[6/11] Compile [x64] Module.ContrarySurvivor.2.cpp
[7/11] Compile [x64] Module.ContrarySurvivor.6.cpp
[8/11] Compile [x64] Module.ContrarySurvivor.5.cpp
[9/11] Link [x64] UnrealEditor-ContrarySurvivor.lib
   Создается библиотека E:\ContrarySurvior\ContrarySurvivor\Intermediate\Build\Win64\x64\UnrealEditor\Development\ContrarySurvivor\UnrealEditor-ContrarySurvivor.lib и объект E:\ContrarySurvior\ContrarySurvivor\Intermediate\Build\Win64\x64\UnrealEditor\Development\ContrarySurvivor\UnrealEditor-ContrarySurvivor.exp
[10/11] Link [x64] UnrealEditor-ContrarySurvivor.dll
   Создание объекта E:\ContrarySurvior\ContrarySurvivor\Binaries\Win64\UnrealEditor-ContrarySurvivor.exp
[11/11] WriteMetadata ContrarySurvivorEditor.target (UBA disabled)
Trace file written to C:/Users/pgr40/AppData/Local/UnrealBuildTool/Log.uba with size 6.4kb
Total time in Unreal Build Accelerator local executor: 33.87 seconds
Total execution time: 58.76 seconds
