Using bundled DotNet SDK version: 8.0.300
Running UnrealBuildTool: dotnet "..\..\Engine\Binaries\DotNET\UnrealBuildTool\UnrealBuildTool.dll" ContrarySurvivorEditor Win64 Development -Project=E:/ContrarySurvior/ContrarySurvivor/ContrarySurvivor.uproject -WaitMutex -NoHotReload -NoUBA -MaxParallelActions=6 -Rebuild
Log file: C:\Users\pgr40\AppData\Local\UnrealBuildTool\Log.txt
Cleaning ContrarySurvivorEditor binaries...
Available x64 toolchains (1):
 * C:\Program Files\Microsoft Visual Studio\2022\Professional\VC\Tools\MSVC\14.44.35207
    (Family=14.44.35207, FamilyRank=1, Version=14.44.35222, Is64Bit=True, ReleaseChannel=Latest, Architecture=x64)
Visual Studio 2022 compiler version 14.44.35222 is not a preferred version. Please use the latest preferred version 14.38.33130
Using 'git status' to determine working set for adaptive non-unity build (E:\ContrarySurvior\ContrarySurvivor).
Creating makefile for ContrarySurvivorEditor (no existing makefile)
Building ContrarySurvivorEditor...
Using Visual Studio 2022 14.44.35222 toolchain (C:\Program Files\Microsoft Visual Studio\2022\Professional\VC\Tools\MSVC\14.44.35207) and Windows 10.0.26100.0 SDK (C:\Program Files (x86)\Windows Kits\10).
Warning: Visual Studio 2022 compiler is not a preferred version
Executing up to 6 actions based on MaxProcessorCount override
Using Unreal Build Accelerator local executor to run 32 action(s)
  Storage capacity 40Gb
---- Starting trace: 260728_145609 ----
UbaSessionServer - Disable remote execution (remote sessions will finish current processes)
------ Building 32 action(s) started ------
[1/32] Resource Default.rc2
[2/32] Resource Default.rc2
[3/32] Resource Default.rc2
[4/32] Resource Default.rc2
[5/32] Compile [x64] SharedPCH.UnrealEd.Project.ValApi.Cpp20.cpp
[6/32] Compile [x64] Module.ContrarySurvivor.1.cpp
[7/32] Compile [x64] Module.ContrarySurvivor.6.cpp
[8/32] Compile [x64] Module.ContrarySurvivor.4.cpp
[9/32] Compile [x64] Module.ContrarySurvivor.5.cpp
[10/32] Compile [x64] Module.ContrarySurvivor.3.cpp
[11/32] Compile [x64] ContrarySurvivorEditor.init.gen.cpp
[12/32] Compile [x64] ContrarySurvivorEditorModule.cpp
[13/32] Compile [x64] Module.ContrarySurvivor.7.cpp
[14/32] Compile [x64] Module.ContrarySurvivor.2.cpp
[15/32] Compile [x64] GenerateWbpCommandlet.gen.cpp
[16/32] Compile [x64] PatchWbpDialogCommandlet.gen.cpp
[17/32] Compile [x64] PerModuleInline.gen.cpp
[18/32] Compile [x64] PatchWbpDialogCommandlet.cpp
[19/32] Compile [x64] GenerateWbpCommandlet.cpp
[20/32] Link [x64] UnrealEditor-ContrarySurvivorEditor.lib
   Создается библиотека E:\ContrarySurvior\ContrarySurvivor\Intermediate\Build\Win64\x64\UnrealEditor\Development\ContrarySurvivorEditor\UnrealEditor-ContrarySurvivorEditor.lib и объект E:\ContrarySurvior\ContrarySurvivor\Intermediate\Build\Win64\x64\UnrealEditor\Development\ContrarySurvivorEditor\UnrealEditor-ContrarySurvivorEditor.exp
[21/32] Compile [x64] Module.GameAnalytics.cpp
[22/32] Link [x64] UnrealEditor-GameAnalytics.lib
   Создается библиотека E:\ContrarySurvior\ContrarySurvivor\Plugins\GameAnalytics\Intermediate\Build\Win64\x64\UnrealEditor\Development\GameAnalytics\UnrealEditor-GameAnalytics.lib и объект E:\ContrarySurvior\ContrarySurvivor\Plugins\GameAnalytics\Intermediate\Build\Win64\x64\UnrealEditor\Development\GameAnalytics\UnrealEditor-GameAnalytics.exp
[23/32] Link [x64] UnrealEditor-GameAnalytics.dll
   Создание объекта E:\ContrarySurvior\ContrarySurvivor\Plugins\GameAnalytics\Binaries\Win64\UnrealEditor-GameAnalytics.exp
[24/32] Compile [x64] Module.ContrarySurvivor.9.cpp
[25/32] Compile [x64] Module.ContrarySurvivor.8.cpp
[26/32] Link [x64] UnrealEditor-ContrarySurvivor.lib
   Создается библиотека E:\ContrarySurvior\ContrarySurvivor\Intermediate\Build\Win64\x64\UnrealEditor\Development\ContrarySurvivor\UnrealEditor-ContrarySurvivor.lib и объект E:\ContrarySurvior\ContrarySurvivor\Intermediate\Build\Win64\x64\UnrealEditor\Development\ContrarySurvivor\UnrealEditor-ContrarySurvivor.exp
[27/32] Link [x64] UnrealEditor-ContrarySurvivorEditor.dll
   Создание объекта E:\ContrarySurvior\ContrarySurvivor\Binaries\Win64\UnrealEditor-ContrarySurvivorEditor.exp
[28/32] Link [x64] UnrealEditor-ContrarySurvivor.dll
   Создание объекта E:\ContrarySurvior\ContrarySurvivor\Binaries\Win64\UnrealEditor-ContrarySurvivor.exp
[29/32] Compile [x64] Module.GameAnalyticsEditor.cpp
E:\ContrarySurvior\ContrarySurvivor\Plugins\GameAnalytics\Source\GameAnalyticsEditor\Private\GameAnalyticsTargetSettingsCustomization.cpp(118): warning C4996: 'FEditorStyle::Get': FEditorStyle::Get() is deprecated, use FAppStyle::Get() instead. Please update your code to the new API before upgrading to the next release, otherwise your project will no longer compile.
E:\ContrarySurvior\ContrarySurvivor\Plugins\GameAnalytics\Source\GameAnalyticsEditor\Private\GameAnalyticsTargetSettingsCustomization.cpp(119): warning C4996: 'FEditorStyle::Get': FEditorStyle::Get() is deprecated, use FAppStyle::Get() instead. Please update your code to the new API before upgrading to the next release, otherwise your project will no longer compile.
[30/32] Link [x64] UnrealEditor-GameAnalyticsEditor.lib
   Создается библиотека E:\ContrarySurvior\ContrarySurvivor\Plugins\GameAnalytics\Intermediate\Build\Win64\x64\UnrealEditor\Development\GameAnalyticsEditor\UnrealEditor-GameAnalyticsEditor.lib и объект E:\ContrarySurvior\ContrarySurvivor\Plugins\GameAnalytics\Intermediate\Build\Win64\x64\UnrealEditor\Development\GameAnalyticsEditor\UnrealEditor-GameAnalyticsEditor.exp
[31/32] Link [x64] UnrealEditor-GameAnalyticsEditor.dll
   Создание объекта E:\ContrarySurvior\ContrarySurvivor\Plugins\GameAnalytics\Binaries\Win64\UnrealEditor-GameAnalyticsEditor.exp
[32/32] WriteMetadata ContrarySurvivorEditor.target (UBA disabled)
Trace file written to C:/Users/pgr40/AppData/Local/UnrealBuildTool/Log.uba with size 11.3kb
Total time in Unreal Build Accelerator local executor: 43.11 seconds
Total execution time: 147.53 seconds
EXIT=0
