M	Content/Characters/Bandit/BP_EnemyBandit.uasset
A	Content/Characters/Shared/Humanoid/Anim_Death_Humanoid.uasset
M	Content/Characters/Shared/Humanoid/HeadAndSkeletonfbx_Head_Skeleton.uasset
M	Content/Characters/Trader/BP_Trader.uasset
A	Content/Characters/Trader/SK_Trader_Head.uasset
A	Content/Characters/Trader/SK_Trader_Legs.uasset
A	Content/Characters/Trader/SK_Trader_Torso.uasset
A	Content/Characters/Wolf/Anim_Wolf_Death.uasset
M	Content/Characters/Wolf/BP_Wolf.uasset
M	Content/Characters/Wolf/SK_Wolf.uasset
A	Content/Environment/Props/SM_HidePickup.uasset
A	Content/Environment/Props/SM_LootBackpack.uasset
A	Content/Environment/Props/SM_LootSack.uasset
A	Content/System/BP_Pickup.uasset
A	Content/System/BP_PickupWolf.uasset
M	Content/TestContentAndCode/PreProduction/HeadAndSkeletonfbx_Head_Skeleton.uasset
A	Content/UI/Icons/T_Icon_AdVideo.uasset
M	Content/UI/WBP_Death.uasset
M	Content/UI/WBP_Shop.uasset
M	Source/ContrarySurvivor/Actors/ElderNPC.cpp
M	Source/ContrarySurvivor/Actors/ElderNPC.h
M	Source/ContrarySurvivor/Actors/Pickup.cpp
M	Source/ContrarySurvivor/Actors/Pickup.h
A	Source/ContrarySurvivor/Ads/AdGatingLogic.cpp
A	Source/ContrarySurvivor/Ads/AdGatingLogic.h
A	Source/ContrarySurvivor/Ads/AdService.h
A	Source/ContrarySurvivor/Ads/DeathLossLogic.cpp
A	Source/ContrarySurvivor/Ads/DeathLossLogic.h
A	Source/ContrarySurvivor/Ads/MockAdService.cpp
A	Source/ContrarySurvivor/Ads/MockAdService.h
A	Source/ContrarySurvivor/Ads/MockAdWidget.cpp
A	Source/ContrarySurvivor/Ads/MockAdWidget.h
M	Source/ContrarySurvivor/Analytics/AnalyticsSubsystem.cpp
M	Source/ContrarySurvivor/Analytics/AnalyticsSubsystem.h
M	Source/ContrarySurvivor/Characters/EnemyCharacter.cpp
M	Source/ContrarySurvivor/Characters/MasterHumanoidCharacter.cpp
M	Source/ContrarySurvivor/Characters/MasterHumanoidCharacter.h
M	Source/ContrarySurvivor/Characters/PlayerCharacter.cpp
M	Source/ContrarySurvivor/Characters/PlayerCharacter.h
M	Source/ContrarySurvivor/Characters/WolfCharacter.cpp
M	Source/ContrarySurvivor/Characters/WolfCharacter.h
M	Source/ContrarySurvivor/Controllers/ContrarySurvivorPlayerController.cpp
M	Source/ContrarySurvivor/HUD/ContrarySurvivorHUD.cpp
M	Source/ContrarySurvivor/HUD/ContrarySurvivorHUD.h
M	Source/ContrarySurvivor/Retention/DailyRewardComponent.cpp
M	Source/ContrarySurvivor/Retention/DailyRewardComponent.h
M	Source/ContrarySurvivor/Save/ContrarySaveGame.cpp
M	Source/ContrarySurvivor/Save/ContrarySaveGame.h
A	Source/ContrarySurvivor/Tests/AdsAutomationTests.cpp
A	Source/ContrarySurvivor/Tests/StoryAutomationTests.cpp
M	Source/ContrarySurvivor/UI/DailyRewardWidget.cpp
M	Source/ContrarySurvivor/UI/DailyRewardWidget.h
M	Source/ContrarySurvivor/UI/DeathScreenWidget.cpp
M	Source/ContrarySurvivor/UI/DeathScreenWidget.h
M	Source/ContrarySurvivor/UI/DialogScreenWidget.cpp
A	Source/ContrarySurvivor/UI/EndOfStoryWidget.cpp
A	Source/ContrarySurvivor/UI/EndOfStoryWidget.h
M	Source/ContrarySurvivor/UI/ShopScreenWidget.cpp
M	Source/ContrarySurvivor/UI/ShopScreenWidget.h
A	Source/ContrarySurvivorEditor/AddGripSocketCommandlet.cpp
A	Source/ContrarySurvivorEditor/AddGripSocketCommandlet.h
M	Source/ContrarySurvivorEditor/GenerateWbpCommandlet.cpp
M	Source/ContrarySurvivorEditor/GenerateWbpCommandlet.h
