48d39910a5 * Content/Audio/Demo/death_pain_grunts.uasset
24f88ac526 * Content/Audio/Demo/footstep_soft_1.uasset
5babdc4f82 * Content/Audio/Demo/footstep_soft_2.uasset
7ae9da27a1 * Content/Audio/Demo/footstep_soft_3.uasset
475a747836 * Content/Audio/Demo/footstep_soft_4.uasset
a1a9f36c8f * Content/Audio/Demo/forest_ambience_loop.uasset
568133ea3f * Content/Audio/Demo/knife_melee_swing.uasset
753aa2de90 * Content/Audio/Demo/knife_melee_swing2.uasset
b43357e5ab * Content/Audio/Demo/pistol_22_gunshot.uasset
d1fd15c2c4 * Content/Audio/Demo/wolf_growl_monster1.uasset
27db082f0c * Content/Audio/Demo/wolf_growl_monster2.uasset
c6070638ae * Content/Audio/Demo/wolf_growl_wolfman.uasset
6d956c73c4 * Content/Characters/Armor/SK_Armor_Head_01.uasset
7cc999f7ce * Content/Characters/Armor/SK_Armor_Legs_01.uasset
26c2d4ceec * Content/Characters/Armor/SK_Armor_Torso_01.uasset
2fcb229a96 * Content/Characters/Bandit/BP_BanditBase.uasset
c2b0678ccb * Content/Characters/Bandit/BP_EnemyBandit.uasset
1cebcef9c6 * Content/Characters/Bandit/M_Bandit_VColor.uasset
31b91cf316 * Content/Characters/Bandit/SK_Bandit_Head.uasset
f3c1071c56 * Content/Characters/Bandit/SK_Bandit_Legs.uasset
7340e83f59 * Content/Characters/Bandit/SK_Bandit_Torso.uasset
d9e112de5f * Content/Characters/Elder/BP_Elder.uasset
1a7d1330d6 * Content/Characters/Elder/SK_Elder.uasset
b109b1fcce * Content/Characters/Elder/SK_Elder_Head.uasset
975c8c009f * Content/Characters/Elder/SK_Elder_Legs.uasset
4147ee5079 * Content/Characters/Elder/SK_Elder_Legs_PhysicsAsset.uasset
9b4d61ca7e * Content/Characters/Elder/SK_Elder_Torso.uasset
f0b98442a3 * Content/Characters/Elder/SK_Elder_Torso_PhysicsAsset.uasset
a313ed16a9 * Content/Characters/Player/BP_PlayerCharacter.uasset
e7fcf47a07 * Content/Characters/Shared/Armor/SK_Armor_Head_02.uasset
6aa249a167 * Content/Characters/Shared/Armor/SK_Armor_T1_Head.uasset
47b4baf4f0 * Content/Characters/Shared/Armor/SK_Armor_T1_Legs.uasset
7e3791b98b * Content/Characters/Shared/Armor/SK_Armor_T1_Torso.uasset
21f7f4293c * Content/Characters/Shared/Armor/SK_Armor_T2_Head.uasset
594cc479b6 * Content/Characters/Shared/Armor/SK_Armor_T2_Legs.uasset
06e7431bc2 * Content/Characters/Shared/Armor/SK_Armor_T2_Torso.uasset
52a57d7f10 * Content/Characters/Shared/Armor/SK_Armor_T3_Head.uasset
a99e6ae595 * Content/Characters/Shared/Armor/SK_Armor_T3_Legs.uasset
71d7a7308d * Content/Characters/Shared/Armor/SK_Armor_T3_Torso.uasset
4c8272cb50 * Content/Characters/Shared/Armor/SK_Armor_Torso_02.uasset
62bb420939 * Content/Characters/Shared/Clothing/M_Clothes_Flat.uasset
6f021f644e * Content/Characters/Shared/Clothing/SK_Cloth_L1_Head.uasset
cd3d1f5040 * Content/Characters/Shared/Clothing/SK_Cloth_L1_Legs.uasset
6b24b0f9f9 * Content/Characters/Shared/Clothing/SK_Cloth_L1_Torso.uasset
75ec604287 * Content/Characters/Shared/Clothing/SK_Cloth_L2_Head.uasset
7cc2bad10a * Content/Characters/Shared/Clothing/SK_Cloth_L2_Legs.uasset
3c2eee19e6 * Content/Characters/Shared/Clothing/SK_Cloth_L2_Torso.uasset
dc4a32d625 * Content/Characters/Shared/Clothing/SK_Cloth_T0_Head.uasset
65b10956b6 * Content/Characters/Shared/Clothing/SK_Cloth_T0_Legs.uasset
d220e53439 * Content/Characters/Shared/Clothing/SK_Cloth_T0_Torso.uasset
eb040f6755 * Content/Characters/Shared/Humanoid/ABP_HumanoidCharacter.uasset
a68665331e * Content/Characters/Shared/Humanoid/Ainm_Idle_HumanoidCharacter.uasset
fc4f5263e3 * Content/Characters/Shared/Humanoid/Anim_AimPistol_Humanoid.uasset
5b9f6600e5 * Content/Characters/Shared/Humanoid/Anim_Death_Humanoid.uasset
48f30bd26e * Content/Characters/Shared/Humanoid/Anim_FirePistol_Humanoid.uasset
102dc17ef6 * Content/Characters/Shared/Humanoid/Anim_MeleeSlash_Humanoid.uasset
080d80b7a2 * Content/Characters/Shared/Humanoid/Anim_Run_HumanoidCharacter.uasset
de7f33d5fc * Content/Characters/Shared/Humanoid/Anim_Walk_HumanoidCharacter.uasset
5c848bee4c * Content/Characters/Shared/Humanoid/HeadAndSkeletonfbx_Head.uasset
84c2d649cf * Content/Characters/Shared/Humanoid/HeadAndSkeletonfbx_Head_Skeleton.uasset
437e57ab3e * Content/Characters/Shared/Humanoid/LegsAndSkeleton_Legs.uasset
0edcba8358 * Content/Characters/Shared/Humanoid/Material.uasset
9c5f47ee97 * Content/Characters/Shared/Humanoid/Montages/AM_FirePistol.uasset
09ecb50fad * Content/Characters/Shared/Humanoid/Montages/AM_MeleeSlash.uasset
7b6d051270 * Content/Characters/Shared/Humanoid/TorsoAndSkeleton_Torso.uasset
2ba9f75f7d * Content/Characters/Trader/BP_Trader.uasset
18d5d4d6f9 * Content/Characters/Trader/SK_Trader_Head.uasset
e179077f10 * Content/Characters/Trader/SK_Trader_Legs.uasset
a5be97523e * Content/Characters/Trader/SK_Trader_Torso.uasset
d43851bf29 * Content/Characters/Wolf/Anim_Wolf_Bite.uasset
986b1aad76 * Content/Characters/Wolf/Anim_Wolf_Death.uasset
5585f903ca * Content/Characters/Wolf/Anim_Wolf_Idle.uasset
8c6dc6a724 * Content/Characters/Wolf/Anim_Wolf_Run.uasset
0e7d9525f3 * Content/Characters/Wolf/BP_Wolf.uasset
782b2a21e5 * Content/Characters/Wolf/BP_WolfDen.uasset
3188e31426 * Content/Characters/Wolf/BP_WolfDen2.uasset
38531e25d8 * Content/Characters/Wolf/SK_Wolf.uasset
5f7ed52d7f * Content/Characters/Wolf/SK_Wolf_Skeleton.uasset
1715190495 * Content/Environment/Buildings/SM_Fence_Section.uasset
3dab2c1e60 * Content/Environment/Buildings/SM_Shed.uasset
5e62261423 * Content/Environment/Buildings/SM_VillageFence.uasset
72fb060b44 * Content/Environment/Buildings/SM_VillageHouse.uasset
98ee0508da * Content/Environment/Buildings/SM_VillageWell.uasset
db99e52fac * Content/Environment/Decals/BP_BloodDecal.uasset
e1e00498af * Content/Environment/Nature/SM_Bush.uasset
bc6263a84e * Content/Environment/Nature/SM_Bush_01.uasset
f7535e7212 * Content/Environment/Nature/SM_Bush_02.uasset
aaa103c6de * Content/Environment/Nature/SM_GrassTuft_01.uasset
1e47f452c3 * Content/Environment/Nature/SM_GrassTuft_02.uasset
34ea791ecf * Content/Environment/Nature/SM_GroundPlane.uasset
00ef3a5a04 * Content/Environment/Nature/SM_Rock_01.uasset
b1654b29c1 * Content/Environment/Nature/SM_Rock_02.uasset
e39e4b4c79 * Content/Environment/Nature/SM_Rock_03.uasset
21157e8ebb * Content/Environment/Nature/SM_Tree_01.uasset
2e8ba3dc39 * Content/Environment/Nature/SM_Tree_02.uasset
a2a4e7bf07 * Content/Environment/Nature/SM_Tree_03.uasset
e13b4083a4 * Content/Environment/Nature/SM_Tree_Birch_01.uasset
bcb48eacf6 * Content/Environment/Nature/SM_Tree_Pine_01.uasset
f099951543 * Content/Environment/Nature/SM_Tree_Pine_02.uasset
87597a9b3b * Content/Environment/Props/AbandonedCar/MI_CarPaint.uasset
9df91f216a * Content/Environment/Props/AbandonedCar/M_CarGlass.uasset
cb2132ab8e * Content/Environment/Props/AbandonedCar/M_CarPaint.uasset
677f54de31 * Content/Environment/Props/AbandonedCar/SM_AbandonedCar_Block.uasset
27718f2525 * Content/Environment/Props/AbandonedCar/SM_AbandonedCar_Body.uasset
969d693d9e * Content/Environment/Props/AbandonedCar/SM_AbandonedCar_Door_FL.uasset
67fa4c3dd8 * Content/Environment/Props/AbandonedCar/SM_AbandonedCar_Door_FR.uasset
5bf3bfccb0 * Content/Environment/Props/AbandonedCar/SM_AbandonedCar_Door_RL.uasset
fc4f4ffd1e * Content/Environment/Props/AbandonedCar/SM_AbandonedCar_Door_RR.uasset
2157e2dee2 * Content/Environment/Props/AbandonedCar/SM_AbandonedCar_Glass.uasset
cac41c7b0b * Content/Environment/Props/AbandonedCar/SM_AbandonedCar_Hood.uasset
6fe1008264 * Content/Environment/Props/AbandonedCar/SM_AbandonedCar_Scratches.uasset
754d43a105 * Content/Environment/Props/AbandonedCar/SM_AbandonedCar_Trunk.uasset
53d818cfab * Content/Environment/Props/AbandonedCar/SM_AbandonedCar_Wheel.uasset
2abc980c86 * Content/Environment/Props/Campfire/BP_Campfire.uasset
b861a3d367 * Content/Environment/Props/Campfire/FX/MI_SmokePOI.uasset
e64fd1427e * Content/Environment/Props/Campfire/FX/M_Flame.uasset
bcbb61ccd7 * Content/Environment/Props/Campfire/FX/M_SmokePOI.uasset
f8595263c5 * Content/Environment/Props/Campfire/FX/T_SoftSmoke.uasset
34169e59ac * Content/Environment/Props/Campfire/FX/T_flame_01.uasset
8724cf7c0e * Content/Environment/Props/Campfire/FX/T_flame_02.uasset
6447cba811 * Content/Environment/Props/Campfire/FX/T_flame_flipbook.uasset
77538b54da * Content/Environment/Props/Campfire/SM_Campfire.uasset
d2324dcf69 * Content/Environment/Props/Campfire/SM_CampfireFlame.uasset
5ab0c160be * Content/Environment/Props/Campfire/SM_CampfireLogs.uasset
de69619b15 * Content/Environment/Props/SM_Awning.uasset
ac9d116ee3 * Content/Environment/Props/SM_BanditBarrel.uasset
13f65b9dae * Content/Environment/Props/SM_BanditCampfire.uasset
8bb8d7276c * Content/Environment/Props/SM_BanditCrate.uasset
241db37ad7 * Content/Environment/Props/SM_BanditShed.uasset
1844e222f9 * Content/Environment/Props/SM_BonePile.uasset
0fb987f718 * Content/Environment/Props/SM_BrokenFence.uasset
a7a12bd711 * Content/Environment/Props/SM_ChoppingBlock.uasset
802c1772c7 * Content/Environment/Props/SM_Clothesline.uasset
55abb7529b * Content/Environment/Props/SM_GroundGrid.uasset
e219a138bc * Content/Environment/Props/SM_HidePickup.uasset
699cdd99bd * Content/Environment/Props/SM_LootBackpack.uasset
30f84231a5 * Content/Environment/Props/SM_LootSack.uasset
18ab80b400 * Content/Environment/Props/SM_WolfDenCave.uasset
cce3713f31 * Content/Environment/Props/SM_Woodpile.uasset
14ec7f9f2a * Content/Environment/Props/Tent/M_Tent.uasset
4552c14582 * Content/Environment/Props/Tent/SM_Tent.uasset
0a6a9e9494 * Content/Input/IA_Fire.uasset
6663775138 * Content/Input/IA_Move.uasset
018e9adb18 * Content/Input/IA_Reload.uasset
0222967050 * Content/Input/IA_Sprint.uasset
fe15dd93a8 * Content/Input/IMC_Default.uasset
2a26ed28b4 * Content/Maps/Archive/L_MainLevel.umap
e294dcf028 * Content/Maps/L_World.umap
4292c48122 * Content/Maps/L_World_C.umap
ebe2ff743d * Content/Materials/MI_FogBandSoft.uasset
543cd6fb4d * Content/Materials/MI_FogCurtainSoft.uasset
f7d2f37c04 * Content/Materials/MI_MeleeSectorSoft.uasset
70c882a028 * Content/Materials/M_AwningWind.uasset
a628d07bda * Content/Materials/M_BloodDecal.uasset
130ed4f31e * Content/Materials/M_Bone.uasset
0655b7bc7a * Content/Materials/M_ClothesWind.uasset
0fd78449ac * Content/Materials/M_Flame.uasset
70f6eb3ad9 * Content/Materials/M_FogSoft.uasset
6bb4d217ab * Content/Materials/M_Foliage.uasset
69014c4405 * Content/Materials/M_GrassGrid.uasset
9a5923f352 * Content/Materials/M_GrassTwoSided.uasset
e7f269ee4d * Content/Materials/M_GrassWind.uasset
48dbc38908 * Content/Materials/M_Ground.uasset
7dbb3041eb * Content/Materials/M_GroundBlend.uasset
8151273b16 * Content/Materials/M_GroundBlend_WIP.uasset
a54392a347 * Content/Materials/M_GroundSoil.uasset
cdc38ae995 * Content/Materials/M_Ground_Grid.uasset
c23447e674 * Content/Materials/M_House.uasset
4113f92f2e * Content/Materials/M_MeleeSector.uasset
6728cefe06 * Content/Materials/M_Metal.uasset
2d2d9ae344 * Content/Materials/M_Road.uasset
8e259d2d61 * Content/Materials/M_RoadDecal.uasset
6534f6168f * Content/Materials/M_Stone.uasset
0354354a7b * Content/Materials/M_StoneDark.uasset
18687ce949 * Content/Materials/M_VColor.uasset
725858c3a5 * Content/Materials/M_VColor_TS.uasset
0b93f12c93 * Content/Materials/M_VillageFence.uasset
03cacaa13d * Content/Materials/M_VillageWell.uasset
89a17065a0 * Content/Materials/M_WindTrees.uasset
bbb1d9fa55 * Content/Materials/M_Wood.uasset
e4710ea404 * Content/Materials/Textures/Blood/MI_BloodSplat_01.uasset
3ec2af191f * Content/Materials/Textures/Blood/MI_BloodSplat_02.uasset
51bf32d8ce * Content/Materials/Textures/Blood/MI_BloodSplat_03.uasset
4fe9d109bf * Content/Materials/Textures/Blood/T_BloodSplat_01.uasset
b691169185 * Content/Materials/Textures/Blood/T_BloodSplat_02.uasset
f8e4931f01 * Content/Materials/Textures/Blood/T_BloodSplat_03.uasset
95a53e0e0f * Content/Materials/Textures/T_GroundDirt.uasset
a27d146e54 * Content/Materials/Textures/T_GroundGrass.uasset
4febb4b45e * Content/System/BP_ContrarySurviorGameMode.uasset
b1fd34c2d6 * Content/System/BP_ContrarySurviorPlayerController.uasset
7b1a2e7154 * Content/System/BP_Pickup.uasset
8a824e42a4 * Content/System/BP_PickupWolf.uasset
47e2987b9e * Content/System/BP_VillageZone.uasset
86289c401f * Content/System/BP_WanderingWolfSpawner.uasset
3f2af6093f * Content/System/BP_WorldBorder.uasset
487190bafe * Content/TestContentAndCode/PreProduction/HeadAndSkeletonfbx_Head_Skeleton.uasset
153a48e915 * Content/UI/BP_ContrarySurvivorHUD.uasset
95a158de53 * Content/UI/Enemy/WBP_EnemyHealthBar.uasset
4acf3a38e7 * Content/UI/Icons/T_Icon_AdVideo.uasset
b61e08106a * Content/UI/Icons/T_Icon_Armor_T1_Head.uasset
a8a88abf09 * Content/UI/Icons/T_Icon_Armor_T1_Legs.uasset
b75293b881 * Content/UI/Icons/T_Icon_Armor_T1_Torso.uasset
b21f134851 * Content/UI/Icons/T_Icon_Armor_T2_Head.uasset
bed66204e7 * Content/UI/Icons/T_Icon_Armor_T2_Legs.uasset
167b06c469 * Content/UI/Icons/T_Icon_Armor_T2_Torso.uasset
a3d64ce92e * Content/UI/Icons/T_Icon_Armor_T3_Head.uasset
41c587bac0 * Content/UI/Icons/T_Icon_Armor_T3_Legs.uasset
cbb1de8827 * Content/UI/Icons/T_Icon_Armor_T3_Torso.uasset
f1ac0b0b68 * Content/UI/Icons/T_Icon_Health.uasset
deccd01e8a * Content/UI/Icons/T_Icon_Hunger.uasset
768a56d2c4 * Content/UI/Icons/T_Icon_Knife.uasset
152beefcbe * Content/UI/Icons/T_Icon_Money.uasset
be883ca0ff * Content/UI/Icons/T_Icon_Pistol.uasset
a4a846b171 * Content/UI/Icons/T_Icon_Slot_Head.uasset
5f075f72eb * Content/UI/Icons/T_Icon_Slot_Legs.uasset
0207418605 * Content/UI/Icons/T_Icon_Slot_Torso.uasset
259a70f8b9 * Content/UI/Icons/T_Icon_Thirst.uasset
2dbb023c01 * Content/UI/WBP_Death.uasset
faea6d54c0 * Content/UI/WBP_Dialog.uasset
4fad9eaf68 * Content/UI/WBP_InteractPrompt.uasset
9df31d2b07 * Content/UI/WBP_Inventory.uasset
f674d12e6b * Content/UI/WBP_InventoryRow.uasset
691b08dc31 * Content/UI/WBP_PlayerStats.uasset
8c776447cb * Content/UI/WBP_QuestTracker.uasset
205fc0eafb * Content/UI/WBP_Shop.uasset
11bf8ebdb2 * Content/UI/WBP_ShopRow.uasset
dba0de5cac * Content/UI/WBP_TouchControls.uasset
a0f308a6fd * Content/Weapons/Knife/SM_Knife.uasset
2b3b3dd012 * Content/Weapons/Pistol/BP_Pistol.uasset
753359ed96 * Content/Weapons/SM_Knife.uasset
fcca68abfd * Content/Weapons/SM_Pistol.uasset
c31b28f4ac * Plugins/GameAnalytics/Resources/Icon128.png
