Using bundled DotNet SDK version: 8.0.300
Running UnrealBuildTool: dotnet "..\..\Engine\Binaries\DotNET\UnrealBuildTool\UnrealBuildTool.dll" ContrarySurvivorEditor Win64 Development -Project=E:\ContrarySurvior\ContrarySurvivor\ContrarySurvivor.uproject -WaitMutex -NoHotReload -NoUBA -MaxParallelActions=6
Log file: C:\Users\pgr40\AppData\Local\UnrealBuildTool\Log.txt
Using 'git status' to determine working set for adaptive non-unity build (E:\ContrarySurvior\ContrarySurvivor).
Invalidating makefile for ContrarySurvivorEditor (working set of source files changed)
Available x64 toolchains (1):
 * C:\Program Files\Microsoft Visual Studio\2022\Professional\VC\Tools\MSVC\14.44.35207
    (Family=14.44.35207, FamilyRank=1, Version=14.44.35222, Is64Bit=True, ReleaseChannel=Latest, Architecture=x64)
Visual Studio 2022 compiler version 14.44.35222 is not a preferred version. Please use the latest preferred version 14.38.33130
ContrarySurvivor: ключи аналитики вшиты в сборку из 'E:/game-dev-team/keys' (длины 32/40 символов).
Parsing headers for ContrarySurvivorEditor
  Running Internal UnrealHeaderTool E:\ContrarySurvior\ContrarySurvivor\ContrarySurvivor.uproject E:\ContrarySurvior\ContrarySurvivor\Intermediate\Build\Win64\ContrarySurvivorEditor\Development\ContrarySurvivorEditor.uhtmanifest -WarningsAsErrors -installed
Total of 0 written
Reflection code generated for ContrarySurvivorEditor in 1.0653417 seconds
Building ContrarySurvivorEditor...
Using Visual Studio 2022 14.44.35222 toolchain (C:\Program Files\Microsoft Visual Studio\2022\Professional\VC\Tools\MSVC\14.44.35207) and Windows 10.0.26100.0 SDK (C:\Program Files (x86)\Windows Kits\10).
Warning: Visual Studio 2022 compiler is not a preferred version
Executing up to 6 actions based on MaxProcessorCount override
Using Unreal Build Accelerator local executor to run 20 action(s)
  Storage capacity 40Gb
---- Starting trace: 260809_142453 ----
UbaSessionServer - Disable remote execution (remote sessions will finish current processes)
------ Building 20 action(s) started ------
[1/20] Compile [x64] Module.ContrarySurvivor.1.cpp
[2/20] Compile [x64] Module.ContrarySurvivor.2.cpp
UbaSessionServer - Waited 1.1s for memory pressure to go down (Available: 7.8gb Total: 41.3gb)
UbaSessionServer - Waited 1.1s for memory pressure to go down (Available: 8.1gb Total: 41.3gb)
[3/20] Compile [x64] Module.ContrarySurvivor.3.cpp
[4/20] Compile [x64] Module.ContrarySurvivor.13.cpp
[5/20] Compile [x64] Module.ContrarySurvivor.4.cpp
[6/20] Compile [x64] Module.ContrarySurvivor.12.cpp
[7/20] Compile [x64] Module.ContrarySurvivor.5.cpp
[8/20] Compile [x64] Module.ContrarySurvivor.11.cpp
[9/20] Compile [x64] Module.ContrarySurvivor.6.cpp
[10/20] Compile [x64] Module.ContrarySurvivor.7.cpp
[11/20] Compile [x64] Module.ContrarySurvivor.8.cpp
[12/20] Compile [x64] Module.ContrarySurvivor.9.cpp
[13/20] Compile [x64] Module.ContrarySurvivor.10.cpp
[14/20] Link [x64] UnrealEditor-ContrarySurvivor.lib
   Создается библиотека E:\ContrarySurvior\ContrarySurvivor\Intermediate\Build\Win64\x64\UnrealEditor\Development\ContrarySurvivor\UnrealEditor-ContrarySurvivor.lib и объект E:\ContrarySurvior\ContrarySurvivor\Intermediate\Build\Win64\x64\UnrealEditor\Development\ContrarySurvivor\UnrealEditor-ContrarySurvivor.exp
[15/20] Compile [x64] PatchAnimBpCommandlet.cpp
[16/20] Link [x64] UnrealEditor-ContrarySurvivor.dll
   Создание объекта E:\ContrarySurvior\ContrarySurvivor\Binaries\Win64\UnrealEditor-ContrarySurvivor.exp
[17/20] Compile [x64] GenerateWbpCommandlet.cpp
[18/20] Link [x64] UnrealEditor-ContrarySurvivorEditor.lib
   Создается библиотека E:\ContrarySurvior\ContrarySurvivor\Intermediate\Build\Win64\x64\UnrealEditor\Development\ContrarySurvivorEditor\UnrealEditor-ContrarySurvivorEditor.lib и объект E:\ContrarySurvior\ContrarySurvivor\Intermediate\Build\Win64\x64\UnrealEditor\Development\ContrarySurvivorEditor\UnrealEditor-ContrarySurvivorEditor.exp
[19/20] Link [x64] UnrealEditor-ContrarySurvivorEditor.dll
   Создание объекта E:\ContrarySurvior\ContrarySurvivor\Binaries\Win64\UnrealEditor-ContrarySurvivorEditor.exp
[20/20] WriteMetadata ContrarySurvivorEditor.target (UBA disabled)
Trace file written to C:/Users/pgr40/AppData/Local/UnrealBuildTool/Log.uba with size 7.3kb
Total time in Unreal Build Accelerator local executor: 14.53 seconds
Total execution time: 17.35 seconds
