E:\game-dev-team\assets\banditshed_tripo\_work\00_inspect.py:63: DeprecationWarning: 'Material.use_nodes' is expected to be removed in Blender 6.0
  mat = bpy.data.materials.new('v'); mat.use_nodes = True
00:01.859  render           | Saved: 'E:\game-dev-team\assets\banditshed_tripo\_work\_look\old_mY.png'
00:02.141  render           | Saved: 'E:\game-dev-team\assets\banditshed_tripo\_work\_look\old_pY.png'
00:02.406  render           | Saved: 'E:\game-dev-team\assets\banditshed_tripo\_work\_look\old_pX.png'
00:02.672  render           | Saved: 'E:\game-dev-team\assets\banditshed_tripo\_work\_look\old_mX.png'
00:02.937  render           | Saved: 'E:\game-dev-team\assets\banditshed_tripo\_work\_look\old_top.png'
FBX version: 7400
OLD tris 352 verts 236 min [-2.55  -1.983 -0.   ] max [2.55  1.983 3.55 ] size [5.1   3.966 3.55 ] scale (1.0, 1.0, 1.0) uv ['UVMap'] cols ['Col'] mats ['M_BanditShed']
OLD welded verts 220 open edges 0 edges with 3+ faces 8
OLD loose parts 24
OLD    part tris   60 min [1.02 0.37 2.45] max [1.38 0.73 3.55]
OLD    part tris   36 min [-2.35 -1.78  0.1 ] max [ 2.35 -1.62  2.3 ]
OLD    part tris   12 min [-2.41 -1.76 -0.  ] max [2.41 1.76 0.14]
OLD    part tris   12 min [-2.35  1.62  0.1 ] max [2.35 1.78 2.3 ]
OLD    part tris   12 min [-2.43 -1.7   0.1 ] max [-2.27  1.7   2.3 ]
OLD    part tris   12 min [ 2.27 -1.7   0.1 ] max [2.43 1.7  2.3 ]
OLD    part tris   12 min [-0.49 -1.67  0.18] max [ 0.49 -1.61  1.78]
OLD    part tris   12 min [-2.43 -1.78  0.  ] max [-2.23 -1.58  2.3 ]
OLD    part tris   12 min [-2.43  1.58 -0.  ] max [-2.23  1.78  2.3 ]
OLD    part tris   12 min [ 2.23 -1.78  0.  ] max [ 2.43 -1.58  2.3 ]
OLD    part tris   12 min [ 2.23  1.58 -0.  ] max [2.43 1.78 2.3 ]
OLD    part tris   12 min [-2.55 -0.03  2.72] max [2.55 0.68 3.1 ]
OLD    part tris   12 min [-2.55  0.62  2.43] max [2.55 1.33 2.82]
OLD    part tris   12 min [-2.55  1.27  2.15] max [2.55 1.98 2.53]
OLD verts within 6 cm of the bottom: 20, x -2.43..2.43 y -1.78..1.78
OLD darkest faces (mouth): 180, centre [0.48 0.11 2.29], min [-2.55 -1.78 -0.  ] max [2.55 1.78 3.55]
RENDER E:/game-dev-team/assets/banditshed_tripo/_work/_look/old_mY.png
RENDER E:/game-dev-team/assets/banditshed_tripo/_work/_look/old_pY.png
RENDER E:/game-dev-team/assets/banditshed_tripo/_work/_look/old_pX.png
RENDER E:/game-dev-team/assets/banditshed_tripo/_work/_look/old_mX.png
RENDER E:/game-dev-team/assets/banditshed_tripo/_work/_look/old_top.png
21:03:57 | INFO: Data are loaded, start creating Blender stuff
21:03:57 | INFO: Blender create Mesh node tripo_mesh_03b071a3-c2ef-42c8-a940-d3356bc29f82
21:03:57 | INFO: glTF import finished in 0.02s
00:03.531  render           | Saved: 'E:\game-dev-team\assets\banditshed_tripo\_work\_look\glb_mY.png'
00:04.016  render           | Saved: 'E:\game-dev-team\assets\banditshed_tripo\_work\_look\glb_pY.png'
00:04.437  render           | Saved: 'E:\game-dev-team\assets\banditshed_tripo\_work\_look\glb_pX.png'
00:04.922  render           | Saved: 'E:\game-dev-team\assets\banditshed_tripo\_work\_look\glb_mX.png'
00:05.422  render           | Saved: 'E:\game-dev-team\assets\banditshed_tripo\_work\_look\glb_top.png'
00:05.828  render           | Saved: 'E:\game-dev-team\assets\banditshed_tripo\_work\_look\glb_bottom.png'
00:06.281  render           | Saved: 'E:\game-dev-team\assets\banditshed_tripo\_work\_look\glb_game.png'
GLB tris 1664 verts 2860 min [-1.779 -1.779 -1.25 ] max [1.779 1.779 1.25 ] size [3.558 3.558 2.5  ] scale (3.565, 3.565, 3.565) uv ['UVMap'] cols [] mats ['tripo_material_03b071a3-c2ef-42c8-a940-d3356bc29f82']
GLB welded verts 1010 open edges 127 edges with 3+ faces 17
GLB loose parts 69
GLB    part tris  200 min [-0.25 -1.78  0.07] max [1.35 1.78 1.25]
GLB    part tris  157 min [-1.7  -1.77 -1.21] max [1.15 1.71 1.22]
GLB    part tris  140 min [ 0.04 -1.6  -1.22] max [ 1.01 -1.49 -0.48]
GLB    part tris  100 min [ 1.25 -1.08 -0.13] max [ 1.33 -0.35  0.09]
GLB    part tris   60 min [ 1.26 -1.12 -0.19] max [ 1.34 -1.01  0.1 ]
GLB    part tris   60 min [-0.28 -1.61  1.03] max [-0.11  1.73  1.25]
GLB    part tris   45 min [ 1.26 -0.44 -0.29] max [ 1.35 -0.31  0.07]
GLB    part tris   44 min [-0.14 -1.64  1.04] max [0.05 0.68 1.24]
GLB    part tris   28 min [ 0.98  1.34 -1.21] max [1.19 1.53 0.22]
GLB    part tris   26 min [ 1.06 -1.67 -0.83] max [ 1.23 -1.61 -0.48]
GLB    part tris   24 min [ 1.08 -1.56 -1.19] max [1.22 1.41 0.25]
GLB    part tris   24 min [-0.16  1.33  0.05] max [1.14 1.58 1.03]
GLB    part tris   20 min [ 1.06 -1.68 -1.23] max [ 1.22 -1.47  0.32]
GLB    part tris   20 min [ 1.21 -0.34 -1.22] max [ 1.26  0.07 -1.11]
GLB verts within 6 cm of the bottom: 169, x -1.59..1.63 y -1.68..1.56
IMG Color_03b071a3-c2ef-42c8-a940-d3356bc29f82 (2048, 2048)
RENDER E:/game-dev-team/assets/banditshed_tripo/_work/_look/glb_mY.png
RENDER E:/game-dev-team/assets/banditshed_tripo/_work/_look/glb_pY.png
RENDER E:/game-dev-team/assets/banditshed_tripo/_work/_look/glb_pX.png
RENDER E:/game-dev-team/assets/banditshed_tripo/_work/_look/glb_mX.png
RENDER E:/game-dev-team/assets/banditshed_tripo/_work/_look/glb_top.png
RENDER E:/game-dev-team/assets/banditshed_tripo/_work/_look/glb_bottom.png
RENDER E:/game-dev-team/assets/banditshed_tripo/_work/_look/glb_game.png
Blender 5.1.2 (hash ec6e62d40fa9 built 2026-05-19 01:37:34)

Blender quit
