FBX version: 7400
OLD SM_Pistol.fbx SM_Pistol tris 208 verts 120 min [-0.017  -0.158  -0.0821] max [0.017  0.0388 0.088 ] size [0.034  0.1968 0.1701] loc (0.0, 0.0, 0.0) rot (-0.0, -0.0, 0.0) scale (1.0, 1.0, 1.0) uv ['UVMap'] cols ['Col'] mats ['M_Pistol']
FBX version: 7400
OLD knife/SM_Knife.fbx SM_Knife tris 80 verts 48 min [-0.058 -0.014 -0.018] max [0.22  0.014 0.018] size [0.278 0.028 0.036] loc (0.0, 0.0, 0.0) rot (-0.0, -0.0, 0.0) scale (1.0, 1.0, 1.0) uv ['UVMap'] cols ['Col'] mats ['M_Knife']
FBX version: 7400
OLD pistol/SM_Pistol.fbx SM_Pistol tris 240 verts 146 min [-0.034  -0.0155 -0.0562] max [0.1671 0.0155 0.0845] size [0.2011 0.031  0.1407] loc (0.0, 0.0, 0.0) rot (-0.0, -0.0, 0.0) scale (1.0, 1.0, 1.0) uv ['UVMap'] cols ['Col'] mats ['M_Pistol']
21:28:43 | INFO: Data are loaded, start creating Blender stuff
21:28:43 | INFO: Blender create Mesh node tripo_mesh_48fbb0ad-f71c-49ee-b2d8-db3068f28b67
21:28:43 | INFO: glTF import finished in 0.00s
00:02.094  render           | Saved: 'E:\game-dev-team\assets\weapons_tripo\_work\_look\pistol_pm_px.png'
00:02.344  render           | Saved: 'E:\game-dev-team\assets\weapons_tripo\_work\_look\pistol_pm_my.png'
00:02.610  render           | Saved: 'E:\game-dev-team\assets\weapons_tripo\_work\_look\pistol_pm_top.png'
00:02.875  render           | Saved: 'E:\game-dev-team\assets\weapons_tripo\_work\_look\pistol_pm_q.png'
GLB pistol_pm tripo_node_48fbb0ad-f71c-49ee-b2d8-db3068f28b67 tris 788 verts 814 min [-0.0203 -0.1423 -0.1   ] max [0.0203 0.1423 0.1   ] size [0.0407 0.2847 0.2   ] loc (0.0, 0.0, 0.0) rot (0.0, -0.0, 0.0) scale (0.285, 0.285, 0.285) uv ['UVMap'] cols [] mats ['tripo_material_48fbb0ad-f71c-49ee-b2d8-db3068f28b67']
IMG pistol_pm Color_48fbb0ad-f71c-49ee-b2d8-db3068f28b67 (2048, 2048)
RENDER E:/game-dev-team/assets/weapons_tripo/_work/_look/pistol_pm_px.png
RENDER E:/game-dev-team/assets/weapons_tripo/_work/_look/pistol_pm_my.png
RENDER E:/game-dev-team/assets/weapons_tripo/_work/_look/pistol_pm_top.png
RENDER E:/game-dev-team/assets/weapons_tripo/_work/_look/pistol_pm_q.png
21:28:45 | INFO: Data are loaded, start creating Blender stuff
21:28:45 | INFO: Blender create Mesh node tripo_mesh_0bdeaf57-1b18-41b8-ac27-f155f510bd44
21:28:45 | INFO: glTF import finished in 0.00s
00:03.282  render           | Saved: 'E:\game-dev-team\assets\weapons_tripo\_work\_look\knife_px.png'
00:03.641  render           | Saved: 'E:\game-dev-team\assets\weapons_tripo\_work\_look\knife_my.png'
00:04.032  render           | Saved: 'E:\game-dev-team\assets\weapons_tripo\_work\_look\knife_top.png'
00:04.391  render           | Saved: 'E:\game-dev-team\assets\weapons_tripo\_work\_look\knife_q.png'
GLB knife tripo_node_0bdeaf57-1b18-41b8-ac27-f155f510bd44 tris 800 verts 727 min [-0.2917 -0.0576 -0.125 ] max [0.2917 0.0576 0.125 ] size [0.5833 0.1153 0.25  ] loc (0.0, 0.0, 0.0) rot (0.0, -0.0, 0.0) scale (0.584, 0.584, 0.584) uv ['UVMap'] cols [] mats ['tripo_material_0bdeaf57-1b18-41b8-ac27-f155f510bd44']
IMG knife Color_0bdeaf57-1b18-41b8-ac27-f155f510bd44 (2048, 2048)
RENDER E:/game-dev-team/assets/weapons_tripo/_work/_look/knife_px.png
RENDER E:/game-dev-team/assets/weapons_tripo/_work/_look/knife_my.png
RENDER E:/game-dev-team/assets/weapons_tripo/_work/_look/knife_top.png
RENDER E:/game-dev-team/assets/weapons_tripo/_work/_look/knife_q.png
Blender 5.1.2 (hash ec6e62d40fa9 built 2026-05-19 01:37:34)

Blender quit
