00:00.360  blend            | Read blend: "E:\game-dev-team\assets\armor_wearables\_work\master.blend"
00:02.500  render           | Saved: 'E:\game-dev-team\assets\armor_wearables\_qc\SK_Cloth_T0_Head_front.png'
00:02.750  render           | Saved: 'E:\game-dev-team\assets\armor_wearables\_qc\SK_Cloth_T0_Head_tq.png'
00:02.969  render           | Saved: 'E:\game-dev-team\assets\armor_wearables\_qc\SK_Cloth_T0_Head_side.png'
00:03.266  render           | Saved: 'E:\game-dev-team\assets\armor_wearables\_qc\SK_Cloth_T0_Head_top.png'
00:03.563  render           | Saved: 'E:\game-dev-team\assets\armor_wearables\_qc\SK_Cloth_T0_Head_back.png'
00:03.860  render           | Saved: 'E:\game-dev-team\assets\armor_wearables\_qc\SK_Cloth_T0_Torso_front.png'
00:04.125  render           | Saved: 'E:\game-dev-team\assets\armor_wearables\_qc\SK_Cloth_T0_Torso_tq.png'
00:04.407  render           | Saved: 'E:\game-dev-team\assets\armor_wearables\_qc\SK_Cloth_T0_Torso_side.png'
00:04.704  render           | Saved: 'E:\game-dev-team\assets\armor_wearables\_qc\SK_Cloth_T0_Torso_top.png'
00:04.985  render           | Saved: 'E:\game-dev-team\assets\armor_wearables\_qc\SK_Cloth_T0_Torso_back.png'
00:05.297  render           | Saved: 'E:\game-dev-team\assets\armor_wearables\_qc\SK_Cloth_T0_Legs_front.png'
00:05.594  render           | Saved: 'E:\game-dev-team\assets\armor_wearables\_qc\SK_Cloth_T0_Legs_tq.png'
00:05.891  render           | Saved: 'E:\game-dev-team\assets\armor_wearables\_qc\SK_Cloth_T0_Legs_side.png'
00:06.157  render           | Saved: 'E:\game-dev-team\assets\armor_wearables\_qc\SK_Cloth_T0_Legs_top.png'
00:06.485  render           | Saved: 'E:\game-dev-team\assets\armor_wearables\_qc\SK_Cloth_T0_Legs_back.png'
00:06.766  render           | Saved: 'E:\game-dev-team\assets\armor_wearables\_qc\SK_Armor_T1_Head_front.png'
00:07.094  render           | Saved: 'E:\game-dev-team\assets\armor_wearables\_qc\SK_Armor_T1_Head_tq.png'
00:07.375  render           | Saved: 'E:\game-dev-team\assets\armor_wearables\_qc\SK_Armor_T1_Head_side.png'
00:07.688  render           | Saved: 'E:\game-dev-team\assets\armor_wearables\_qc\SK_Armor_T1_Head_top.png'
00:08.000  render           | Saved: 'E:\game-dev-team\assets\armor_wearables\_qc\SK_Armor_T1_Head_back.png'
00:08.282  render           | Saved: 'E:\game-dev-team\assets\armor_wearables\_qc\SK_Armor_T1_Torso_front.png'
00:08.547  render           | Saved: 'E:\game-dev-team\assets\armor_wearables\_qc\SK_Armor_T1_Torso_tq.png'
00:08.829  render           | Saved: 'E:\game-dev-team\assets\armor_wearables\_qc\SK_Armor_T1_Torso_side.png'
00:09.125  render           | Saved: 'E:\game-dev-team\assets\armor_wearables\_qc\SK_Armor_T1_Torso_top.png'
00:09.407  render           | Saved: 'E:\game-dev-team\assets\armor_wearables\_qc\SK_Armor_T1_Torso_back.png'
00:09.735  render           | Saved: 'E:\game-dev-team\assets\armor_wearables\_qc\SK_Armor_T1_Legs_front.png'
00:10.032  render           | Saved: 'E:\game-dev-team\assets\armor_wearables\_qc\SK_Armor_T1_Legs_tq.png'
00:10.344  render           | Saved: 'E:\game-dev-team\assets\armor_wearables\_qc\SK_Armor_T1_Legs_side.png'
00:10.610  render           | Saved: 'E:\game-dev-team\assets\armor_wearables\_qc\SK_Armor_T1_Legs_top.png'
00:10.907  render           | Saved: 'E:\game-dev-team\assets\armor_wearables\_qc\SK_Armor_T1_Legs_back.png'
00:11.204  render           | Saved: 'E:\game-dev-team\assets\armor_wearables\_qc\T0_set_front.png'
00:11.500  render           | Saved: 'E:\game-dev-team\assets\armor_wearables\_qc\T0_set_tq.png'
00:11.782  render           | Saved: 'E:\game-dev-team\assets\armor_wearables\_qc\T0_set_side.png'
00:12.094  render           | Saved: 'E:\game-dev-team\assets\armor_wearables\_qc\T0_set_top.png'
00:12.391  render           | Saved: 'E:\game-dev-team\assets\armor_wearables\_qc\T0_set_back.png'
00:12.704  render           | Saved: 'E:\game-dev-team\assets\armor_wearables\_qc\T1_set_front.png'
00:13.016  render           | Saved: 'E:\game-dev-team\assets\armor_wearables\_qc\T1_set_tq.png'
00:13.329  render           | Saved: 'E:\game-dev-team\assets\armor_wearables\_qc\T1_set_side.png'
00:13.657  render           | Saved: 'E:\game-dev-team\assets\armor_wearables\_qc\T1_set_top.png'
00:13.969  render           | Saved: 'E:\game-dev-team\assets\armor_wearables\_qc\T1_set_back.png'
SAMPLED sleeves=#75755E hands=#2B2621 pants=#6E634A shoes=#4F3824
  weld SK_Cloth_T0_Torso: 974 -> 222 verts
  drop island faces=12 bbox=(-0.18,-0.19,1.21)-(-0.05,-0.15,1.34)
  drop island faces=12 bbox=(0.06,-0.19,1.21)-(0.19,-0.15,1.34)
  drop island faces=12 bbox=(-0.21,-0.18,0.99)-(-0.07,-0.14,1.11)
  drop island faces=12 bbox=(0.07,-0.18,0.99)-(0.21,-0.14,1.11)
T0_Torso dropped box faces: 48
  weld SK_Cloth_T0_Legs: 592 -> 135 verts
  weld SK_Cloth_T0_Head: 114 -> 70 verts
  weld SK_Armor_T1_Head: 114 -> 70 verts
  weld SK_Armor_T1_Torso: 974 -> 222 verts
  drop island faces=12 bbox=(-0.18,-0.19,1.21)-(-0.05,-0.15,1.34)
  drop island faces=12 bbox=(0.06,-0.19,1.21)-(0.19,-0.15,1.34)
  drop island faces=12 bbox=(-0.21,-0.18,0.99)-(-0.07,-0.14,1.11)
  drop island faces=12 bbox=(0.07,-0.18,0.99)-(0.21,-0.14,1.11)
  ring z=0.850 a=0.284 fb=0.219 bb=0.209 gap=5.7deg
  ring z=0.950 a=0.280 fb=0.215 bb=0.205 gap=7.0deg
  ring z=1.060 a=0.296 fb=0.229 bb=0.219 gap=8.2deg
  ring z=1.180 a=0.290 fb=0.223 bb=0.213 gap=10.3deg
  ring z=1.300 a=0.290 fb=0.223 bb=0.213 gap=12.3deg
  ring z=1.400 a=0.284 fb=0.195 bb=0.185 gap=13.9deg
  ring z=1.462 a=0.178 fb=0.153 bb=0.143 gap=19.0deg
  ring z=1.505 a=0.180 fb=0.155 bb=0.145 gap=16.1deg
  ring z=1.552 a=0.119 fb=0.087 bb=0.086 gap=19.7deg
  weld SK_Armor_T1_Legs: 592 -> 135 verts
BUILT SK_Cloth_T0_Head       tris= 134 verts=  78 unweighted=0
BUILT SK_Cloth_T0_Torso      tris= 338 verts= 190 unweighted=0
BUILT SK_Cloth_T0_Legs       tris= 224 verts= 135 unweighted=0
BUILT SK_Armor_T1_Head       tris= 274 verts= 167 unweighted=0
BUILT SK_Armor_T1_Torso      tris= 658 verts= 398 unweighted=0
BUILT SK_Armor_T1_Legs       tris= 328 verts= 215 unweighted=0
XFORM SK_Cloth_T0_Head       world_scale=(1.000,1.000,1.000) OK
XFORM SK_Cloth_T0_Torso      world_scale=(1.000,1.000,1.000) OK
XFORM SK_Cloth_T0_Legs       world_scale=(1.000,1.000,1.000) OK
XFORM SK_Armor_T1_Head       world_scale=(1.000,1.000,1.000) OK
XFORM SK_Armor_T1_Torso      world_scale=(1.000,1.000,1.000) OK
XFORM SK_Armor_T1_Legs       world_scale=(1.000,1.000,1.000) OK
XFORM RootAnim               world_scale=(1.000,1.000,1.000) OK
Info: Saved "wearables_work.blend"
SAVED E:/game-dev-team/assets/armor_wearables/_work/wearables_work.blend
RENDER E:/game-dev-team/assets/armor_wearables/_qc/SK_Cloth_T0_Head_front.png
RENDER E:/game-dev-team/assets/armor_wearables/_qc/SK_Cloth_T0_Head_tq.png
RENDER E:/game-dev-team/assets/armor_wearables/_qc/SK_Cloth_T0_Head_side.png
RENDER E:/game-dev-team/assets/armor_wearables/_qc/SK_Cloth_T0_Head_top.png
RENDER E:/game-dev-team/assets/armor_wearables/_qc/SK_Cloth_T0_Head_back.png
RENDER E:/game-dev-team/assets/armor_wearables/_qc/SK_Cloth_T0_Torso_front.png
RENDER E:/game-dev-team/assets/armor_wearables/_qc/SK_Cloth_T0_Torso_tq.png
RENDER E:/game-dev-team/assets/armor_wearables/_qc/SK_Cloth_T0_Torso_side.png
RENDER E:/game-dev-team/assets/armor_wearables/_qc/SK_Cloth_T0_Torso_top.png
RENDER E:/game-dev-team/assets/armor_wearables/_qc/SK_Cloth_T0_Torso_back.png
RENDER E:/game-dev-team/assets/armor_wearables/_qc/SK_Cloth_T0_Legs_front.png
RENDER E:/game-dev-team/assets/armor_wearables/_qc/SK_Cloth_T0_Legs_tq.png
RENDER E:/game-dev-team/assets/armor_wearables/_qc/SK_Cloth_T0_Legs_side.png
RENDER E:/game-dev-team/assets/armor_wearables/_qc/SK_Cloth_T0_Legs_top.png
RENDER E:/game-dev-team/assets/armor_wearables/_qc/SK_Cloth_T0_Legs_back.png
RENDER E:/game-dev-team/assets/armor_wearables/_qc/SK_Armor_T1_Head_front.png
RENDER E:/game-dev-team/assets/armor_wearables/_qc/SK_Armor_T1_Head_tq.png
RENDER E:/game-dev-team/assets/armor_wearables/_qc/SK_Armor_T1_Head_side.png
RENDER E:/game-dev-team/assets/armor_wearables/_qc/SK_Armor_T1_Head_top.png
RENDER E:/game-dev-team/assets/armor_wearables/_qc/SK_Armor_T1_Head_back.png
RENDER E:/game-dev-team/assets/armor_wearables/_qc/SK_Armor_T1_Torso_front.png
RENDER E:/game-dev-team/assets/armor_wearables/_qc/SK_Armor_T1_Torso_tq.png
RENDER E:/game-dev-team/assets/armor_wearables/_qc/SK_Armor_T1_Torso_side.png
RENDER E:/game-dev-team/assets/armor_wearables/_qc/SK_Armor_T1_Torso_top.png
RENDER E:/game-dev-team/assets/armor_wearables/_qc/SK_Armor_T1_Torso_back.png
RENDER E:/game-dev-team/assets/armor_wearables/_qc/SK_Armor_T1_Legs_front.png
RENDER E:/game-dev-team/assets/armor_wearables/_qc/SK_Armor_T1_Legs_tq.png
RENDER E:/game-dev-team/assets/armor_wearables/_qc/SK_Armor_T1_Legs_side.png
RENDER E:/game-dev-team/assets/armor_wearables/_qc/SK_Armor_T1_Legs_top.png
RENDER E:/game-dev-team/assets/armor_wearables/_qc/SK_Armor_T1_Legs_back.png
RENDER E:/game-dev-team/assets/armor_wearables/_qc/T0_set_front.png
RENDER E:/game-dev-team/assets/armor_wearables/_qc/T0_set_tq.png
RENDER E:/game-dev-team/assets/armor_wearables/_qc/T0_set_side.png
RENDER E:/game-dev-team/assets/armor_wearables/_qc/T0_set_top.png
RENDER E:/game-dev-team/assets/armor_wearables/_qc/T0_set_back.png
RENDER E:/game-dev-team/assets/armor_wearables/_qc/T1_set_front.png
RENDER E:/game-dev-team/assets/armor_wearables/_qc/T1_set_tq.png
RENDER E:/game-dev-team/assets/armor_wearables/_qc/T1_set_side.png
RENDER E:/game-dev-team/assets/armor_wearables/_qc/T1_set_top.png
RENDER E:/game-dev-team/assets/armor_wearables/_qc/T1_set_back.png
QC DONE
Blender 5.1.2 (hash ec6e62d40fa9 built 2026-05-19 01:37:34)

Blender quit
