00:00.297  blend            | Read blend: "E:\game-dev-team\assets\armor_wearables\_work\wearables_work.blend"
== RootAnim parent=None parent_type=OBJECT parent_bone=''
   constraints=[]
   delta loc=(0.0, 0.0, 0.0) scale=(1.0, 1.0, 1.0)
   basis      loc=(0.000,0.000,0.000) scale=(1.000,1.000,1.000)
   parent_inv loc=(0.000,0.000,0.000) scale=(1.000,1.000,1.000)
   world      loc=(0.000,0.000,0.000) scale=(1.000,1.000,1.000)
   world_EVAL loc=(0.000,0.000,0.000) scale=(1.000,1.000,1.000)
== SK_Armor_T1_Head parent=RootAnim parent_type=OBJECT parent_bone=''
   constraints=[]
   delta loc=(0.0, 0.0, 0.0) scale=(1.0, 1.0, 1.0)
   basis      loc=(0.000,0.000,0.000) scale=(1.000,1.000,1.000)
   parent_inv loc=(0.000,0.000,0.000) scale=(1.000,1.000,1.000)
   world      loc=(0.000,0.000,0.000) scale=(1.000,1.000,1.000)
   world_EVAL loc=(0.000,0.000,0.000) scale=(1.000,1.000,1.000)
== SK_Armor_T1_Torso parent=RootAnim parent_type=OBJECT parent_bone=''
   constraints=[]
   delta loc=(0.0, 0.0, 0.0) scale=(1.0, 1.0, 1.0)
   basis      loc=(0.000,0.000,0.000) scale=(100.000,100.000,100.000)
   parent_inv loc=(0.000,0.000,0.000) scale=(1.000,1.000,1.000)
   world      loc=(0.000,0.000,0.000) scale=(100.000,100.000,100.000)
   world_EVAL loc=(0.000,0.000,0.000) scale=(100.000,100.000,100.000)
== SK_Armor_T1_Legs parent=RootAnim parent_type=OBJECT parent_bone=''
   constraints=[]
   delta loc=(0.0, 0.0, 0.0) scale=(1.0, 1.0, 1.0)
   basis      loc=(0.000,0.000,0.000) scale=(1.000,1.000,1.000)
   parent_inv loc=(0.000,0.000,0.000) scale=(1.000,1.000,1.000)
   world      loc=(0.000,0.000,0.000) scale=(1.000,1.000,1.000)
   world_EVAL loc=(0.000,0.000,0.000) scale=(1.000,1.000,1.000)
== L1_Torso parent=RootAnim parent_type=OBJECT parent_bone=''
   constraints=[]
   delta loc=(0.0, 0.0, 0.0) scale=(1.0, 1.0, 1.0)
   basis      loc=(0.000,0.000,0.000) scale=(100.000,100.000,100.000)
   parent_inv loc=(0.000,0.000,0.000) scale=(1.000,1.000,1.000)
   world      loc=(0.000,0.000,0.000) scale=(1.000,1.000,1.000)
   world_EVAL loc=(0.000,0.000,0.000) scale=(1.000,1.000,1.000)
DIAG3 DONE
Blender 5.1.2 (hash ec6e62d40fa9 built 2026-05-19 01:37:34)

Blender quit
