00:00.297  blend            | Read blend: "E:\game-dev-team\assets\armor_wearables\_work\wearables_work.blend"
BONE C_Neck       headloc=(-0.000,-0.001,1.461) scale=(1.000,1.000,1.000) len=0.071 connected=True
BONE L_Shoulder   headloc=(0.286,-0.001,1.342) scale=(1.000,1.000,1.000) len=0.345 connected=True
BONE L_Arm        headloc=(0.631,-0.001,1.336) scale=(1.000,1.000,1.000) len=0.267 connected=True
BONE L_Thigh      headloc=(0.105,-0.001,0.837) scale=(1.000,1.000,1.000) len=0.380 connected=True
BONE L_Claf       headloc=(0.126,-0.001,0.458) scale=(1.000,1.000,1.000) len=0.422 connected=True
REST SK_Armor_T1_Head     x=[-0.15..0.15] z=[1.53..1.84]
REST SK_Armor_T1_Torso    x=[-1.00..1.00] z=[0.85..1.55]
REST SK_Armor_T1_Legs     x=[-0.27..0.27] z=[0.00..0.91]
POSE:C_Neck SK_Armor_T1_Head     x=[-0.15..0.15] z=[1.52..1.84]
POSE:C_Neck SK_Armor_T1_Torso    x=[-1.00..1.00] z=[0.85..1.57]
POSE:C_Neck SK_Armor_T1_Legs     x=[-0.27..0.27] z=[0.00..0.91]
POSE:L_Shoulder SK_Armor_T1_Head     x=[-0.15..0.15] z=[1.53..1.84]
POSE:L_Shoulder SK_Armor_T1_Torso    x=[-1.00..0.87] z=[0.85..1.78]
POSE:L_Shoulder SK_Armor_T1_Legs     x=[-0.27..0.27] z=[0.00..0.91]
POSE:L_Arm SK_Armor_T1_Head     x=[-0.15..0.15] z=[1.53..1.84]
POSE:L_Arm SK_Armor_T1_Torso    x=[-1.00..0.93] z=[0.85..1.58]
POSE:L_Arm SK_Armor_T1_Legs     x=[-0.27..0.27] z=[0.00..0.91]
POSE:L_Thigh SK_Armor_T1_Head     x=[-0.15..0.15] z=[1.53..1.84]
POSE:L_Thigh SK_Armor_T1_Torso    x=[-1.00..1.00] z=[0.79..1.55]
POSE:L_Thigh SK_Armor_T1_Legs     x=[-0.35..0.26] z=[0.00..0.91]
POSE:L_Claf SK_Armor_T1_Head     x=[-0.15..0.15] z=[1.53..1.84]
POSE:L_Claf SK_Armor_T1_Torso    x=[-1.00..1.00] z=[0.85..1.55]
POSE:L_Claf SK_Armor_T1_Legs     x=[-0.27..0.45] z=[0.00..0.91]
DIAGPOSE DONE
Blender 5.1.2 (hash ec6e62d40fa9 built 2026-05-19 01:37:34)

Blender quit
