00:00.484  blend            | Read blend: "E:\game-dev-team\assets\armor_wearables\_work\wearables_work.blend"

FBX export starting... 'E:/game-dev-team/assets/armor_wearables/SK_Cloth_T0_Head.fbx'
export finished in 0.0093 sec.
EXPORTED E:/game-dev-team/assets/armor_wearables/SK_Cloth_T0_Head.fbx (64.7 KB)

FBX export starting... 'E:/game-dev-team/assets/armor_wearables/SK_Cloth_T0_Torso.fbx'
export finished in 0.0102 sec.
EXPORTED E:/game-dev-team/assets/armor_wearables/SK_Cloth_T0_Torso.fbx (72.9 KB)

FBX export starting... 'E:/game-dev-team/assets/armor_wearables/SK_Cloth_T0_Legs.fbx'
export finished in 0.0098 sec.
EXPORTED E:/game-dev-team/assets/armor_wearables/SK_Cloth_T0_Legs.fbx (66.9 KB)

FBX export starting... 'E:/game-dev-team/assets/armor_wearables/SK_Armor_T1_Head.fbx'
export finished in 0.0075 sec.
EXPORTED E:/game-dev-team/assets/armor_wearables/SK_Armor_T1_Head.fbx (70.2 KB)

FBX export starting... 'E:/game-dev-team/assets/armor_wearables/SK_Armor_T1_Torso.fbx'
export finished in 0.0106 sec.
EXPORTED E:/game-dev-team/assets/armor_wearables/SK_Armor_T1_Torso.fbx (85.5 KB)

FBX export starting... 'E:/game-dev-team/assets/armor_wearables/SK_Armor_T1_Legs.fbx'
export finished in 0.0090 sec.
EXPORTED E:/game-dev-team/assets/armor_wearables/SK_Armor_T1_Legs.fbx (70.4 KB)
FBX version: 7300
  armature RootAnim applied: C_Neck local z=1.461 (expect ~1.461)

REFERENCE bones=21
FBX version: 7400
  armature RootAnim applied: C_Neck local z=1.461 (expect ~1.461)
VERIFY SK_Cloth_T0_Head       bones=21 names_match=True rest_maxdelta=0.00002 tris=134 verts=78 vgroups=2 unweighted=0 vcol=[('Col', 'CORNER', 'BYTE_COLOR')] uv=['UVMap'] z=[1.532..1.801] -> PASS
FBX version: 7400
  armature RootAnim applied: C_Neck local z=1.461 (expect ~1.461)
VERIFY SK_Cloth_T0_Torso      bones=21 names_match=True rest_maxdelta=0.00002 tris=338 verts=190 vgroups=16 unweighted=0 vcol=[('Col', 'CORNER', 'BYTE_COLOR')] uv=['UVMap'] z=[0.905..1.549] -> PASS
FBX version: 7400
  armature RootAnim applied: C_Neck local z=1.461 (expect ~1.461)
VERIFY SK_Cloth_T0_Legs       bones=21 names_match=True rest_maxdelta=0.00002 tris=224 verts=135 vgroups=12 unweighted=0 vcol=[('Col', 'CORNER', 'BYTE_COLOR')] uv=['UVMap'] z=[0.001..0.907] -> PASS
FBX version: 7400
  armature RootAnim applied: C_Neck local z=1.461 (expect ~1.461)
VERIFY SK_Armor_T1_Head       bones=21 names_match=True rest_maxdelta=0.00002 tris=274 verts=167 vgroups=2 unweighted=0 vcol=[('Col', 'CORNER', 'BYTE_COLOR')] uv=['UVMap'] z=[1.532..1.845] -> PASS
FBX version: 7400
  armature RootAnim applied: C_Neck local z=1.461 (expect ~1.461)
VERIFY SK_Armor_T1_Torso      bones=21 names_match=True rest_maxdelta=0.00002 tris=658 verts=398 vgroups=16 unweighted=0 vcol=[('Col', 'CORNER', 'BYTE_COLOR')] uv=['UVMap'] z=[0.850..1.552] -> PASS
FBX version: 7400
  armature RootAnim applied: C_Neck local z=1.461 (expect ~1.461)
VERIFY SK_Armor_T1_Legs       bones=21 names_match=True rest_maxdelta=0.00002 tris=328 verts=215 vgroups=12 unweighted=0 vcol=[('Col', 'CORNER', 'BYTE_COLOR')] uv=['UVMap'] z=[0.000..0.907] -> PASS

ROUNDTRIP ALL PASS
Blender 5.1.2 (hash ec6e62d40fa9 built 2026-05-19 01:37:34)

Blender quit
