00:00.406  blend            | Read blend: "E:\game-dev-team\assets\scientist_base\_src\low-poly-toz-34\source\toz34.blend"
E:\game-dev-team\assets\scientist_base\_work\00_inspect.py:64: DeprecationWarning: 'World.use_nodes' is expected to be removed in Blender 6.0
  w = bpy.data.worlds.new('W'); sc.world = w; w.use_nodes = True
00:01.921  gpu.texture      | ERROR Failed to create GPU texture from Blender image
00:02.296  render           | Saved: 'E:\game-dev-team\assets\scientist_base\_work\_look\toz_px.png'
00:02.593  render           | Saved: 'E:\game-dev-team\assets\scientist_base\_work\_look\toz_nx.png'
00:02.890  render           | Saved: 'E:\game-dev-team\assets\scientist_base\_work\_look\toz_py.png'
00:03.265  render           | Saved: 'E:\game-dev-team\assets\scientist_base\_work\_look\toz_ny.png'
00:03.765  render           | Saved: 'E:\game-dev-team\assets\scientist_base\_work\_look\toz_top.png'
00:04.234  render           | Saved: 'E:\game-dev-team\assets\scientist_base\_work\_look\toz_q.png'
00:04.750  render           | Saved: 'E:\game-dev-team\assets\scientist_base\_work\_look\toz_q2.png'
SCENE unit scale 1.0, objects 10
OBJ 12/76                        tris   318 verts   161 min [ 0.937 -0.14  -0.777] max [ 1.697  0.14  -0.497] size [0.76 0.28 0.28] parent None mods [] hidden False
    loc (1.317, 0.0, -0.637) rot (-3.142, 3.142, -3.142) scale (-1.0, 1.0, 1.0) uv ['UVMap'] cols [] mats ['2r', 'blt'] faces per mat [82, 49]
OBJ 1276                         tris   220 verts   112 min [ 0.937 -0.14  -1.227] max [ 1.697  0.14  -0.947] size [0.76 0.28 0.28] parent None mods [] hidden False
    loc (1.317, 0.0, -1.087) rot (-6.283, 1.571, 0.0) scale (-1.0, 1.0, 1.0) uv ['UVMap'] cols [] mats ['2r', 'blt'] faces per mat [27, 49]
OBJ Cube                         tris    12 verts    10 min [-0.375 -0.016  0.236] max [-0.359  0.017  0.622] size [0.016 0.033 0.386] parent None mods [] hidden False
    loc (-0.375, 0.0, 0.605) rot (0.785, -0.0, 3.142) scale (0.012, 0.012, 0.012) uv ['UVMap'] cols [] mats ['1w'] faces per mat [10]
OBJ toz-34                       tris   652 verts   332 min [-7.945 -0.231 -2.425] max [0.803 0.231 0.804] size [8.747 0.462 3.229] parent None mods [] hidden False
    loc (-0.069, 0.0, 0.008) rot (0.0, -0.0, 3.142) scale (0.353, 0.195, 0.353) uv ['UVMap'] cols [] mats ['1b', '1wo', '2b', '1wo mesh1'] faces per mat [96, 86, 41, 2]
OBJ toz34 barrels                tris  1130 verts   530 min [-0.375 -0.242 -0.217] max [11.068  0.242  0.878] size [11.443  0.484  1.095] parent None mods [] hidden False
    loc (0.641, 0.0, 0.109) rot (-3.142, 1.571, 0.0) scale (0.163, 0.163, 0.163) uv ['UVMap'] cols [] mats ['1b', '1wo', '1wo mesh1'] faces per mat [275, 56, 6]
OBJ toz34 front trigga           tris    76 verts    38 min [-1.467 -0.112 -0.728] max [-1.241 -0.027 -0.15 ] size [0.226 0.085 0.579] parent None mods [] hidden False
    loc (-1.295, -0.07, -0.231) rot (0.0, -0.0, 3.142) scale (1.0, 0.521, 1.0) uv ['UVMap'] cols [] mats ['1b'] faces per mat [25]
OBJ toz34 left (uo) extractor    tris    82 verts    45 min [-0.375  0.     0.295] max [1.216 0.178 0.605] size [1.591 0.177 0.31 ] parent None mods [] hidden False
    loc (0.42, 0.089, 0.45) rot (3.142, 0.0, 3.142) scale (0.038, 0.038, 0.061) uv ['UVMap'] cols [] mats ['1w'] faces per mat [27]
OBJ toz34 lock lever             tris   114 verts    59 min [-1.949 -0.101  0.402] max [-0.79   0.102  0.745] size [1.159 0.203 0.343] parent None mods [] hidden False
    loc (-0.892, 0.0, 0.675) rot (0.0, -0.0, 3.142) scale (-0.101, -0.101, -0.101) uv ['UVMap'] cols [] mats ['1b'] faces per mat [43]
OBJ toz34 rear trigga            tris    52 verts    28 min [-1.829  0.024 -0.688] max [-1.429  0.109 -0.15 ] size [0.4   0.085 0.538] parent None mods [] hidden False
    loc (-1.483, 0.067, -0.231) rot (0.0, -0.0, 3.142) scale (1.0, 0.521, 1.0) uv ['UVMap'] cols [] mats ['1b'] faces per mat [18]
OBJ toz34 right (down) extractor tris    80 verts    44 min [-0.375 -0.177  0.252] max [1.216 0.    0.429] size [1.591 0.177 0.176] parent None mods [] hidden False
    loc (0.42, -0.088, 0.341) rot (0.0, -0.0, 3.142) scale (0.038, 0.038, 0.061) uv ['UVMap'] cols [] mats ['1w'] faces per mat [26]
ALL min [-7.945 -0.242 -2.425] max [11.068  0.242  0.878] size [19.013  0.484  3.303]
MAT 1b base colour (0.032, 0.032, 0.032, 1.0) alpha 1.0 blend DITHERED
MAT 1w base colour (1.0, 1.0, 1.0, 1.0) alpha 1.0 blend DITHERED
MAT 1wo base colour (0.087, 0.036, 0.018, 1.0) alpha 1.0 blend DITHERED
MAT 1wo mesh1 image node Image Texture -> //..\Texture\mesh2.png | linked to [('Normal Map', 'Color')]
MAT 1wo mesh1 base colour (0.087, 0.036, 0.018, 1.0) alpha 1.0 blend DITHERED
MAT 2b base colour (0.0, 0.0, 0.0, 1.0) alpha 1.0 blend DITHERED
MAT 2r base colour (0.359, 0.0, 0.002, 1.0) alpha 1.0 blend DITHERED
MAT blt base colour (0.451, 0.216, 0.0, 1.0) alpha 1.0 blend DITHERED
IMG mesh2 (0, 0) //..\Texture\mesh2.png packed False
Blender 5.1.2 (hash ec6e62d40fa9 built 2026-05-19 01:37:34)

Blender quit
