E:\game-dev-team\assets\scientist_base\_work\00_inspect.py:64: DeprecationWarning: 'World.use_nodes' is expected to be removed in Blender 6.0
  w = bpy.data.worlds.new('W'); sc.world = w; w.use_nodes = True
00:01.875  gpu.texture      | ERROR Failed to create GPU texture from Blender image
00:01.875  gpu.texture      | ERROR Failed to create GPU texture from Blender image
00:01.875  gpu.texture      | ERROR Failed to create GPU texture from Blender image
00:01.875  gpu.texture      | ERROR Failed to create GPU texture from Blender image
00:02.156  render           | Saved: 'E:\game-dev-team\assets\scientist_base\_work\_look\radio_px.png'
00:02.484  render           | Saved: 'E:\game-dev-team\assets\scientist_base\_work\_look\radio_nx.png'
00:02.812  render           | Saved: 'E:\game-dev-team\assets\scientist_base\_work\_look\radio_py.png'
00:03.234  render           | Saved: 'E:\game-dev-team\assets\scientist_base\_work\_look\radio_ny.png'
00:03.640  render           | Saved: 'E:\game-dev-team\assets\scientist_base\_work\_look\radio_top.png'
00:04.140  render           | Saved: 'E:\game-dev-team\assets\scientist_base\_work\_look\radio_q.png'
00:04.625  render           | Saved: 'E:\game-dev-team\assets\scientist_base\_work\_look\radio_q2.png'
FBX version: 7400
SCENE unit scale 1.0, objects 7
OBJ Cube.009                     tris   424 verts   223 min [-2.62  -1.02  -2.033] max [2.963 0.331 1.368] size [5.583 1.351 3.4  ] parent None mods [] hidden False
    loc (0.172, -0.344, -0.332) rot (-1.571, 0.0, 0.0) scale (34.099, 34.099, 34.099) uv ['Attribute'] cols [] mats ['TT_checker_512x512_UV_GRID.003'] faces per mat [424]
OBJ Cube.011                     tris    74 verts    42 min [-0.776  0.252 -1.557] max [-0.259  0.357 -1.411] size [0.517 0.105 0.146] parent None mods [] hidden False
    loc (-0.409, 0.36, -1.484) rot (-0.0, 0.0, 0.0) scale (34.099, 34.099, 34.099) uv ['Attribute'] cols [] mats ['TT_checker_512x512_UV_GRID.003'] faces per mat [74]
OBJ Cylinder.013                 tris   310 verts   168 min [-2.225  0.328 -1.164] max [-0.278  0.48   0.784] size [1.947 0.152 1.947] parent None mods [] hidden False
    loc (-1.251, 0.34, -0.19) rot (-1.571, 0.0, 0.0) scale (34.099, 34.099, 34.099) uv ['Attribute'] cols [] mats ['TT_checker_512x512_UV_GRID.003'] faces per mat [310]
OBJ Cylinder.014                 tris   310 verts   168 min [-1.649  0.393 -0.588] max [-0.854  0.503  0.207] size [0.795 0.11  0.795] parent None mods [] hidden False
    loc (-1.251, 0.033, -0.19) rot (-1.571, 0.0, 0.0) scale (34.099, 34.099, 34.099) uv ['Attribute'] cols [] mats ['TT_checker_512x512_UV_GRID.003'] faces per mat [310]
OBJ Cylinder.016                 tris   166 verts   102 min [-1.782  0.093  0.801] max [-0.701  0.236  1.056] size [1.081 0.143 0.254] parent None mods [] hidden False
    loc (-1.242, 0.165, 0.302) rot (1.571, -0.0, 0.0) scale (34.099, 34.099, 34.099) uv ['Attribute'] cols [] mats ['TT_checker_512x512_UV_GRID.003'] faces per mat [166]
OBJ Cylinder.017                 tris   254 verts   156 min [ 0.775 -0.157  0.922] max [1.496 0.235 1.063] size [0.721 0.392 0.141] parent None mods [] hidden False
    loc (1.135, -0.126, 0.992) rot (-3.142, 0.0, 0.0) scale (34.099, 34.099, 34.099) uv ['Attribute'] cols [] mats ['TT_checker_512x512_UV_GRID.003'] faces per mat [254]
OBJ Plane.002                    tris    40 verts    28 min [ 2.741 -0.354  0.986] max [ 2.947 -0.133  1.096] size [0.206 0.221 0.11 ] parent None mods [] hidden False
    loc (2.81, -0.354, 1.041) rot (-1.571, 0.0, 0.0) scale (34.099, 34.099, 34.099) uv ['Attribute'] cols [] mats ['TT_checker_512x512_UV_GRID.003'] faces per mat [40]
ALL min [-2.62  -1.02  -2.033] max [2.963 0.503 1.368] size [5.583 1.523 3.4  ]
MAT TT_checker_512x512_UV_GRID.003 image node Image Texture -> E:\game-dev-team\assets\scientist_base\_src\gauja-retro-radio-receiver-low-poly\source\unz\_BaseColor test 12.png | linked to [('Principled BSDF', 'Base Color')]
MAT TT_checker_512x512_UV_GRID.003 image node Image Texture.001 -> E:\game-dev-team\assets\scientist_base\_src\gauja-retro-radio-receiver-low-poly\source\unz\Lowtpoly_TT_checker_512x512_UV_GRID_Normal.png | linked to [('Normal Map', 'Color')]
MAT TT_checker_512x512_UV_GRID.003 image node Image Texture.002 -> E:\game-dev-team\assets\scientist_base\_src\gauja-retro-radio-receiver-low-poly\source\unz\Lowtpoly_TT_checker_512x512_UV_GRID_Roughness.png | linked to [('Principled BSDF', 'Roughness')]
MAT TT_checker_512x512_UV_GRID.003 image node Image Texture.003 -> E:\game-dev-team\assets\scientist_base\_src\gauja-retro-radio-receiver-low-poly\source\unz\Lowtpoly_TT_checker_512x512_UV_GRID_Metallic.png | linked to [('Principled BSDF', 'Metallic')]
MAT TT_checker_512x512_UV_GRID.003 base colour (0.8, 0.8, 0.8, 1.0) alpha 1.0 blend DITHERED
IMG _BaseColor test 12.png (0, 0) E:\game-dev-team\assets\scientist_base\_src\gauja-retro-radio-receiver-low-poly\source\unz\_BaseColor test 12.png packed False
IMG Lowtpoly_TT_checker_512x512_UV_GRID_Metallic.png (0, 0) E:\game-dev-team\assets\scientist_base\_src\gauja-retro-radio-receiver-low-poly\source\unz\Lowtpoly_TT_checker_512x512_UV_GRID_Metallic.png packed False
IMG Lowtpoly_TT_checker_512x512_UV_GRID_Normal.png (0, 0) E:\game-dev-team\assets\scientist_base\_src\gauja-retro-radio-receiver-low-poly\source\unz\Lowtpoly_TT_checker_512x512_UV_GRID_Normal.png packed False
IMG Lowtpoly_TT_checker_512x512_UV_GRID_Roughness.png (0, 0) E:\game-dev-team\assets\scientist_base\_src\gauja-retro-radio-receiver-low-poly\source\unz\Lowtpoly_TT_checker_512x512_UV_GRID_Roughness.png packed False
Blender 5.1.2 (hash ec6e62d40fa9 built 2026-05-19 01:37:34)

Blender quit
