00:00.453  blend            | Read blend: "E:\game-dev-team\assets\scientist_base\_src\oscillograph\source\oscilloscope.blend"
00:00.469  blend.doversion  | WARNING Region type 4 missing in space type "Info" (id: 7) - removing region
IMAGES [('oscilloscope', (512, 512), True)]
TEXTURE file (512, 512)
PARTS 79
PART tris  760 area  3415.7 min [ -8.5 -15.2   1.3] max [ 8.5 16.  25.3] size [17.  31.2 24. ] colour [0.57 0.56 0.55]
PART tris  304 area   216.7 min [ -7.3 -18.8  13. ] max [  3.3 -16.4  23.6] size [10.7  2.4 10.7] colour [0.37 0.39 0.35]
PART tris  106 area   205.9 min [ -8.  -16.5  12.3] max [  4.  -15.1  24.3] size [12.   1.4 12. ] colour [0.24 0.24 0.23]
PART tris  232 area    95.2 min [-1.4 -7.  25.2] max [ 1.4  7.  28.2] size [ 2.8 14.   3. ] colour [0.27 0.27 0.26]
PART tris   60 area    19.7 min [  3.8 -17.2   8.1] max [  6.2 -14.5  10.5] size [2.4 2.7 2.4] colour [0.25 0.25 0.25]
PART tris   60 area    19.7 min [ -6.2 -17.2   8.1] max [ -3.8 -14.5  10.5] size [2.4 2.7 2.4] colour [0.25 0.25 0.25]
PART tris   60 area    19.7 min [ -1.2 -17.2   4.1] max [  1.2 -14.5   6.5] size [2.4 2.7 2.4] colour [0.25 0.25 0.25]
PART tris   60 area    19.7 min [ -1.2 -17.2   8.1] max [  1.2 -14.5  10.5] size [2.4 2.7 2.4] colour [0.25 0.25 0.25]
PART tris   60 area    19.7 min [  3.8 -17.2   4.1] max [  6.2 -14.5   6.5] size [2.4 2.7 2.4] colour [0.25 0.25 0.25]
PART tris   60 area    19.7 min [ -6.2 -17.2   4.1] max [ -3.8 -14.5   6.5] size [2.4 2.7 2.4] colour [0.25 0.25 0.25]
PART tris   16 area    10.2 min [-2.4 14.9  3.8] max [-0.  15.6  5.9] size [2.3 0.7 2.2] colour [0.18 0.18 0.18]
PART tris   16 area    10.2 min [ 0.6 14.9  3.8] max [ 3.  15.6  5.9] size [2.3 0.7 2.2] colour [0.18 0.18 0.18]
PART tris   16 area    10.2 min [-5.4 14.9  3.8] max [-3.  15.6  5.9] size [2.3 0.7 2.2] colour [0.18 0.18 0.18]
PART tris   24 area     8.6 min [ 8.5  8.7 18.6] max [ 8.9 14.3 19.6] size [0.4 5.6 1. ] colour [0.51 0.5  0.49]
PART tris   24 area     8.6 min [-8.9  8.7 18.6] max [-8.5 14.3 19.6] size [0.4 5.6 1. ] colour [0.51 0.5  0.49]
PART tris   24 area     8.6 min [ 8.5  1.7 18.6] max [ 8.9  7.3 19.6] size [0.4 5.6 1. ] colour [0.51 0.5  0.49]
PART tris   24 area     8.6 min [-8.9  1.7 18.6] max [-8.5  7.3 19.6] size [0.4 5.6 1. ] colour [0.51 0.5  0.49]
PART tris   24 area     8.6 min [-8.9 -5.3 18.6] max [-8.5  0.3 19.6] size [0.4 5.6 1. ] colour [0.51 0.5  0.49]
PART tris   24 area     8.6 min [ 8.5 -5.3 18.6] max [ 8.9  0.3 19.6] size [0.4 5.6 1. ] colour [0.51 0.5  0.49]
PART tris   24 area     8.6 min [  8.5 -12.3  18.6] max [ 8.9 -6.7 19.6] size [0.4 5.6 1. ] colour [0.51 0.5  0.49]
PART tris   24 area     8.6 min [ -8.9 -12.3  18.6] max [-8.5 -6.7 19.6] size [0.4 5.6 1. ] colour [0.51 0.5  0.49]
PART tris   24 area     8.6 min [ 8.5  8.7 19.8] max [ 8.9 14.3 20.8] size [0.4 5.6 1. ] colour [0.56 0.55 0.54]
PART tris   24 area     8.6 min [-8.9  8.7 19.8] max [-8.5 14.3 20.8] size [0.4 5.6 1. ] colour [0.56 0.55 0.54]
PART tris   24 area     8.6 min [ 8.5  1.7 19.8] max [ 8.9  7.3 20.8] size [0.4 5.6 1. ] colour [0.56 0.55 0.54]
PART tris   24 area     8.6 min [-8.9  1.7 19.8] max [-8.5  7.3 20.8] size [0.4 5.6 1. ] colour [0.56 0.55 0.54]
PART tris   24 area     8.6 min [  8.5 -12.3  17.4] max [ 8.9 -6.7 18.4] size [0.4 5.6 1. ] colour [0.55 0.54 0.53]
PART tris   24 area     8.6 min [ 8.5 -5.3 17.4] max [ 8.9  0.3 18.4] size [0.4 5.6 1. ] colour [0.55 0.54 0.53]
PART tris   24 area     8.6 min [ -8.9 -12.3  17.4] max [-8.5 -6.7 18.4] size [0.4 5.6 1. ] colour [0.55 0.54 0.53]
PART tris   24 area     8.6 min [-8.9 -5.3 17.4] max [-8.5  0.3 18.4] size [0.4 5.6 1. ] colour [0.55 0.54 0.53]
PART tris   24 area     8.6 min [  8.5 -12.3   6.4] max [ 8.9 -6.7  7.4] size [0.4 5.6 1. ] colour [0.55 0.54 0.53]
PART tris   24 area     8.6 min [ 8.5 -5.3  6.4] max [8.9 0.3 7.4] size [0.4 5.6 1. ] colour [0.55 0.54 0.53]
PART tris   24 area     8.6 min [ -8.9 -12.3   6.4] max [-8.5 -6.7  7.4] size [0.4 5.6 1. ] colour [0.55 0.54 0.53]
PART tris   24 area     8.6 min [-8.9 -5.3  6.4] max [-8.5  0.3  7.4] size [0.4 5.6 1. ] colour [0.55 0.54 0.53]
PART tris   24 area     8.6 min [8.5 8.7 7.8] max [ 8.9 14.3  8.8] size [0.4 5.6 1. ] colour [0.56 0.55 0.54]
PART tris   24 area     8.6 min [ 8.5  8.7 17.4] max [ 8.9 14.3 18.4] size [0.4 5.6 1. ] colour [0.55 0.54 0.53]
PART tris   24 area     8.6 min [8.5 8.7 6.4] max [ 8.9 14.3  7.4] size [0.4 5.6 1. ] colour [0.55 0.54 0.53]
PART tris   24 area     8.6 min [-8.9  8.7  7.8] max [-8.5 14.3  8.8] size [0.4 5.6 1. ] colour [0.56 0.55 0.54]
PART tris   24 area     8.6 min [-8.9  8.7 17.4] max [-8.5 14.3 18.4] size [0.4 5.6 1. ] colour [0.55 0.54 0.53]
PART tris   24 area     8.6 min [-8.9  8.7  6.4] max [-8.5 14.3  7.4] size [0.4 5.6 1. ] colour [0.55 0.54 0.53]
PART tris   24 area     8.6 min [8.5 1.7 7.8] max [8.9 7.3 8.8] size [0.4 5.6 1. ] colour [0.56 0.55 0.54]
PART tris   24 area     8.6 min [  8.5 -12.3   7.8] max [ 8.9 -6.7  8.8] size [0.4 5.6 1. ] colour [0.56 0.55 0.54]
PART tris   24 area     8.6 min [ 8.5  1.7 17.4] max [ 8.9  7.3 18.4] size [0.4 5.6 1. ] colour [0.55 0.54 0.53]
PART tris   24 area     8.6 min [8.5 1.7 6.4] max [8.9 7.3 7.4] size [0.4 5.6 1. ] colour [0.55 0.54 0.53]
PART tris   24 area     8.6 min [ 8.5 -5.3 19.8] max [ 8.9  0.3 20.8] size [0.4 5.6 1. ] colour [0.56 0.55 0.54]
PART tris   24 area     8.6 min [ 8.5 -5.3  7.8] max [8.9 0.3 8.8] size [0.4 5.6 1. ] colour [0.56 0.55 0.54]
PART tris   24 area     8.6 min [-8.9  1.7  7.8] max [-8.5  7.3  8.8] size [0.4 5.6 1. ] colour [0.56 0.55 0.54]
PART tris   24 area     8.6 min [ -8.9 -12.3   7.8] max [-8.5 -6.7  8.8] size [0.4 5.6 1. ] colour [0.56 0.55 0.54]
PART tris   24 area     8.6 min [  8.5 -12.3  19.8] max [ 8.9 -6.7 20.8] size [0.4 5.6 1. ] colour [0.56 0.55 0.54]
PART tris   24 area     8.6 min [-8.9  1.7 17.4] max [-8.5  7.3 18.4] size [0.4 5.6 1. ] colour [0.55 0.54 0.53]
PART tris   24 area     8.6 min [-8.9  1.7  6.4] max [-8.5  7.3  7.4] size [0.4 5.6 1. ] colour [0.55 0.54 0.53]
PART tris   24 area     8.6 min [-8.9 -5.3 19.8] max [-8.5  0.3 20.8] size [0.4 5.6 1. ] colour [0.56 0.55 0.54]
PART tris   24 area     8.6 min [-8.9 -5.3  7.8] max [-8.5  0.3  8.8] size [0.4 5.6 1. ] colour [0.56 0.55 0.54]
PART tris   24 area     8.6 min [ -8.9 -12.3  19.8] max [-8.5 -6.7 20.8] size [0.4 5.6 1. ] colour [0.56 0.55 0.54]
PART tris   60 area     8.5 min [  5.1 -16.6  15.9] max [  6.9 -15.1  17.7] size [1.8 1.5 1.8] colour [0.25 0.25 0.25]
PART tris   60 area     8.5 min [  5.1 -16.6  18.9] max [  6.9 -15.1  20.7] size [1.8 1.5 1.8] colour [0.25 0.25 0.25]
PART tris   60 area     8.5 min [  5.1 -16.6  21.9] max [  6.9 -15.1  23.7] size [1.8 1.5 1.8] colour [0.25 0.25 0.25]
PART tris   60 area     8.5 min [  5.1 -16.6  12.9] max [  6.9 -15.1  14.7] size [1.8 1.5 1.8] colour [0.25 0.25 0.25]
PART tris   82 area     7.0 min [  2.4 -18.1  12.7] max [  3.6 -16.5  13.9] size [1.2 1.7 1.2] colour [0.52 0.52 0.51]
PART tris   82 area     7.0 min [ -7.6 -18.1  22.7] max [ -6.4 -16.5  23.9] size [1.2 1.7 1.2] colour [0.53 0.53 0.52]
PART tris   82 area     7.0 min [ -7.6 -18.1  12.7] max [ -6.4 -16.5  13.9] size [1.2 1.7 1.2] colour [0.53 0.52 0.52]
PART tris   82 area     7.0 min [  2.4 -18.1  22.7] max [  3.6 -16.5  23.9] size [1.2 1.7 1.2] colour [0.52 0.52 0.51]
PART tris   10 area     6.1 min [  5.9 -12.6   0. ] max [  7.1 -11.4   1.3] size [1.2 1.2 1.3] colour [0.19 0.2  0.19]
PART tris   10 area     6.1 min [ -7.1 -12.6   0. ] max [ -5.9 -11.4   1.3] size [1.2 1.2 1.3] colour [0.2 0.2 0.2]
PART tris   10 area     6.1 min [-7.1 12.4  0. ] max [-5.9 13.6  1.3] size [1.2 1.2 1.3] colour [0.19 0.19 0.19]
PART tris   10 area     6.1 min [ 5.9 12.4  0. ] max [ 7.1 13.6  1.3] size [1.2 1.2 1.3] colour [0.19 0.2  0.19]
PART tris   34 area     6.0 min [  5.5 -16.8   2.6] max [  6.5 -15.    3.6] size [1.1 1.8 1.1] colour [0.25 0.25 0.25]
PART tris   34 area     6.0 min [ -4.5 -16.8   2.6] max [ -3.5 -15.    3.6] size [1.1 1.8 1.1] colour [0.25 0.26 0.25]
PART tris   34 area     6.0 min [ -6.5 -16.8   2.6] max [ -5.5 -15.    3.6] size [1.1 1.8 1.1] colour [0.24 0.24 0.24]
PART tris   34 area     6.0 min [  3.5 -16.8   2.6] max [  4.5 -15.    3.6] size [1.1 1.8 1.1] colour [0.24 0.24 0.24]
PART tris   26 area     3.6 min [ -5.2 -17.8   8.4] max [ -4.8 -16.9  10.2] size [0.3 0.9 1.8] colour [0.34 0.34 0.34]00:02.109  render           | Saved: 'E:\game-dev-team\assets\scientist_base\_work\_look\osc_t0.png'
00:02.313  render           | Saved: 'E:\game-dev-team\assets\scientist_base\_work\_look\osc_t1.png'
00:02.531  render           | Saved: 'E:\game-dev-team\assets\scientist_base\_work\_look\osc_t2.png'
00:02.734  render           | Saved: 'E:\game-dev-team\assets\scientist_base\_work\_look\osc_t3.png'
00:02.938  render           | Saved: 'E:\game-dev-team\assets\scientist_base\_work\_look\osc_t4.png'
00:03.250  render           | Saved: 'E:\game-dev-team\assets\scientist_base\_work\_look\osc_t5.png'

PART tris   26 area     3.6 min [  4.8 -17.8   8.4] max [  5.2 -16.9  10.2] size [0.3 0.9 1.8] colour [0.34 0.34 0.34]
PART tris   26 area     3.6 min [ -0.4 -17.8   8.4] max [  0.4 -16.9  10.2] size [0.8 0.9 1.8] colour [0.31 0.31 0.31]
PART tris   26 area     3.6 min [  4.5 -17.8   4.4] max [  5.5 -16.9   6.2] size [0.9 0.9 1.8] colour [0.31 0.31 0.31]
PART tris   26 area     3.6 min [ -5.8 -17.8   4.6] max [ -4.2 -16.9   6. ] size [1.6 0.9 1.4] colour [0.31 0.31 0.31]
PART tris   26 area     3.6 min [ -0.8 -17.8   4.6] max [  0.8 -16.9   6. ] size [1.6 0.9 1.4] colour [0.34 0.34 0.34]
PART tris   26 area     2.3 min [  5.8 -17.1  16.1] max [  6.2 -16.4  17.5] size [0.5 0.7 1.5] colour [0.31 0.31 0.31]
PART tris   26 area     2.3 min [  5.3 -17.1  13.3] max [  6.7 -16.4  14.3] size [1.4 0.7 0.9] colour [0.31 0.31 0.31]
PART tris   26 area     2.3 min [  5.4 -17.1  22.2] max [  6.6 -16.4  23.4] size [1.1 0.7 1.3] colour [0.31 0.31 0.31]
PART tris   26 area     2.3 min [  5.5 -17.1  19.1] max [  6.5 -16.4  20.5] size [0.9 0.7 1.4] colour [0.31 0.31 0.31]
RENDER E:/game-dev-team/assets/scientist_base/_work/_look/osc_t0.png
RENDER E:/game-dev-team/assets/scientist_base/_work/_look/osc_t1.png
RENDER E:/game-dev-team/assets/scientist_base/_work/_look/osc_t2.png
RENDER E:/game-dev-team/assets/scientist_base/_work/_look/osc_t3.png
RENDER E:/game-dev-team/assets/scientist_base/_work/_look/osc_t4.png
RENDER E:/game-dev-team/assets/scientist_base/_work/_look/osc_t5.png
SHEET E:/game-dev-team/assets/scientist_base/_work/_look/osc_sheet.png
Blender 5.1.2 (hash ec6e62d40fa9 built 2026-05-19 01:37:34)

Blender quit
