FBX version: 7400
SOURCE Cube.009      tris  424 min [-2.62  -1.02  -2.033] max [2.963 0.331 1.368]
SOURCE Cube.011      tris   74 min [-0.776  0.252 -1.557] max [-0.259  0.357 -1.411]
SOURCE Cylinder.013  tris  310 min [-2.225  0.328 -1.164] max [-0.278  0.48   0.784]
SOURCE Cylinder.014  tris  310 min [-1.649  0.393 -0.588] max [-0.854  0.503  0.207]
SOURCE Cylinder.016  tris  166 min [-1.782  0.093  0.801] max [-0.701  0.236  1.056]
SOURCE Cylinder.017  tris  254 min [ 0.775 -0.157  0.922] max [1.496 0.235 1.063]
SOURCE Plane.002     tris   40 min [ 2.741 -0.354  0.986] max [ 2.947 -0.133  1.096]
SOURCE all min [-2.62  -1.02  -2.033] max [2.963 0.503 1.368] -> scale 0.04478
RADIO FACING fixed: flipped 0 of 70 faces; open on both sides 0; closed on both sides 32
BUILD tris 70
UV UVMap angle 66 overlapping texels at 1024: 0
Info: Circular dependency for image "T_Radio_D" from object "SM_Radio"
Info: Baking map saved to internal image, save it externally or pack it
BAKE mean colour [0.549 0.475 0.347], texels the bake missed 2303 of 186063
UV LightmapUV angle 66 overlapping texels 0
RESULT tris 70 min [-0.1263 -0.0341  0.    ] max [0.125  0.0341 0.1523] size [0.2513 0.0682 0.1523] (m)
Info: Saved as "radio_work.blend"
Blender 5.1.2 (hash ec6e62d40fa9 built 2026-05-19 01:37:34)

Blender quit
