00:00.438  blend            | Read blend: "E:\game-dev-team\assets\scientist_base\_src\low-poly-toz-34\source\toz34.blend"
FBX version: 7400
PISTOL in the game: min [-0.017 -0.158 -0.082] max [0.017 0.039 0.088] (m); grip (lowest 4 cm) y -0.024..0.039; upper part y -0.158..0.025 -> muzzle looks to -Y, origin 0.039 m from the rear end
LEFT OUT 12/76 (318 tris)
LEFT OUT 1276 (220 tris)
LEFT OUT toz34 left (uo) extractor (82 tris)
LEFT OUT toz34 right (down) extractor (80 tris)
PARTS [('Cube', 12), ('toz-34', 652), ('toz34 barrels', 1130), ('toz34 front trigga', 76), ('toz34 lock lever', 114), ('toz34 rear trigga', 52)] sum 2036
MATERIAL 1b         base colour (linear) (0.032, 0.032, 0.032, 1.0)
MATERIAL 1w         base colour (linear) (1.0, 1.0, 1.0, 1.0)
MATERIAL 1wo        base colour (linear) (0.087, 0.036, 0.018, 1.0)
MATERIAL 1wo mesh1  base colour (linear) (0.087, 0.036, 0.018, 1.0)
MATERIAL 2b         base colour (linear) (0.0, 0.0, 0.0, 1.0)
MATERIAL 2r         base colour (linear) (0.359, 0.0, 0.002, 1.0)
MATERIAL blt        base colour (linear) (0.451, 0.216, 0.0, 1.0)
SOURCE size [19.013  0.484  3.303] -> scale 0.06049
SOURCE FACING fixed: flipped 1 of 658 faces; open on both sides 2; closed on both sides 187
GRIP checkering y 0.156..0.240 z -0.073..0.001 -> origin at (0.0000, 0.2030, -0.0409) of the turned source
ISLAND pin or sight (dropped) tris    6, edges without exactly two faces 0, y -0.181..-0.180 z 0.076..0.078 -> not taken
ISLAND pin or sight (dropped) tris    6, edges without exactly two faces 0, y -0.181..-0.180 z 0.055..0.057 -> not taken
ISLAND barrels                tris  890, edges without exactly two faces 1, y -0.872..-0.180 z 0.033..0.094 -> not taken
ISLAND pin or sight (dropped) tris   28, edges without exactly two faces 0, y -0.454..-0.447 z 0.063..0.070 -> not taken
ISLAND pin or sight (dropped) tris   28, edges without exactly two faces 0, y -0.337..-0.330 z 0.063..0.070 -> not taken
ISLAND fore-end               tris  184, edges without exactly two faces 0, y -0.506..-0.239 z 0.028..0.077 -> 130 tris
ISLAND receiver               tris  158, edges without exactly two faces 0, y -0.252..-0.073 z 0.024..0.089 -> 124 tris
ISLAND pin or sight (dropped) tris   28, edges without exactly two faces 0, y -0.160..-0.155 z 0.061..0.066 -> not taken
ISLAND trigger guard          tris  140, edges without exactly two faces 0, y -0.153..-0.031 z -0.007..0.031 -> 92 tris
ISLAND stock                  tris  326, edges without exactly two faces 0, y -0.156..0.278 z -0.106..0.075 -> 218 tris
ISLAND lock lever             tris  114, edges without exactly two faces 0, y -0.155..-0.085 z 0.065..0.086 -> 40 tris
ISLAND trigger                tris   76, edges without exactly two faces 0, y -0.128..-0.114 z -0.003..0.032 -> a closed box, 12 tris
ISLAND trigger                tris   52, edges without exactly two faces 0, y -0.117..-0.092 z -0.001..0.032 -> a closed box, 12 tris
PIECE fore-end        184 -> 130 tris, edges without exactly two faces 0, signed volume +0.000255
PIECE receiver        158 -> 124 tris, edges without exactly two faces 0, signed volume +0.000143
PIECE trigger guard   140 ->  92 tris, edges without exactly two faces 0, signed volume +0.000006
PIECE stock           326 -> 218 tris, edges without exactly two faces 0, signed volume +0.001143
PIECE lock lever      114 ->  40 tris, edges without exactly two faces 0, signed volume +0.000003
BARRELS y -0.872..-0.180, tube radius 0.0099 (x 0.0148), lowest point z 0.0463
FILLER block between fore-end and receiver: y -0.309..-0.202 z 0.034..0.056
CLOSED CHECK: 692 triangles (limit 700), 11 closed solids, edges without exactly two faces 0, solids turned inside out 0
UV UVMap angle 66 overlapping texels at 1024: 0
Info: Circular dependency for image "T_Shotgun_TOZ34_D" from object "SM_Shotgun_TOZ34"
Info: Baking map saved to internal image, save it externally or pack it
BAKE wood colour [0.322 0.204 0.137] (texels 44199), checkering texels 8199, black texels inside faces 799
BAKE texels the bake missed: 799 -> filled from their neighbours
RESULT tris 692 min [-0.021  -0.8724 -0.1053] max [0.021  0.2776 0.0898] size [0.042  1.15   0.1951] (m); muzzle end y -0.8724, butt end y 0.2776
Info: Saved as "toz_work.blend"
Blender 5.1.2 (hash ec6e62d40fa9 built 2026-05-19 01:37:34)

Blender quit
