E:\game-dev-team\assets\wolfden_tripo\_work\00_inspect.py:63: DeprecationWarning: 'Material.use_nodes' is expected to be removed in Blender 6.0
  mat = bpy.data.materials.new('v'); mat.use_nodes = True
00:01.938  render           | Saved: 'E:\game-dev-team\assets\wolfden_tripo\_work\_look\old_mY.png'
00:02.188  render           | Saved: 'E:\game-dev-team\assets\wolfden_tripo\_work\_look\old_pY.png'
00:02.438  render           | Saved: 'E:\game-dev-team\assets\wolfden_tripo\_work\_look\old_pX.png'
00:02.688  render           | Saved: 'E:\game-dev-team\assets\wolfden_tripo\_work\_look\old_mX.png'
00:02.954  render           | Saved: 'E:\game-dev-team\assets\wolfden_tripo\_work\_look\old_top.png'
FBX version: 7400
OLD tris 208 verts 128 min [-2.161 -1.495  0.   ] max [2.17  1.573 3.617] size [4.331 3.068 3.617] scale (1.0, 1.0, 1.0) uv ['UVMap'] cols ['Col'] mats ['M_WolfDenCave']
OLD welded verts 128 open edges 0 edges with 3+ faces 0
OLD loose parts 12
OLD    part tris   20 min [-1.24 -0.26  1.34] max [1.18 1.57 3.13]
OLD    part tris   20 min [-1.11  0.15  2.31] max [0.34 1.51 3.62]
OLD    part tris   20 min [-2.16 -0.71  0.11] max [-1.06  0.35  1.11]
OLD    part tris   20 min [ 1.19 -0.8   0.03] max [2.17 0.18 1.01]
OLD    part tris   20 min [-0.36 -1.5   0.03] max [ 0.62 -0.62  0.79]
OLD    part tris   20 min [ 0.81 -0.41  0.57] max [1.67 0.38 1.63]
OLD    part tris   20 min [-1.27 -0.04  2.64] max [-0.37  0.84  3.47]
OLD    part tris   20 min [0.49 0.17 2.2 ] max [1.34 0.99 2.96]
OLD    part tris   12 min [-0.65 -0.11  0.02] max [0.61 1.21 1.77]
OLD    part tris   12 min [-1.79 -0.9   0.  ] max [-0.28  0.78  2.08]
OLD    part tris   12 min [ 0.39 -0.85  0.01] max [1.78 0.86 2.02]
OLD    part tris   12 min [-1.51 -1.18  1.28] max [1.49 0.85 2.26]
OLD verts within 6 cm of the bottom: 7, x -1.49..1.73 y -1.03..1.17
OLD darkest faces (mouth): 164, centre [0.11 0.13 1.47], min [-2.09 -1.41  0.05] max [2.09 1.5  3.32]
RENDER E:/game-dev-team/assets/wolfden_tripo/_work/_look/old_mY.png
RENDER E:/game-dev-team/assets/wolfden_tripo/_work/_look/old_pY.png
RENDER E:/game-dev-team/assets/wolfden_tripo/_work/_look/old_pX.png
RENDER E:/game-dev-team/assets/wolfden_tripo/_work/_look/old_mX.png
RENDER E:/game-dev-team/assets/wolfden_tripo/_work/_look/old_top.png
20:45:15 | INFO: Data are loaded, start creating Blender stuff
20:45:15 | INFO: Blender create Mesh node tripo_mesh_0dfdc73e-78f4-40d4-920b-27c2312f88e9
20:45:15 | INFO: glTF import finished in 0.00s
00:03.250  render           | Saved: 'E:\game-dev-team\assets\wolfden_tripo\_work\_look\glb_mY.png'
00:03.532  render           | Saved: 'E:\game-dev-team\assets\wolfden_tripo\_work\_look\glb_pY.png'
00:03.813  render           | Saved: 'E:\game-dev-team\assets\wolfden_tripo\_work\_look\glb_pX.png'
00:04.094  render           | Saved: 'E:\game-dev-team\assets\wolfden_tripo\_work\_look\glb_mX.png'
00:04.391  render           | Saved: 'E:\game-dev-team\assets\wolfden_tripo\_work\_look\glb_top.png'
00:04.657  render           | Saved: 'E:\game-dev-team\assets\wolfden_tripo\_work\_look\glb_bottom.png'
00:04.954  render           | Saved: 'E:\game-dev-team\assets\wolfden_tripo\_work\_look\glb_game.png'
GLB tris 922 verts 871 min [-1.175 -1.166 -0.6  ] max [1.175 1.166 0.6  ] size [2.349 2.331 1.2  ] scale (2.354, 2.354, 2.354) uv ['UVMap'] cols [] mats ['tripo_material_0dfdc73e-78f4-40d4-920b-27c2312f88e9']
GLB welded verts 518 open edges 82 edges with 3+ faces 0
GLB loose parts 8
GLB    part tris  585 min [-1.17 -1.17 -0.6 ] max [1.17 1.17 0.6 ]
GLB    part tris   93 min [ 0.43 -0.3  -0.59] max [ 0.65 -0.14 -0.41]
GLB    part tris   74 min [ 0.57 -0.37 -0.59] max [ 0.75 -0.06 -0.38]
GLB    part tris   52 min [ 0.59  0.24 -0.58] max [ 0.81  0.37 -0.55]
GLB    part tris   36 min [ 0.35  0.2  -0.6 ] max [ 0.43  0.33 -0.56]
GLB    part tris   30 min [ 0.88  0.31 -0.6 ] max [ 0.95  0.4  -0.57]
GLB    part tris   30 min [ 0.37  0.3  -0.6 ] max [ 0.46  0.4  -0.56]
GLB    part tris   22 min [ 0.16 -0.12 -0.59] max [ 0.23 -0.04 -0.56]
GLB verts within 6 cm of the bottom: 369, x -1.17..1.17 y -1.17..1.17
IMG Color_0dfdc73e-78f4-40d4-920b-27c2312f88e9 (2048, 2048)
RENDER E:/game-dev-team/assets/wolfden_tripo/_work/_look/glb_mY.png
RENDER E:/game-dev-team/assets/wolfden_tripo/_work/_look/glb_pY.png
RENDER E:/game-dev-team/assets/wolfden_tripo/_work/_look/glb_pX.png
RENDER E:/game-dev-team/assets/wolfden_tripo/_work/_look/glb_mX.png
RENDER E:/game-dev-team/assets/wolfden_tripo/_work/_look/glb_top.png
RENDER E:/game-dev-team/assets/wolfden_tripo/_work/_look/glb_bottom.png
RENDER E:/game-dev-team/assets/wolfden_tripo/_work/_look/glb_game.png
Blender 5.1.2 (hash ec6e62d40fa9 built 2026-05-19 01:37:34)

Blender quit
