00:00.297  blend            | Read blend: "E:\game-dev-team\assets\hero_tripo\_work\hero_work.blend"
BONE C_Root             head=(-0.000,-0.001,0.839) tail=(-0.000,-0.001,1.094)
BONE C_Spine01          head=(-0.000,-0.001,1.094) tail=(-0.000,-0.001,1.340)
BONE L_UpperArm         head=(-0.000,-0.001,1.340) tail=(0.286,-0.001,1.342)
BONE L_Shoulder         head=(0.286,-0.001,1.342) tail=(0.631,-0.001,1.336)
BONE L_Arm              head=(0.631,-0.001,1.336) tail=(0.898,-0.001,1.336)
BONE L_Hand             head=(0.898,-0.001,1.336) tail=(1.160,-0.001,1.289)
BONE R_UpperArm         head=(-0.000,-0.001,1.340) tail=(-0.286,-0.001,1.342)
BONE R_Arm              head=(-0.286,-0.001,1.342) tail=(-0.631,-0.001,1.336)
BONE Pelvis_009_R_002   head=(-0.631,-0.001,1.336) tail=(-0.898,-0.001,1.336)
BONE R_Hand             head=(-0.898,-0.001,1.336) tail=(-1.160,-0.001,1.289)
BONE C_Spine02          head=(-0.000,-0.001,1.340) tail=(-0.000,-0.001,1.461)
BONE C_Neck             head=(-0.000,-0.001,1.461) tail=(-0.000,-0.001,1.532)
BONE C_Head             head=(-0.000,-0.001,1.532) tail=(-0.000,-0.001,1.603)
BONE L_Pelvis           head=(-0.000,-0.001,0.839) tail=(0.105,-0.001,0.837)
BONE L_Thigh            head=(0.105,-0.001,0.837) tail=(0.126,-0.001,0.458)
BONE L_Claf             head=(0.126,-0.001,0.458) tail=(0.149,-0.001,0.037)
BONE L_Foot             head=(0.149,-0.001,0.037) tail=(0.149,-0.423,0.033)
BONE R_Pelvis           head=(-0.000,-0.001,0.839) tail=(-0.105,-0.001,0.837)
BONE R_Thigh            head=(-0.105,-0.001,0.837) tail=(-0.126,-0.001,0.458)
BONE R_Claf             head=(-0.126,-0.001,0.458) tail=(-0.149,-0.001,0.037)
BONE R_Foot             head=(-0.149,-0.001,0.037) tail=(-0.149,-0.423,0.033)
T0 height 1.823 x=[-0.993..0.993] y=[-0.192..0.196]
T0 z=0.800 half-width x=0.194 y=[None..None]
T0 z=0.860 half-width x=0.187 y=[-0.126..0.149]
T0 z=0.900 half-width x=0.218 y=[-0.170..0.163]
T0 z=0.905 half-width x=0.218 y=[-0.169..0.195]
T0 z=0.910 half-width x=0.218 y=[-0.169..0.195]
T0 z=0.950 half-width x=0.210 y=[-0.164..0.187]
T0 z=1.000 half-width x=0.209 y=[-0.178..0.175]
T0 z=1.100 half-width x=0.218 y=[-0.164..0.158]
T0 z=1.200 half-width x=0.245 y=[-0.166..0.173]
T0 z=1.300 half-width x=0.872 y=[-0.146..0.180]
T0 z=1.400 half-width x=0.675 y=[-0.095..0.150]
T0 z=1.460 half-width x=0.141 y=[-0.059..0.112]
T0 z=1.500 half-width x=0.069 y=[-0.069..0.072]
T0 z=1.532 half-width x=0.072 y=[-0.124..0.062]
T0 z=1.540 half-width x=0.072 y=[-0.127..0.058]
T0 z=1.549 half-width x=0.071 y=[-0.127..0.055]
T0 z=1.580 half-width x=0.073 y=[-0.129..0.058]
T0 z=1.650 half-width x=0.098 y=[-0.128..0.100]
T0 z=1.750 half-width x=0.097 y=[-0.118..0.093]
T0 ring z=0.905 r(theta, 15deg steps from +X)=['0.182', '0.182', '0.192', '0.186', '0.189', '0.170', '0.165', '0.171', '0.191', '0.187', '0.192', '0.183', '0.182', '0.184', '0.169', '0.168', '0.155', '0.141', '0.138', '0.142', '0.156', '0.167', '0.168', '0.184']
T0 ring z=1.540 r(theta, 15deg steps from +X)=['0.072', '0.064', '0.062', '0.063', '0.063', '0.058', '0.058', '0.062', '0.064', '0.059', '0.058', '0.062', '0.070', '0.070', '0.066', '0.066', '0.081', '0.130', '0.127', '0.129', '0.094', '0.071', '0.064', '0.066']
T0 leg z=0.30 x=[0.047..0.202] y=[-0.051..0.115]
T0 leg z=0.50 x=[0.044..0.212] y=[-0.101..0.088]
T0 leg z=0.70 x=[0.024..0.202] y=[-0.119..0.107]
T0 leg z=0.80 x=[0.012..0.194] y=[-0.122..0.118]
T0 arm x=0.35 z=[1.249..1.446]
T0 arm x=0.50 z=[1.260..1.420]
T0 arm x=0.70 z=[1.275..1.398]
T0 arm x=0.85 z=[1.295..1.372]
19:36:00 | INFO: Data are loaded, start creating Blender stuff
19:36:00 | INFO: Blender create Mesh node tripo_mesh_c1dfc0cc-d894-4e88-bb96-17439d097d46
19:36:00 | INFO: glTF import finished in 0.01s
NEW shift -0.005430527031421661 0.0008101781606674194 0.925000011920929
NEW height 1.850 x=[-0.894..0.883] y=[-0.204..0.205]
NEW crotch <Vector (0.0000, -0.0010, 0.8508)>
NECK/HEAD profile
 z=1.30 x=[-0.195..0.202] y=[-0.147..0.189]
 z=1.31 x=[-0.197..0.204] y=[-0.144..0.191]
 z=1.32 x=[-0.199..0.205] y=[-0.141..0.192]
 z=1.33 x=[-0.200..0.207] y=[-0.138..0.194]
 z=1.34 x=[-0.202..0.208] y=[-0.135..0.195]
 z=1.35 x=[-0.204..0.210] y=[-0.132..0.196]
 z=1.36 x=[-0.206..0.214] y=[-0.146..0.198]
 z=1.37 x=[-0.211..0.219] y=[-0.148..0.199]
 z=1.38 x=[-0.214..0.223] y=[-0.122..0.200]
 z=1.39 x=[-0.217..0.236] y=[-0.106..0.202]
 z=1.40 x=[-0.235..0.255] y=[-0.100..0.203]
 z=1.41 x=[-0.256..0.275] y=[-0.094..0.204]
 z=1.42 x=[-0.277..0.294] y=[-0.088..0.204]
 z=1.43 x=[-0.298..0.777] y=[-0.082..0.200]
 z=1.44 x=[-0.319..0.777] y=[-0.077..0.197]
 z=1.45 x=[-0.794..0.773] y=[-0.071..0.194]
 z=1.46 x=[-0.793..0.742] y=[-0.065..0.191]
 z=1.47 x=[-0.273..0.259] y=[-0.059..0.188]
 z=1.48 x=[-0.248..0.230] y=[-0.053..0.184]
 z=1.49 x=[-0.220..0.221] y=[-0.046..0.181]
 z=1.50 x=[-0.210..0.209] y=[-0.038..0.178]
 z=1.51 x=[-0.171..0.173] y=[-0.015..0.175]
 z=1.52 x=[-0.114..0.119] y=[-0.017..0.170]
 z=1.53 x=[-0.120..0.127] y=[-0.018..0.163]
 z=1.54 x=[-0.125..0.132] y=[-0.098..0.157]
 z=1.55 x=[-0.126..0.133] y=[-0.103..0.154]
 z=1.56 x=[-0.127..0.134] y=[-0.108..0.156]
 z=1.57 x=[-0.128..0.135] y=[-0.112..0.157]
 z=1.58 x=[-0.128..0.136] y=[-0.107..0.159]
 z=1.59 x=[-0.125..0.132] y=[-0.102..0.160]
 z=1.60 x=[-0.082..0.088] y=[-0.096..0.162]
 z=1.61 x=[-0.080..0.091] y=[-0.103..0.163]
 z=1.62 x=[-0.078..0.092] y=[-0.103..0.161]
 z=1.63 x=[-0.078..0.088] y=[-0.107..0.123]
 z=1.64 x=[-0.078..0.081] y=[-0.102..0.129]
 z=1.65 x=[-0.078..0.081] y=[-0.119..0.136]
 z=1.66 x=[-0.083..0.087] y=[-0.115..0.143]
 z=1.67 x=[-0.089..0.092] y=[-0.110..0.149]
 z=1.68 x=[-0.088..0.091] y=[-0.107..0.152]
 z=1.69 x=[-0.087..0.091] y=[-0.103..0.154]
 z=1.70 x=[-0.086..0.090] y=[-0.100..0.156]
 z=1.71 x=[-0.086..0.089] y=[-0.096..0.157]
 z=1.72 x=[-0.095..0.093] y=[-0.094..0.159]
 z=1.73 x=[-0.101..0.096] y=[-0.091..0.161]
 z=1.74 x=[-0.102..0.098] y=[-0.089..0.161]
 z=1.75 x=[-0.104..0.099] y=[-0.087..0.158]
 z=1.76 x=[-0.101..0.101] y=[-0.085..0.155]
 z=1.77 x=[-0.097..0.101] y=[-0.083..0.152]
 z=1.78 x=[-0.092..0.099] y=[-0.081..0.149]
 z=1.79 x=[-0.084..0.092] y=[-0.082..0.146]
 z=1.80 x=[-0.073..0.086] y=[-0.084..0.142]
 z=1.81 x=[-0.066..0.071] y=[-0.080..0.132]
TORSO profile
 z=0.70 half-width x=0.208 y(x=0)=[None..None] y(x=.12)=[-0.088..0.115]
 z=0.72 half-width x=0.207 y(x=0)=[None..None] y(x=.12)=[-0.091..0.115]
 z=0.74 half-width x=0.205 y(x=0)=[None..None] y(x=.12)=[-0.094..0.115]
 z=0.76 half-width x=0.241 y(x=0)=[-0.198..0.190] y(x=.12)=[-0.159..0.180]
 z=0.78 half-width x=0.245 y(x=0)=[-0.196..0.190] y(x=.12)=[-0.160..0.179]
 z=0.80 half-width x=0.242 y(x=0)=[-0.194..0.189] y(x=.12)=[-0.159..0.177]
 z=0.82 half-width x=0.240 y(x=0)=[-0.192..0.188] y(x=.12)=[-0.159..0.176]
 z=0.84 half-width x=0.237 y(x=0)=[-0.190..0.187] y(x=.12)=[-0.158..0.175]
 z=0.86 half-width x=0.235 y(x=0)=[-0.187..0.187] y(x=.12)=[-0.158..0.173]
 z=0.88 half-width x=0.232 y(x=0)=[-0.186..0.186] y(x=.12)=[-0.158..0.172]
 z=0.90 half-width x=0.230 y(x=0)=[-0.185..0.185] y(x=.12)=[-0.157..0.170]
 z=0.92 half-width x=0.227 y(x=0)=[-0.184..0.185] y(x=.12)=[-0.157..0.169]
 z=0.94 half-width x=0.225 y(x=0)=[-0.183..0.184] y(x=.12)=[-0.158..0.167]
 z=0.96 half-width x=0.223 y(x=0)=[-0.181..0.183] y(x=.12)=[-0.156..0.166]
 z=0.98 half-width x=0.220 y(x=0)=[-0.179..0.181] y(x=.12)=[-0.155..0.163]
 z=1.00 half-width x=0.218 y(x=0)=[-0.177..0.179] y(x=.12)=[-0.153..0.161]
 z=1.02 half-width x=0.215 y(x=0)=[-0.175..0.177] y(x=.12)=[-0.152..0.158]
 z=1.04 half-width x=0.212 y(x=0)=[-0.174..0.175] y(x=.12)=[-0.150..0.155]
 z=1.06 half-width x=0.209 y(x=0)=[-0.172..0.173] y(x=.12)=[-0.148..0.152]
 z=1.08 half-width x=0.206 y(x=0)=[-0.171..0.171] y(x=.12)=[-0.148..0.148]
 z=1.10 half-width x=0.203 y(x=0)=[-0.169..0.169] y(x=.12)=[-0.154..0.145]
 z=1.12 half-width x=0.200 y(x=0)=[-0.168..0.168] y(x=.12)=[-0.147..0.141]
 z=1.14 half-width x=0.196 y(x=0)=[-0.167..0.166] y(x=.12)=[-0.137..0.138]
 z=1.16 half-width x=0.193 y(x=0)=[-0.165..0.167] y(x=.12)=[-0.123..0.137]
 z=1.18 half-width x=0.191 y(x=0)=[-0.164..0.169] y(x=.12)=[-0.118..0.138]
 z=1.20 half-width x=0.190 y(x=0)=[-0.162..0.172] y(x=.12)=[-0.119..0.137]
 z=1.22 half-width x=0.190 y(x=0)=[-0.160..0.175] y(x=.12)=[-0.119..0.140]
 z=1.24 half-width x=0.193 y(x=0)=[-0.158..0.179] y(x=.12)=[-0.121..0.145]
 z=1.26 half-width x=0.196 y(x=0)=[-0.155..0.182] y(x=.12)=[-0.120..0.150]
 z=1.28 half-width x=0.199 y(x=0)=[-0.151..0.186] y(x=.12)=[-0.117..0.156]
ARM profile
 x=0.15 th=0.158 zc=1.480 ydepth=[-0.032..0.170]
 x=0.16 th=0.174 zc=1.300 ydepth=[-0.083..0.143]
 x=0.17 th=0.219 zc=1.264 ydepth=[-0.063..0.115]
 x=0.18 th=0.263 zc=1.285 ydepth=[-0.050..0.105]
 x=0.19 th=0.309 zc=1.308 ydepth=[-0.037..0.096]
 x=0.20 th=0.393 zc=1.318 ydepth=[-0.022..0.084]
 x=0.21 th=0.215 zc=1.431 ydepth=[-0.028..0.164]
 x=0.22 th=0.186 zc=1.443 ydepth=[-0.018..0.160]
 x=0.23 th=0.175 zc=1.445 ydepth=[-0.011..0.158]
 x=0.24 th=0.170 zc=1.445 ydepth=[-0.010..0.158]
 x=0.25 th=0.167 zc=1.445 ydepth=[-0.008..0.157]
 x=0.26 th=0.164 zc=1.446 ydepth=[-0.007..0.157]
 x=0.27 th=0.161 zc=1.448 ydepth=[-0.006..0.157]
 x=0.28 th=0.158 zc=1.448 ydepth=[-0.004..0.156]
 x=0.29 th=0.155 zc=1.449 ydepth=[-0.003..0.156]
 x=0.30 th=0.153 zc=1.449 ydepth=[-0.002..0.156]
 x=0.31 th=0.150 zc=1.450 ydepth=[-0.000..0.156]
 x=0.32 th=0.147 zc=1.450 ydepth=[0.001..0.155]
 x=0.33 th=0.145 zc=1.451 ydepth=[0.002..0.155]
 x=0.34 th=0.143 zc=1.451 ydepth=[0.003..0.154]
 x=0.35 th=0.141 zc=1.451 ydepth=[0.005..0.154]
 x=0.36 th=0.139 zc=1.452 ydepth=[0.005..0.153]
 x=0.37 th=0.138 zc=1.453 ydepth=[0.005..0.152]
 x=0.38 th=0.136 zc=1.453 ydepth=[0.005..0.151]
 x=0.39 th=0.135 zc=1.454 ydepth=[0.007..0.149]
 x=0.40 th=0.133 zc=1.455 ydepth=[0.010..0.149]
 x=0.41 th=0.132 zc=1.456 ydepth=[0.013..0.148]
 x=0.42 th=0.134 zc=1.457 ydepth=[0.016..0.149]
 x=0.43 th=0.137 zc=1.458 ydepth=[0.018..0.151]
 x=0.44 th=0.140 zc=1.458 ydepth=[0.017..0.153]
 x=0.45 th=0.141 zc=1.458 ydepth=[0.015..0.154]
 x=0.46 th=0.139 zc=1.458 ydepth=[0.012..0.153]
 x=0.47 th=0.137 zc=1.458 ydepth=[0.012..0.152]
 x=0.48 th=0.134 zc=1.457 ydepth=[0.014..0.150]
 x=0.49 th=0.131 zc=1.457 ydepth=[0.015..0.149]
 x=0.50 th=0.128 zc=1.457 ydepth=[0.017..0.148]
 x=0.51 th=0.126 zc=1.457 ydepth=[0.018..0.147]
 x=0.52 th=0.123 zc=1.458 ydepth=[0.019..0.146]
 x=0.53 th=0.121 zc=1.459 ydepth=[0.020..0.145]
 x=0.54 th=0.118 zc=1.461 ydepth=[0.021..0.144]
 x=0.55 th=0.115 zc=1.462 ydepth=[0.022..0.143]
 x=0.56 th=0.113 zc=1.463 ydepth=[0.023..0.142]
 x=0.57 th=0.110 zc=1.464 ydepth=[0.024..0.141]
 x=0.58 th=0.108 zc=1.465 ydepth=[0.024..0.140]
 x=0.59 th=0.105 zc=1.466 ydepth=[0.024..0.139]
 x=0.60 th=0.103 zc=1.467 ydepth=[0.024..0.138]
 x=0.61 th=0.110 zc=1.467 ydepth=[0.022..0.141]
 x=0.62 th=0.111 zc=1.466 ydepth=[0.021..0.142]
 x=0.63 th=0.109 zc=1.466 ydepth=[0.022..0.142]
 x=0.64 th=0.107 zc=1.465 ydepth=[0.022..0.142]
 x=0.65 th=0.105 zc=1.465 ydepth=[0.022..0.143]
 x=0.66 th=0.103 zc=1.465 ydepth=[0.022..0.144]
 x=0.67 th=0.051 zc=1.470 ydepth=[0.042..0.112]
 x=0.68 th=0.052 zc=1.470 ydepth=[0.032..0.114]
 x=0.69 th=0.053 zc=1.469 ydepth=[0.022..0.116]
 x=0.70 th=0.054 zc=1.468 ydepth=[0.012..0.117]
 x=0.71 th=0.055 zc=1.468 ydepth=[0.003..0.119]
 x=0.72 th=0.056 zc=1.467 ydepth=[0.003..0.121]
 x=0.73 th=0.056 zc=1.468 ydepth=[0.011..0.123]
 x=0.74 th=0.053 zc=1.471 ydepth=[0.027..0.124]
 x=0.75 th=0.036 zc=1.480 ydepth=[0.045..0.126]
 x=0.76 th=0.034 zc=1.480 ydepth=[0.052..0.124]
 x=0.77 th=0.032 zc=1.479 ydepth=[0.045..0.122]
 x=0.78 th=0.029 zc=1.477 ydepth=[0.038..0.121]
 x=0.79 th=0.027 zc=1.474 ydepth=[0.033..0.120]
 x=0.80 th=0.025 zc=1.471 ydepth=[0.027..0.119]
 x=0.81 th=0.023 zc=1.469 ydepth=[0.027..0.120]
 x=0.82 th=0.022 zc=1.468 ydepth=[0.027..0.121]
 x=0.83 th=0.021 zc=1.466 ydepth=[0.028..0.122]
 x=0.84 th=0.021 zc=1.463 ydepth=[0.029..0.123]
 x=0.85 th=0.020 zc=1.460 ydepth=[0.030..0.116]
 x=0.86 th=0.019 zc=1.457 ydepth=[0.031..0.105]
 x=0.87 th=0.018 zc=1.454 ydepth=[0.051..0.094]
 x=0.88 th=0.004 zc=1.459 ydepth=[0.075..0.089]
 x=0.89 None ydepth=[None..None]
LEG profile (x>0)
 z=0.00 x=[None..None] y=[0.012..0.114]
 z=0.03 x=[0.148..0.264] y=[-0.162..0.120]
 z=0.06 x=[0.143..0.261] y=[-0.155..0.113]
 z=0.09 x=[0.148..0.244] y=[-0.079..0.111]
 z=0.12 x=[0.151..0.232] y=[-0.029..0.126]
 z=0.15 x=[0.141..0.236] y=[-0.027..0.124]
 z=0.18 x=[0.127..0.229] y=[-0.021..0.126]
 z=0.21 x=[0.121..0.234] y=[-0.031..0.134]
 z=0.24 x=[0.122..0.217] y=[-0.024..0.140]
 z=0.27 x=[0.123..0.220] y=[-0.024..0.139]
 z=0.30 x=[0.119..0.221] y=[-0.031..0.139]
 z=0.33 x=[0.114..0.223] y=[-0.039..0.139]
 z=0.36 x=[0.107..0.224] y=[-0.044..0.139]
 z=0.39 x=[0.099..0.221] y=[-0.047..0.139]
 z=0.42 x=[0.088..0.218] y=[-0.050..0.129]
 z=0.45 x=[0.078..0.216] y=[-0.053..0.122]
 z=0.48 x=[0.079..0.217] y=[-0.058..0.112]
 z=0.51 x=[0.072..0.216] y=[-0.063..0.101]
 z=0.54 x=[0.064..0.220] y=[-0.069..0.108]
 z=0.57 x=[0.057..0.218] y=[-0.075..0.110]
 z=0.60 x=[0.051..0.216] y=[-0.077..0.111]
 z=0.63 x=[0.045..0.215] y=[-0.080..0.112]
 z=0.66 x=[0.039..0.212] y=[-0.084..0.114]
 z=0.69 x=[0.033..0.210] y=[-0.087..0.115]
 z=0.72 x=[0.027..0.207] y=[-0.090..0.117]
 z=0.75 x=[0.021..0.204] y=[-0.156..0.179]
 z=0.78 x=[0.015..0.244] y=[-0.156..0.172]
 z=0.81 x=[0.009..0.241] y=[-0.157..0.173]
 z=0.84 x=[0.002..0.237] y=[-0.159..0.175]
 z=0.87 x=[0.233..0.233] y=[-0.041..-0.000]
 z=0.90 x=[0.230..0.230] y=[-0.040..0.000]
 z=0.93 x=[0.226..0.226] y=[-0.050..-0.000]
Blender 5.1.2 (hash ec6e62d40fa9 built 2026-05-19 01:37:34)

Blender quit
