19:38:21 | INFO: Data are loaded, start creating Blender stuff
19:38:21 | INFO: Blender create Mesh node tripo_mesh_c1dfc0cc-d894-4e88-bb96-17439d097d46
19:38:21 | INFO: glTF import finished in 0.01s
PROBE columns: angle from front; value = radius and rgb (00..99 each)
PROBE angles      0              30             60             90             120            150            180            
PROBE z=0.60   ----           ----          0.153 252118  0.216 262219  0.198 262319   ----           ----        
PROBE z=0.62   ----           ----          0.172 262218  0.215 272219  0.197 262319   ----           ----        
PROBE z=0.64   ----           ----          0.172 262219  0.214 262319  0.196 262319   ----           ----        
PROBE z=0.66   ----           ----          0.172 262219  0.212 262319  0.195 262319   ----           ----        
PROBE z=0.68   ----           ----          0.172 252118  0.210 262218  0.195 262218   ----           ----        
PROBE z=0.70   ----           ----          0.173 232016  0.209 242017  0.195 242017   ----           ----        
PROBE z=0.72   ----           ----          0.173 201714  0.207 211814  0.194 211714  0.092 131209   ----        
PROBE z=0.74   ----           ----          0.173 151311  0.205 151310  0.193 141210  0.100 121009   ----        
PROBE z=0.76  0.198 332419  0.194 332418  0.223 322418  0.240 292116  0.233 332317  0.213 332518  0.190 322317
PROBE z=0.78  0.196 332418  0.194 282217  0.226 322417  0.244 342519  0.232 312317  0.212 332519  0.190 322418
PROBE z=0.80  0.194 322418  0.193 232120  0.224 332419  0.242 342519  0.230 322418  0.211 332419  0.189 332419
PROBE z=0.82  0.192 302317  0.192 242321  0.223 322418  0.239 332418  0.228 322418  0.211 322418  0.188 332419
PROBE z=0.84  0.190 322318  0.191 242321  0.222 292216  0.237 332419  0.226 312318  0.210 322418  0.187 322418
PROBE z=0.86  0.187 322418  0.191 232219  0.220 312318  0.234 322418  0.225 312318  0.210 332419  0.187 322318
PROBE z=0.88  0.186 332419  0.190 282218  0.219 312318  0.232 322418  0.223 312318  0.210 332419  0.186 322318
PROBE z=0.90  0.185 332518  0.190 302317  0.218 282116  0.230 322318  0.221 302317  0.209 322418  0.185 322318
PROBE z=0.92  0.184 332519  0.190 302217  0.224 322418  0.227 322418  0.220 312318  0.208 312317  0.185 322418
PROBE z=0.94  0.183 130907  0.189 302317  0.227 332419  0.225 322418  0.218 322418  0.207 312317  0.184 322418
PROBE z=0.96  0.181 232118  0.188 302317  0.223 332419  0.222 322418  0.216 322318  0.206 312317  0.183 322318
PROBE z=0.98  0.179 342520  0.186 312217  0.219 312217  0.220 312317  0.214 312318  0.203 312318  0.181 322418
PROBE z=1.00  0.177 352619  0.185 292216  0.215 312418  0.218 312317  0.211 322318  0.200 312317  0.179 322418
PROBE z=1.02  0.175 352619  0.183 292216  0.212 302317  0.215 322318  0.209 322318  0.197 312317  0.177 322418
PROBE z=1.04  0.174 342519  0.181 292116  0.208 292217  0.212 322418  0.206 322318  0.194 312317  0.175 322419
PROBE z=1.06  0.172 332418  0.180 292116  0.208 332620  0.209 322318  0.204 322318  0.191 312317  0.173 322318
PROBE
PROBE z=1.40  0.130 212016  0.141 191411  0.188 292216  0.371 262015  0.242 292117  0.189 312318  0.173 312318
PROBE z=1.41  0.124 212116  0.138 191410  0.185 292116  0.402 282116  0.251 302217  0.191 312318  0.174 312318
PROBE z=1.42  0.118 262621  0.135 201411  0.180 282116  0.529 272116  0.259 302217  0.191 322418  0.174 312318
PROBE z=1.43  0.112 282924  0.132 181310  0.172 282116  0.545 292217  0.261 302317  0.188 312318  0.170 312317
PROBE z=1.44  0.107 262623  0.176 282115  0.165 272016  0.747 764732  0.259 302317  0.184 312318  0.167 312317
PROBE z=1.45  0.101 212118  0.178 271914  0.158 261914  0.742 683823  0.256 302317  0.181 312318  0.164 302317
PROBE z=1.46  0.095 282824  0.150 241712  0.150 231814  0.850 825237  0.254 302317  0.177 302317  0.161 312318
PROBE z=1.47  0.089 242521  0.095 191914  0.143 211612  0.870 815337  0.252 302317  0.174 312318  0.158 302317
PROBE z=1.48  0.083 272723  0.088 222218  0.136 201510  0.824 825338  0.250 312318  0.170 312317  0.154 312217
PROBE z=1.49  0.076 262622  0.081 282824  0.129 161209  0.736 795036  0.248 312318  0.166 302317  0.151 312217
PROBE z=1.50  0.068 313126  0.074 262622  0.121 090806  0.479 282116  0.246 302317  0.163 302217  0.148 302217
PROBE z=1.51  0.045 231611  0.068 303026  0.131 191410  0.272 292216  0.241 302317  0.159 302217  0.145 292116
PROBE z=1.52  0.047 281510  0.047 110805  0.142 221712  0.226 272016  0.220 332419  0.151 282116  0.140 282116
PROBE z=1.53  0.048 211511  0.049 161008  0.153 251914  0.214 272015  0.180 302317  0.139 282115  0.133 282117
PROBE z=1.54  0.128 383533  0.050 161410  0.163 261914  0.124 181410  0.146 272116  0.127 272016  0.127 282117
PROBE z=1.55  0.133 454138  0.102 312925  0.173 282115  0.124 211612  0.123 251914  0.119 272016  0.124 282116
PROBE z=1.56  0.138 474341  0.114 423835  0.174 302215  0.125 231713  0.123 231813  0.121 272016  0.126 282116
PROBE z=1.57  0.142 454139  0.119 484442  0.164 302317  0.126 231713  0.122 231713  0.123 272016  0.127 282117
PROBE z=1.58  0.137 484442  0.122 474340  0.098 282521  0.126 231713  0.122 231814  0.125 282116  0.129 282116
PROBE z=1.59  0.132 474240  0.125 474240  0.099 312824  0.127 251914  0.121 241914  0.127 282116  0.130 282116
PROBE z=1.60  0.126 464239  0.124 464240  0.100 353128  0.119 181309  0.121 241914  0.129 282116  0.132 282116
PROBE z=1.61  0.133 524035  0.117 474339  0.101 454238  0.080 372316  0.123 271915  0.131 292216  0.133 282116
PROBE z=1.62  0.133 402822  0.111 524539  0.099 434037  0.079 483021  0.080 281914  0.125 261914  0.131 352418
PROBE z=1.63  0.137 474037  0.111 744936  0.095 474240  0.080 503224  0.081 523121  0.089 272422  0.093 302724
PROBE z=1.64  0.132 474037  0.117 765136  0.092 444038  0.091 754933  0.085 593524  0.095 343128  0.099 423936
PROBE z=1.65  0.149 785036  0.120 785236  0.093 413735  0.092 744833  0.094 583526  0.101 393533  0.106 433938
PROBE z=1.66  0.145 785236  0.121 785237  0.094 413734  0.094 724631  0.096 533631  0.107 403734  0.113 434038
PROBE z=1.67  0.140 805237  0.120 795237  0.095 694938  0.096 714430  0.101 413734  0.113 423836  0.119 434037
PROBE z=1.68  0.137 785236  0.118 795237  0.095 755035  0.098 704329  0.106 423936  0.119 423835  0.122 423836
PROBE z=1.69  0.133 785236  0.115 785036  0.094 765136  0.100 684128  0.111 434037  0.121 423836  0.124 413835
PROBE z=1.70  0.130 785236  0.117 684330  0.093 765136  0.102 734331  0.114 434037  0.123 423836  0.126 413735
PROBE z=1.71  0.126 785136  0.123 373229  0.091 765036  0.096 383532  0.117 433936  0.124 423936  0.127 403734
PROBE
HEADBOX z 1.62..1.72: x -0.116..0.119 y -0.120..0.155 (centre y 0.017)
HEADBOX z 1.72..1.80: x -0.116..0.112 y -0.099..0.162 (centre y 0.032)
Blender 5.1.2 (hash ec6e62d40fa9 built 2026-05-19 01:37:34)

Blender quit
