00:00.297  blend            | Read blend: "E:\game-dev-team\assets\izba_slate\_work\_src_import.blend"
00:02.688  render           | Saved: 'E:\game-dev-team\assets\izba_slate\_work\_srcflat_pY.png'
00:03.078  render           | Saved: 'E:\game-dev-team\assets\izba_slate\_work\_srcflat_mY.png'
00:03.453  render           | Saved: 'E:\game-dev-team\assets\izba_slate\_work\_srcflat_pX.png'
00:03.813  render           | Saved: 'E:\game-dev-team\assets\izba_slate\_work\_srcflat_mX.png'
00:04.219  render           | Saved: 'E:\game-dev-team\assets\izba_slate\_work\_srcflat_doorq.png'
UV active UVMap render ['UVMap']
UV UVMap min [-0. -0.] max [1. 1.]
UV UVMap.001 min [-0. -0.] max [1. 1.]
ISLANDS 48
ISL   2 tris  268 min [ 4.81 -3.55  0.  ] max [ 4.94 -2.94  1.02] size [0.13 0.62 1.02] cols [('000000', 0.33), ('733B1E', 0.23), ('633509', 0.18)]
ISL   3 tris  268 min [ 4.81 -2.14  0.  ] max [ 4.94 -1.53  1.02] size [0.13 0.62 1.02] cols [('000000', 0.33), ('733B1E', 0.23), ('633509', 0.18)]
ISL   4 tris  268 min [ 4.81 -2.85  0.  ] max [ 4.94 -2.23  1.02] size [0.13 0.62 1.02] cols [('000000', 0.33), ('733B1E', 0.23), ('633509', 0.18)]
ISL  17 tris  268 min [ 3.47 -1.31  0.02] max [ 4.08 -1.18  1.03] size [0.62 0.13 1.02] cols [('000000', 0.33), ('733B1E', 0.23), ('633509', 0.18)]
ISL   1 tris  244 min [ 1.62 -3.84 -0.34] max [ 4.93 -1.23  1.27] size [3.31 2.61 1.6 ] cols [('5A2F1B', 9.02), ('734027', 8.08), ('5D5E70', 6.77)]
ISL   0 tris  234 min [ 1.27 -4.    1.21] max [ 5.12 -1.07  2.28] size [3.85 2.93 1.08] cols [('5A2F1B', 13.65), ('734027', 2.93), ('66351F', 2.85)]
ISL  15 tris   96 min [ 2.11 -1.29 -0.06] max [ 2.85 -1.19  1.16] size [0.74 0.11 1.21] cols [('7C4125', 1.05)]
ISL  16 tris   44 min [ 1.96 -1.31 -0.33] max [ 3.36 -0.56 -0.05] size [1.4  0.76 0.28] cols [('7C4125', 2.51)]
ISL   5 tris   20 min [ 4.65 -1.53  0.95] max [ 4.97 -1.23  1.21] size [0.31 0.3  0.26] cols [('733B1E', 0.12), ('7C4125', 0.05), ('734027', 0.04)]
ISL   6 tris   20 min [ 4.65 -1.53  0.67] max [ 4.97 -1.23  0.93] size [0.31 0.3  0.26] cols [('733B1E', 0.12), ('7C4125', 0.05), ('000000', 0.04)]
ISL   7 tris   20 min [ 4.65 -1.53  0.39] max [ 4.97 -1.23  0.65] size [0.31 0.3  0.26] cols [('733B1E', 0.12), ('7C4125', 0.05), ('734027', 0.04)]
ISL   8 tris   20 min [ 4.65 -1.53  0.1 ] max [ 4.97 -1.23  0.36] size [0.31 0.3  0.26] cols [('733B1E', 0.12), ('7C4125', 0.05), ('734027', 0.04)]
ISL   9 tris   20 min [ 4.65 -1.53 -0.18] max [ 4.97 -1.23  0.08] size [0.31 0.3  0.26] cols [('733B1E', 0.12), ('7C4125', 0.05), ('734027', 0.04)]
ISL  10 tris   20 min [ 4.58 -1.45  0.95] max [ 4.88 -1.14  1.21] size [0.3  0.31 0.26] cols [('733B1E', 0.12), ('7C4125', 0.05), ('0C0705', 0.04)]
ISL  11 tris   20 min [ 4.58 -1.45  0.67] max [ 4.88 -1.14  0.93] size [0.3  0.31 0.26] cols [('733B1E', 0.12), ('7C4125', 0.05), ('0C0705', 0.04)]
ISL  12 tris   20 min [ 4.58 -1.45  0.39] max [ 4.88 -1.14  0.65] size [0.3  0.31 0.26] cols [('733B1E', 0.12), ('7C4125', 0.05), ('0C0705', 0.04)]
ISL  13 tris   20 min [ 4.58 -1.45  0.1 ] max [ 4.88 -1.14  0.36] size [0.3  0.31 0.26] cols [('733B1E', 0.12), ('7C4125', 0.05), ('000000', 0.04)]
ISL  14 tris   20 min [ 4.58 -1.45 -0.18] max [ 4.88 -1.14  0.08] size [0.3  0.31 0.26] cols [('733B1E', 0.12), ('7C4125', 0.05), ('0C0705', 0.04)]
ISL  18 tris   20 min [ 4.58 -3.94  0.95] max [ 4.88 -3.62  1.21] size [0.3  0.31 0.26] cols [('733B1E', 0.12), ('7C4125', 0.05), ('734027', 0.04)]
ISL  19 tris   20 min [ 4.58 -3.94  0.67] max [ 4.88 -3.62  0.93] size [0.3  0.31 0.26] cols [('733B1E', 0.12), ('7C4125', 0.05), ('734027', 0.04)]
ISL  20 tris   20 min [ 4.58 -3.94  0.39] max [ 4.88 -3.62  0.65] size [0.3  0.31 0.26] cols [('733B1E', 0.12), ('7C4125', 0.05), ('0C0705', 0.04)]
ISL  21 tris   20 min [ 4.58 -3.94  0.1 ] max [ 4.88 -3.62  0.36] size [0.3  0.31 0.26] cols [('733B1E', 0.12), ('7C4125', 0.05), ('0C0705', 0.04)]
ISL  22 tris   20 min [ 4.58 -3.94 -0.18] max [ 4.88 -3.62  0.08] size [0.3  0.31 0.26] cols [('733B1E', 0.12), ('7C4125', 0.05), ('734027', 0.04)]
ISL  23 tris   20 min [ 4.66 -3.85  0.95] max [ 4.97 -3.55  1.21] size [0.31 0.3  0.26] cols [('733B1E', 0.12), ('7C4125', 0.05), ('000000', 0.04)]
ISL  24 tris   20 min [ 4.66 -3.85  0.67] max [ 4.97 -3.55  0.93] size [0.31 0.3  0.26] cols [('733B1E', 0.12), ('7C4125', 0.05), ('633509', 0.04)]
ISL  25 tris   20 min [ 4.66 -3.85  0.39] max [ 4.97 -3.55  0.65] size [0.31 0.3  0.26] cols [('733B1E', 0.12), ('7C4125', 0.05), ('000000', 0.04)]
ISL  26 tris   20 min [ 4.66 -3.85  0.1 ] max [ 4.97 -3.55  0.36] size [0.31 0.3  0.26] cols [('733B1E', 0.12), ('7C4125', 0.05), ('000000', 0.04)]
ISL  27 tris   20 min [ 4.66 -3.85 -0.18] max [ 4.97 -3.55  0.08] size [0.31 0.3  0.26] cols [('733B1E', 0.12), ('7C4125', 0.05), ('000000', 0.04)]
ISL  28 tris   20 min [ 1.57 -3.85  0.95] max [ 1.89 -3.55  1.21] size [0.31 0.3  0.26] cols [('733B1E', 0.12), ('7C4125', 0.05), ('000000', 0.04)]
ISL  29 tris   20 min [ 1.57 -3.85  0.67] max [ 1.89 -3.55  0.93] size [0.31 0.3  0.26] cols [('733B1E', 0.12), ('7C4125', 0.05), ('633509', 0.04)]
ISL  30 tris   20 min [ 1.57 -3.85  0.39] max [ 1.89 -3.55  0.65] size [0.31 0.3  0.26] cols [('733B1E', 0.12), ('7C4125', 0.05), ('633509', 0.04)]
ISL  31 tris   20 min [ 1.57 -3.85  0.1 ] max [ 1.89 -3.55  0.36] size [0.31 0.3  0.26] cols [('733B1E', 0.12), ('7C4125', 0.05), ('633509', 0.04)]
ISL  32 tris   20 min [ 1.57 -3.85 -0.18] max [ 1.89 -3.55  0.08] size [0.31 0.3  0.26] cols [('733B1E', 0.12), ('7C4125', 0.05), ('633509', 0.04)]
ISL  33 tris   20 min [ 1.66 -3.94  0.95] max [ 1.96 -3.62  1.21] size [0.3  0.31 0.26] cols [('733B1E', 0.12), ('7C4125', 0.05), ('734027', 0.04)]
ISL  34 tris   20 min [ 1.66 -3.94  0.67] max [ 1.96 -3.62  0.93] size [0.3  0.31 0.26] cols [('733B1E', 0.12), ('7C4125', 0.05), ('0C0705', 0.04)]
ISL  35 tris   20 min [ 1.66 -3.94  0.39] max [ 1.96 -3.62  0.65] size [0.3  0.31 0.26] cols [('733B1E', 0.12), ('7C4125', 0.05), ('0C0705', 0.04)]
ISL  36 tris   20 min [ 1.66 -3.94  0.1 ] max [ 1.96 -3.62  0.36] size [0.3  0.31 0.26] cols [('733B1E', 0.12), ('7C4125', 0.05), ('0C0705', 0.04)]
ISL  37 tris   20 min [ 1.66 -3.94 -0.18] max [ 1.96 -3.62  0.08] size [0.3  0.31 0.26] cols [('733B1E', 0.12), ('7C4125', 0.05), ('0C0705', 0.04)]
ISL  38 tris   20 min [ 1.66 -1.45  0.95] max [ 1.96 -1.13  1.21] size [0.3  0.31 0.26] cols [('733B1E', 0.12), ('7C4125', 0.05), ('0C0705', 0.04)]
ISL  39 tris   20 min [ 1.66 -1.45  0.67] max [ 1.96 -1.13  0.93] size [0.3  0.31 0.26] cols [('733B1E', 0.12), ('7C4125', 0.05), ('0C0705', 0.04)]
ISL  40 tris   20 min [ 1.66 -1.45  0.39] max [ 1.96 -1.13  0.65] size [0.3  0.31 0.26] cols [('733B1E', 0.12), ('7C4125', 0.05), ('0C0705', 0.04)]
ISL  41 tris   20 min [ 1.66 -1.45  0.1 ] max [ 1.96 -1.13  0.36] size [0.3  0.31 0.26] cols [('733B1E', 0.12), ('7C4125', 0.05), ('734027', 0.04)]
ISL  42 tris   20 min [ 1.66 -1.45 -0.18] max [ 1.96 -1.13  0.08] size [0.3  0.31 0.26] cols [('733B1E', 0.12), ('7C4125', 0.05), ('734027', 0.04)]
ISL  43 tris   20 min [ 1.57 -1.52  0.95] max [ 1.89 -1.22  1.21] size [0.31 0.3  0.26] cols [('733B1E', 0.12), ('7C4125', 0.05), ('734027', 0.04)]
ISL  44 tris   20 min [ 1.57 -1.52  0.67] max [ 1.89 -1.22  0.93] size [0.31 0.3  0.26] cols [('733B1E', 0.12), ('7C4125', 0.05), ('734027', 0.04)]
ISL  45 tris   20 min [ 1.57 -1.52  0.39] max [ 1.89 -1.22  0.65] size [0.31 0.3  0.26] cols [('733B1E', 0.12), ('7C4125', 0.05), ('0C0705', 0.04)]
ISL  46 tris   20 min [ 1.57 -1.52  0.1 ] max [ 1.89 -1.22  0.36] size [0.31 0.3  0.26] cols [('733B1E', 0.12), ('7C4125', 0.05), ('0C0705', 0.04)]
ISL  47 tris   20 min [ 1.57 -1.52 -0.18] max [ 1.89 -1.22  0.08] size [0.31 0.3  0.26] cols [('733B1E', 0.12), ('7C4125', 0.05), ('0C0705', 0.04)]
RENDER E:/game-dev-team/assets/izba_slate/_work/_srcflat_pY.png
RENDER E:/game-dev-team/assets/izba_slate/_work/_srcflat_mY.png
RENDER E:/game-dev-team/assets/izba_slate/_work/_srcflat_pX.png
RENDER E:/game-dev-team/assets/izba_slate/_work/_srcflat_mX.png
RENDER E:/game-dev-team/assets/izba_slate/_work/_srcflat_doorq.png
Blender 5.1.2 (hash ec6e62d40fa9 built 2026-05-19 01:37:34)

Blender quit
