E:\game-dev-team\assets\loot_bag\10_build_loot_bags.py:216: DeprecationWarning: 'Material.use_nodes' is expected to be removed in Blender 6.0
  mat.use_nodes = True
BUILD SM_LootSack      tris=180 verts=98 dims=(0.355,0.386,0.375) signed_vol=+0.01747 nonmanifold_edges=0 dup_faces=0
BUILD SM_LootBackpack  tris=160 verts=100 dims=(0.260,0.203,0.340) signed_vol=+0.01153 nonmanifold_edges=0 dup_faces=0
Info: Saved as "loot_bag.blend"
SAVED E:/game-dev-team/assets/loot_bag/loot_bag.blend

FBX export starting... 'E:/game-dev-team/assets/loot_bag/SM_LootSack.fbx'
export finished in 0.0039 sec.
EXPORTED E:/game-dev-team/assets/loot_bag/SM_LootSack.fbx

FBX export starting... 'E:/game-dev-team/assets/loot_bag/SM_LootBackpack.fbx'
export finished in 0.0032 sec.
EXPORTED E:/game-dev-team/assets/loot_bag/SM_LootBackpack.fbx
FBX version: 7400
VERIFY SM_LootSack imported_meshes=1
VERIFY SM_LootSack tris=180 verts=98 dims_m=(0.355,0.386,0.375)
VERIFY SM_LootSack origin=(0.0000,0.0000,0.0000) scale=(1.000,1.000,1.000) bbox_z=[-0.0000..0.3750] xy_center=(0.0000,0.0000)
VERIFY SM_LootSack vcol_attr=Col/CORNER/BYTE_COLOR census=[('#342513', 48), ('#411A08', 24), ('#525A43', 24), ('#BE5D07', 84)]
VERIFY SM_LootSack color_mapping=[('#342513', 48, '#7D6A4E', 'LINEAR'), ('#411A08', 24, '#8A5A32', 'LINEAR'), ('#525A43', 24, '#9AA08C', 'LINEAR'), ('#BE5D07', 84, '#E0A32E', 'LINEAR')]
VERIFY SM_LootSack palette_check=PASS off_palette={} magenta_faces=0
VERIFY SM_LootSack uv_u=[0.007..0.991] uv_v=[0.007..0.993] materials=['M_LootSack']
VERIFY SM_LootSack tri_budget<=200: PASS (180)
FBX version: 7400
VERIFY SM_LootBackpack imported_meshes=1
VERIFY SM_LootBackpack tris=160 verts=100 dims_m=(0.260,0.203,0.340)
VERIFY SM_LootBackpack origin=(0.0000,0.0000,0.0000) scale=(1.000,1.000,1.000) bbox_z=[-0.0000..0.3400] xy_center=(0.0000,0.0000)
VERIFY SM_LootBackpack vcol_attr=Col/CORNER/BYTE_COLOR census=[('#030402', 64), ('#1A2029', 12), ('#411A08', 48), ('#BE5D07', 36)]
VERIFY SM_LootBackpack color_mapping=[('#030402', 64, '#1B2018', 'LINEAR'), ('#1A2029', 12, '#5A6470', 'LINEAR'), ('#411A08', 48, '#8A5A32', 'LINEAR'), ('#BE5D07', 36, '#E0A32E', 'LINEAR')]
VERIFY SM_LootBackpack palette_check=PASS off_palette={} magenta_faces=0
VERIFY SM_LootBackpack uv_u=[0.010..0.984] uv_v=[0.010..0.990] materials=['M_LootBackpack']
VERIFY SM_LootBackpack tri_budget<=200: PASS (160)
DONE
Blender 5.1.2 (hash ec6e62d40fa9 built 2026-05-19 01:37:34)

Blender quit
